Archive member included because of file (symbol)

c:\Users\asus\AppData\Roaming\Code\User\globalStorage\vexrobotics.vexcode\sdk\cpp\V5\V5_20240223_11_00_00/vexv5\libv5rt.a(v5_startup.c.obj)
                              (vexStartup)
c:\Users\asus\AppData\Roaming\Code\User\globalStorage\vexrobotics.vexcode\sdk\cpp\V5\V5_20240223_11_00_00/vexv5\libv5rt.a(v5_util.c.obj)
                              c:\Users\asus\AppData\Roaming\Code\User\globalStorage\vexrobotics.vexcode\sdk\cpp\V5\V5_20240223_11_00_00/vexv5\libv5rt.a(v5_startup.c.obj) (vexStdlibVersionLinked)
c:\Users\asus\AppData\Roaming\Code\User\globalStorage\vexrobotics.vexcode\sdk\cpp\V5\V5_20240223_11_00_00/vexv5\libv5rt.a(v5_apijump.c.obj)
                              c:\Users\asus\AppData\Roaming\Code\User\globalStorage\vexrobotics.vexcode\sdk\cpp\V5\V5_20240223_11_00_00/vexv5\libv5rt.a(v5_startup.c.obj) (vexPrivateApiEnable)
c:\Users\asus\AppData\Roaming\Code\User\globalStorage\vexrobotics.vexcode\sdk\cpp\V5\V5_20240223_11_00_00/vexv5\libv5rt.a(v5_apiversions.c.obj)
                              c:\Users\asus\AppData\Roaming\Code\User\globalStorage\vexrobotics.vexcode\sdk\cpp\V5\V5_20240223_11_00_00/vexv5\libv5rt.a(v5_apijump.c.obj) (vexSystemVersion)
c:\Users\asus\AppData\Roaming\Code\User\globalStorage\vexrobotics.vexcode\sdk\cpp\V5\V5_20240223_11_00_00/vexv5\libv5rt.a(vex_global.cpp.obj)
                              build/src/main.o (vex::wait(double, vex::timeUnits))
c:\Users\asus\AppData\Roaming\Code\User\globalStorage\vexrobotics.vexcode\sdk\cpp\V5\V5_20240223_11_00_00/vexv5\libv5rt.a(vex_device.cpp.obj)
                              build/src/ai_robot_link.o (vex::device::value())
c:\Users\asus\AppData\Roaming\Code\User\globalStorage\vexrobotics.vexcode\sdk\cpp\V5\V5_20240223_11_00_00/vexv5\libv5rt.a(vex_motor.cpp.obj)
                              build/src/main.o (vex::motor::~motor())
c:\Users\asus\AppData\Roaming\Code\User\globalStorage\vexrobotics.vexcode\sdk\cpp\V5\V5_20240223_11_00_00/vexv5\libv5rt.a(vex_gps.cpp.obj)
                              build/src/main.o (vex::gps::~gps())
c:\Users\asus\AppData\Roaming\Code\User\globalStorage\vexrobotics.vexcode\sdk\cpp\V5\V5_20240223_11_00_00/vexv5\libv5rt.a(vex_thread.cpp.obj)
                              build/src/main.o (vex::thread::thread(int (*)()))
c:\Users\asus\AppData\Roaming\Code\User\globalStorage\vexrobotics.vexcode\sdk\cpp\V5\V5_20240223_11_00_00/vexv5\libv5rt.a(vex_event.cpp.obj)
                              c:\Users\asus\AppData\Roaming\Code\User\globalStorage\vexrobotics.vexcode\sdk\cpp\V5\V5_20240223_11_00_00/vexv5\libv5rt.a(vex_gps.cpp.obj) (vex::event::init(unsigned long, unsigned long, void (*)()))
c:\Users\asus\AppData\Roaming\Code\User\globalStorage\vexrobotics.vexcode\sdk\cpp\V5\V5_20240223_11_00_00/vexv5\libv5rt.a(vex_brain.cpp.obj)
                              build/src/dashboard.o (vex::brain::lcd::setFont(vex::fontType))
c:\Users\asus\AppData\Roaming\Code\User\globalStorage\vexrobotics.vexcode\sdk\cpp\V5\V5_20240223_11_00_00/vexv5\libv5rt.a(vex_competition.cpp.obj)
                              build/src/main.o (vex::competition::competition())
c:\Users\asus\AppData\Roaming\Code\User\globalStorage\vexrobotics.vexcode\sdk\cpp\V5\V5_20240223_11_00_00/vexv5\libv5rt.a(vex_triport.cpp.obj)
                              c:\Users\asus\AppData\Roaming\Code\User\globalStorage\vexrobotics.vexcode\sdk\cpp\V5\V5_20240223_11_00_00/vexv5\libv5rt.a(vex_brain.cpp.obj) (vex::triport::~triport())
c:\Users\asus\AppData\Roaming\Code\User\globalStorage\vexrobotics.vexcode\sdk\cpp\V5\V5_20240223_11_00_00/vexv5\libv5rt.a(vex_color.cpp.obj)
                              build/src/dashboard.o (vex::color::~color())
c:\Users\asus\AppData\Roaming\Code\User\globalStorage\vexrobotics.vexcode\sdk\cpp\V5\V5_20240223_11_00_00/vexv5\libv5rt.a(vex_timer.cpp.obj)
                              build/src/ai_robot_link.o (vex::timer::~timer())
c:\Users\asus\AppData\Roaming\Code\User\globalStorage\vexrobotics.vexcode\sdk\cpp\V5\V5_20240223_11_00_00/vexv5\libv5rt.a(vex_drivetrain.cpp.obj)
                              build/src/ai_functions.o (vex::drivetrain::turn(vex::turnType, double, vex::velocityUnits))
c:\Users\asus\AppData\Roaming\Code\User\globalStorage\vexrobotics.vexcode\sdk\cpp\V5\V5_20240223_11_00_00/vexv5\libv5rt.a(vex_smartdrive.cpp.obj)
                              build/src/main.o (vex::smartdrive::~smartdrive())
c:\Users\asus\AppData\Roaming\Code\User\globalStorage\vexrobotics.vexcode\sdk\cpp\V5\V5_20240223_11_00_00/vexv5\libv5rt.a(vex_vexlink.cpp.obj)
                              build/src/ai_robot_link.o (vex::serial_link::~serial_link())
c:\Users\asus\AppData\Roaming\Code\User\globalStorage\vexrobotics.vexcode\sdk\cpp\V5\V5_20240223_11_00_00/vexv5\libv5rt.a(v5_apiuser.c.obj)
                              c:\Users\asus\AppData\Roaming\Code\User\globalStorage\vexrobotics.vexcode\sdk\cpp\V5\V5_20240223_11_00_00/vexv5\libv5rt.a(vex_triport.cpp.obj) (vexAdiPortConfigSet)
[...]
Memory Configuration

Name             Origin             Length             Attributes
ps7_ddr_0_S_AXI_BASEADDR 0x03800000         0x04800000
*default*        0x00000000         0xffffffff

Linker script and memory map

                0x00002000                _STACK_SIZE = DEFINED (_STACK_SIZE)?_STACK_SIZE:0x2000
                0x00100000                _HEAP_SIZE = DEFINED (_HEAP_SIZE)?_HEAP_SIZE:0x100000
                0x00000400                _ABORT_STACK_SIZE = DEFINED (_ABORT_STACK_SIZE)?_ABORT_STACK_SIZE:0x400
                0x00000800                _SUPERVISOR_STACK_SIZE = DEFINED (_SUPERVISOR_STACK_SIZE)?_SUPERVISOR_STACK_SIZE:0x800
                0x00000400                _IRQ_STACK_SIZE = DEFINED (_IRQ_STACK_SIZE)?_IRQ_STACK_SIZE:0x400
                0x00000400                _FIQ_STACK_SIZE = DEFINED (_FIQ_STACK_SIZE)?_FIQ_STACK_SIZE:0x400
                0x00000400                _UNDEF_STACK_SIZE = DEFINED (_UNDEF_STACK_SIZE)?_UNDEF_STACK_SIZE:0x400

.text           0x03800000     0x6e60
 *(.vectors)
 *(.boot_data)
 .boot_data     0x03800000       0x20 c:\Users\asus\AppData\Roaming\Code\User\globalStorage\vexrobotics.vexcode\sdk\cpp\V5\V5_20240223_11_00_00/vexv5\libv5rt.a(v5_startup.c.obj)
                0x03800000                vexCodeSig
                0x00000020                . = 0x20
 *(.boot)
 .boot          0x03800020       0xbc c:\Users\asus\AppData\Roaming\Code\User\globalStorage\vexrobotics.vexcode\sdk\cpp\V5\V5_20240223_11_00_00/vexv5\libv5rt.a(v5_startup.c.obj)
                0x03800020                vexStartup
                0x03800100                . = ALIGN (0x40)
 *fill*         0x038000dc       0x24 
 *(.freertos_vectors)
 *(.text)
 .text          0x03800100       0x9a c:\Users\asus\AppData\Roaming\Code\User\globalStorage\vexrobotics.vexcode\sdk\cpp\V5\V5_20240223_11_00_00/vexv5/gcc/libs\libc.a(lib_a-aeabi_memset-soft.o)
                0x03800100                __aeabi_memset8
                0x03800100                __aeabi_memset
                0x03800100                __aeabi_memset4
 *(.text.*)
 *fill*         0x0380019a        0x6 
 .text._Z14auto_Isolationv
                0x038001a0       0xd0 build/src/main.o
                0x038001a0                auto_Isolation()
 .text._Z14autonomousMainv
                0x03800270       0x28 build/src/main.o
                0x03800270                autonomousMain()
 .text.main     0x03800298       0xf8 build/src/main.o
                0x03800298                main
 .text._GLOBAL__sub_I_main.cpp
                0x03800390      0x2a0 build/src/main.o
 .text._Z13dashboardTaskv
                0x03800630      0x7cc build/src/dashboard.o
                0x03800630                dashboardTask()
 *fill*         0x03800dfc        0x4 
 .text._Z16calculateBearingdddd
                0x03800e00       0xb0 build/src/ai_functions.o
                0x03800e00                calculateBearing(double, double, double, double)
 .text._Z6turnTodii
                0x03800eb0      0x128 build/src/ai_functions.o
                0x03800eb0                turnTo(double, int, int)
 .text._Z8driveForidi
                0x03800fd8      0x130 build/src/ai_functions.o
                0x03800fd8                driveFor(int, double, int)
 .text._Z14moveToPositionddd
                0x03801108      0x1f8 build/src/ai_functions.o
                0x03801108                moveToPosition(double, double, double)
 .text._Z10findTargeti
                0x03801300      0x120 build/src/ai_functions.o
                0x03801300                findTarget(int)
 .text._Z10goToObject6OBJECT
                0x03801420      0x104 build/src/ai_functions.o
                0x03801420                goToObject(OBJECT)
 *fill*         0x03801524        0x4 
 .text._Z8grabRingv
                0x03801528       0x80 build/src/ai_functions.o
                0x03801528                grabRing()
 .text._Z8dropRingv
                0x038015a8       0x88 build/src/ai_functions.o
                0x038015a8                dropRing()
 .text._GLOBAL__sub_I_ai_functions.cpp
                0x03801630       0x34 build/src/ai_functions.o
 .text._ZN2ai10robot_linkC2ElPKcN3vex8linkTypeE
                0x03801664       0x98 build/src/ai_robot_link.o
                0x03801664                ai::robot_link::robot_link(long, char const*, vex::linkType)
                0x03801664                ai::robot_link::robot_link(long, char const*, vex::linkType)
 .text._ZN2ai10robot_link7tx_taskEPv
                0x038016fc       0xe0 build/src/ai_robot_link.o
                0x038016fc                ai::robot_link::tx_task(void*)
 .text._ZN2ai10robot_link7rx_taskEPv
                0x038017dc       0x8c build/src/ai_robot_link.o
                0x038017dc                ai::robot_link::rx_task(void*)
 .text._ZN2ai10robot_linkD2Ev
                0x03801868       0x4c build/src/ai_robot_link.o
                0x03801868                ai::robot_link::~robot_link()
                0x03801868                ai::robot_link::~robot_link()
 .text._ZN2ai10robot_linkD0Ev
                0x038018b4       0x14 build/src/ai_robot_link.o
                0x038018b4                ai::robot_link::~robot_link()
 .text._ZN2ai10robot_link11get_packetsEv
                0x038018c8        0x8 build/src/ai_robot_link.o
                0x038018c8                ai::robot_link::get_packets()
 .text._ZN2ai10robot_link10get_errorsEv
                0x038018d0        0x8 build/src/ai_robot_link.o
                0x038018d0                ai::robot_link::get_errors()
 .text._ZN2ai10robot_link12get_timeoutsEv
                0x038018d8        0x8 build/src/ai_robot_link.o
                0x038018d8                ai::robot_link::get_timeouts()
 .text._ZN2ai10robot_link9get_totalEv
                0x038018e0        0x8 build/src/ai_robot_link.o
                0x038018e0                ai::robot_link::get_total()
 .text._ZN2ai10robot_link19set_remote_locationEfffl
                0x038018e8       0x78 build/src/ai_robot_link.o
                0x038018e8                ai::robot_link::set_remote_location(float, float, float, long)
 .text._ZN2ai10robot_link18get_local_locationERfS1_S1_Rl
                0x03801960       0x88 build/src/ai_robot_link.o
                0x03801960                ai::robot_link::get_local_location(float&, float&, float&, long&)
 .text._ZN2ai10robot_link19get_remote_locationERfS1_S1_
                0x038019e8       0x7c build/src/ai_robot_link.o
                0x038019e8                ai::robot_link::get_remote_location(float&, float&, float&)
 .text._ZN2ai10robot_link7processEh
                0x03801a64      0x258 build/src/ai_robot_link.o
                0x03801a64                ai::robot_link::process(unsigned char)
 .text._ZN2ai6jetsonC2Ev
                0x03801cbc       0x60 build/src/ai_jetson.o
                0x03801cbc                ai::jetson::jetson()
                0x03801cbc                ai::jetson::jetson()
 .text._ZN2ai6jetson12receive_taskEPv
                0x03801d1c       0x8c build/src/ai_jetson.o
                0x03801d1c                ai::jetson::receive_task(void*)
 .text._ZN2ai6jetsonD2Ev
                0x03801da8       0x28 build/src/ai_jetson.o
                0x03801da8                ai::jetson::~jetson()
                0x03801da8                ai::jetson::~jetson()
 .text._ZN2ai6jetson11get_packetsEv
                0x03801dd0        0x8 build/src/ai_jetson.o
                0x03801dd0                ai::jetson::get_packets()
 .text._ZN2ai6jetson10get_errorsEv
                0x03801dd8        0x8 build/src/ai_jetson.o
                0x03801dd8                ai::jetson::get_errors()
 .text._ZN2ai6jetson12get_timeoutsEv
                0x03801de0        0x8 build/src/ai_jetson.o
                0x03801de0                ai::jetson::get_timeouts()
 .text._ZN2ai6jetson9get_totalEv
                0x03801de8        0x8 build/src/ai_jetson.o
                0x03801de8                ai::jetson::get_total()
 .text._ZN2ai6jetson8get_dataEP9AI_RECORD
                0x03801df0       0x5c build/src/ai_jetson.o
                0x03801df0                ai::jetson::get_data(AI_RECORD*)
 .text._ZN2ai6jetson5crc32EPhmm
                0x03801e4c       0x84 build/src/ai_jetson.o
                0x03801e4c                ai::jetson::crc32(unsigned char*, unsigned long, unsigned long)
 .text._ZN2ai6jetson5parseEh
                0x03801ed0      0x31c build/src/ai_jetson.o
                0x03801ed0                ai::jetson::parse(unsigned char)
 .text._ZN2ai6jetson11request_mapEv
                0x038021ec       0x88 build/src/ai_jetson.o
                0x038021ec                ai::jetson::request_map()
 .text.vexMain  0x03802274       0xb0 c:\Users\asus\AppData\Roaming\Code\User\globalStorage\vexrobotics.vexcode\sdk\cpp\V5\V5_20240223_11_00_00/vexv5\libv5rt.a(v5_startup.c.obj)
                0x03802274                vexMain
 .text.__vex_function_prolog
                0x03802324       0x18 c:\Users\asus\AppData\Roaming\Code\User\globalStorage\vexrobotics.vexcode\sdk\cpp\V5\V5_20240223_11_00_00/vexv5\libv5rt.a(v5_startup.c.obj)
                0x03802324                __vex_function_prolog
 .text._init    0x0380233c        0x4 c:\Users\asus\AppData\Roaming\Code\User\globalStorage\vexrobotics.vexcode\sdk\cpp\V5\V5_20240223_11_00_00/vexv5\libv5rt.a(v5_startup.c.obj)
                0x0380233c                _init
 .text._fini    0x03802340        0x4 c:\Users\asus\AppData\Roaming\Code\User\globalStorage\vexrobotics.vexcode\sdk\cpp\V5\V5_20240223_11_00_00/vexv5\libv5rt.a(v5_startup.c.obj)
                0x03802340                _fini
 .text.vexStdlibVersionLinked
                0x03802344        0xc c:\Users\asus\AppData\Roaming\Code\User\globalStorage\vexrobotics.vexcode\sdk\cpp\V5\V5_20240223_11_00_00/vexv5\libv5rt.a(v5_util.c.obj)
                0x03802344                vexStdlibVersionLinked
 .text.vexStdlibVersionVerify
                0x03802350       0x30 c:\Users\asus\AppData\Roaming\Code\User\globalStorage\vexrobotics.vexcode\sdk\cpp\V5\V5_20240223_11_00_00/vexv5\libv5rt.a(v5_util.c.obj)
                0x03802350                vexStdlibVersionVerify
 .text.vexPrivateApiEnable
                0x03802380       0x10 c:\Users\asus\AppData\Roaming\Code\User\globalStorage\vexrobotics.vexcode\sdk\cpp\V5\V5_20240223_11_00_00/vexv5\libv5rt.a(v5_apijump.c.obj)
                0x03802380                vexPrivateApiEnable
 .text.vexStdlibMismatchError
                0x03802390       0x3c c:\Users\asus\AppData\Roaming\Code\User\globalStorage\vexrobotics.vexcode\sdk\cpp\V5\V5_20240223_11_00_00/vexv5\libv5rt.a(v5_apijump.c.obj)
                0x03802390                vexStdlibMismatchError
 .text.vexTaskAdd
                0x038023cc       0x10 c:\Users\asus\AppData\Roaming\Code\User\globalStorage\vexrobotics.vexcode\sdk\cpp\V5\V5_20240223_11_00_00/vexv5\libv5rt.a(v5_apijump.c.obj)
                0x038023cc                vexTaskAdd
 .text.vexTasksRun
                0x038023dc       0x10 c:\Users\asus\AppData\Roaming\Code\User\globalStorage\vexrobotics.vexcode\sdk\cpp\V5\V5_20240223_11_00_00/vexv5\libv5rt.a(v5_apijump.c.obj)
                0x038023dc                vexTasksRun
 .text.vexTaskYield
                0x038023ec       0x10 c:\Users\asus\AppData\Roaming\Code\User\globalStorage\vexrobotics.vexcode\sdk\cpp\V5\V5_20240223_11_00_00/vexv5\libv5rt.a(v5_apijump.c.obj)
                0x038023ec                vexTaskYield
 .text.vexTaskCheckTimeslice
                0x038023fc       0x10 c:\Users\asus\AppData\Roaming\Code\User\globalStorage\vexrobotics.vexcode\sdk\cpp\V5\V5_20240223_11_00_00/vexv5\libv5rt.a(v5_apijump.c.obj)
                0x038023fc                vexTaskCheckTimeslice
 .text.vexTaskSleep
                0x0380240c       0x10 c:\Users\asus\AppData\Roaming\Code\User\globalStorage\vexrobotics.vexcode\sdk\cpp\V5\V5_20240223_11_00_00/vexv5\libv5rt.a(v5_apijump.c.obj)
                0x0380240c                vexTaskSleep
 .text.vexSemaphoreInit
                0x0380241c       0x24 c:\Users\asus\AppData\Roaming\Code\User\globalStorage\vexrobotics.vexcode\sdk\cpp\V5\V5_20240223_11_00_00/vexv5\libv5rt.a(v5_apijump.c.obj)
                0x0380241c                vexSemaphoreInit
 .text.vexSemaphoreLock
                0x03802440       0x2c c:\Users\asus\AppData\Roaming\Code\User\globalStorage\vexrobotics.vexcode\sdk\cpp\V5\V5_20240223_11_00_00/vexv5\libv5rt.a(v5_apijump.c.obj)
                0x03802440                vexSemaphoreLock
 .text.vexSemaphoreUnlock
                0x0380246c       0x24 c:\Users\asus\AppData\Roaming\Code\User\globalStorage\vexrobotics.vexcode\sdk\cpp\V5\V5_20240223_11_00_00/vexv5\libv5rt.a(v5_apijump.c.obj)
                0x0380246c                vexSemaphoreUnlock
 .text.vexTasksDump
                0x03802490       0x1c c:\Users\asus\AppData\Roaming\Code\User\globalStorage\vexrobotics.vexcode\sdk\cpp\V5\V5_20240223_11_00_00/vexv5\libv5rt.a(v5_apijump.c.obj)
                0x03802490                vexTasksDump
 .text.vexTaskStateGet
                0x038024ac       0x10 c:\Users\asus\AppData\Roaming\Code\User\globalStorage\vexrobotics.vexcode\sdk\cpp\V5\V5_20240223_11_00_00/vexv5\libv5rt.a(v5_apijump.c.obj)
                0x038024ac                vexTaskStateGet
 .text.vexTaskGetTaskIndex
                0x038024bc       0x10 c:\Users\asus\AppData\Roaming\Code\User\globalStorage\vexrobotics.vexcode\sdk\cpp\V5\V5_20240223_11_00_00/vexv5\libv5rt.a(v5_apijump.c.obj)
                0x038024bc                vexTaskGetTaskIndex
 .text.vexTaskStopAll
                0x038024cc       0x10 c:\Users\asus\AppData\Roaming\Code\User\globalStorage\vexrobotics.vexcode\sdk\cpp\V5\V5_20240223_11_00_00/vexv5\libv5rt.a(v5_apijump.c.obj)
                0x038024cc                vexTaskStopAll
 .text.vexTaskRemoveAllUser
                0x038024dc       0x34 c:\Users\asus\AppData\Roaming\Code\User\globalStorage\vexrobotics.vexcode\sdk\cpp\V5\V5_20240223_11_00_00/vexv5\libv5rt.a(v5_apijump.c.obj)
                0x038024dc                vexTaskRemoveAllUser
 .text.vexTaskCompletionIdSet
                0x03802510       0x10 c:\Users\asus\AppData\Roaming\Code\User\globalStorage\vexrobotics.vexcode\sdk\cpp\V5\V5_20240223_11_00_00/vexv5\libv5rt.a(v5_apijump.c.obj)
                0x03802510                vexTaskCompletionIdSet
 .text.vexTaskAddWithArg
                0x03802520       0x10 c:\Users\asus\AppData\Roaming\Code\User\globalStorage\vexrobotics.vexcode\sdk\cpp\V5\V5_20240223_11_00_00/vexv5\libv5rt.a(v5_apijump.c.obj)
                0x03802520                vexTaskAddWithArg
 .text.vexTaskStopWithId
                0x03802530       0x10 c:\Users\asus\AppData\Roaming\Code\User\globalStorage\vexrobotics.vexcode\sdk\cpp\V5\V5_20240223_11_00_00/vexv5\libv5rt.a(v5_apijump.c.obj)
                0x03802530                vexTaskStopWithId
 .text.vexTaskPrioritySetWithId
                0x03802540       0x10 c:\Users\asus\AppData\Roaming\Code\User\globalStorage\vexrobotics.vexcode\sdk\cpp\V5\V5_20240223_11_00_00/vexv5\libv5rt.a(v5_apijump.c.obj)
                0x03802540                vexTaskPrioritySetWithId
 .text.vexCriticalSection
                0x03802550       0x2c c:\Users\asus\AppData\Roaming\Code\User\globalStorage\vexrobotics.vexcode\sdk\cpp\V5\V5_20240223_11_00_00/vexv5\libv5rt.a(v5_apijump.c.obj)
                0x03802550                vexCriticalSection
 .text.vexEventAdd
                0x0380257c       0x34 c:\Users\asus\AppData\Roaming\Code\User\globalStorage\vexrobotics.vexcode\sdk\cpp\V5\V5_20240223_11_00_00/vexv5\libv5rt.a(v5_apijump.c.obj)
                0x0380257c                vexEventAdd
 .text.vexEventUserIndexGet
                0x038025b0       0x1c c:\Users\asus\AppData\Roaming\Code\User\globalStorage\vexrobotics.vexcode\sdk\cpp\V5\V5_20240223_11_00_00/vexv5\libv5rt.a(v5_apijump.c.obj)
                0x038025b0                vexEventUserIndexGet
 .text.vexEventAddWithArg
                0x038025cc       0x3c c:\Users\asus\AppData\Roaming\Code\User\globalStorage\vexrobotics.vexcode\sdk\cpp\V5\V5_20240223_11_00_00/vexv5\libv5rt.a(v5_apijump.c.obj)
                0x038025cc                vexEventAddWithArg
 .text.vexEventsCleanup
                0x03802608       0x2c c:\Users\asus\AppData\Roaming\Code\User\globalStorage\vexrobotics.vexcode\sdk\cpp\V5\V5_20240223_11_00_00/vexv5\libv5rt.a(v5_apijump.c.obj)
                0x03802608                vexEventsCleanup
 .text.vexDebug
                0x03802634       0x38 c:\Users\asus\AppData\Roaming\Code\User\globalStorage\vexrobotics.vexcode\sdk\cpp\V5\V5_20240223_11_00_00/vexv5\libv5rt.a(v5_apijump.c.obj)
                0x03802634                vexDebug
 .text.vex_sprintf
                0x0380266c       0x40 c:\Users\asus\AppData\Roaming\Code\User\globalStorage\vexrobotics.vexcode\sdk\cpp\V5\V5_20240223_11_00_00/vexv5\libv5rt.a(v5_apijump.c.obj)
                0x0380266c                vex_sprintf
 .text.vexSystemTimeGet
                0x038026ac       0x1c c:\Users\asus\AppData\Roaming\Code\User\globalStorage\vexrobotics.vexcode\sdk\cpp\V5\V5_20240223_11_00_00/vexv5\libv5rt.a(v5_apijump.c.obj)
                0x038026ac                vexSystemTimeGet
 .text.vexSystemExitRequest
                0x038026c8       0x1c c:\Users\asus\AppData\Roaming\Code\User\globalStorage\vexrobotics.vexcode\sdk\cpp\V5\V5_20240223_11_00_00/vexv5\libv5rt.a(v5_apijump.c.obj)
                0x038026c8                vexSystemExitRequest
 .text.vexDeviceGetByIndex
                0x038026e4       0x24 c:\Users\asus\AppData\Roaming\Code\User\globalStorage\vexrobotics.vexcode\sdk\cpp\V5\V5_20240223_11_00_00/vexv5\libv5rt.a(v5_apijump.c.obj)
                0x038026e4                vexDeviceGetByIndex
 .text.vexDeviceMotorVelocitySet
                0x03802708       0x2c c:\Users\asus\AppData\Roaming\Code\User\globalStorage\vexrobotics.vexcode\sdk\cpp\V5\V5_20240223_11_00_00/vexv5\libv5rt.a(v5_apijump.c.obj)
                0x03802708                vexDeviceMotorVelocitySet
 .text.vexDeviceMotorVelocityGet
                0x03802734       0x24 c:\Users\asus\AppData\Roaming\Code\User\globalStorage\vexrobotics.vexcode\sdk\cpp\V5\V5_20240223_11_00_00/vexv5\libv5rt.a(v5_apijump.c.obj)
                0x03802734                vexDeviceMotorVelocityGet
 .text.vexDeviceMotorActualVelocityGet
                0x03802758       0x24 c:\Users\asus\AppData\Roaming\Code\User\globalStorage\vexrobotics.vexcode\sdk\cpp\V5\V5_20240223_11_00_00/vexv5\libv5rt.a(v5_apijump.c.obj)
                0x03802758                vexDeviceMotorActualVelocityGet
 .text.vexDeviceMotorModeGet
                0x0380277c       0x24 c:\Users\asus\AppData\Roaming\Code\User\globalStorage\vexrobotics.vexcode\sdk\cpp\V5\V5_20240223_11_00_00/vexv5\libv5rt.a(v5_apijump.c.obj)
                0x0380277c                vexDeviceMotorModeGet
 .text.vexDeviceMotorZeroPositionFlagGet
                0x038027a0       0x24 c:\Users\asus\AppData\Roaming\Code\User\globalStorage\vexrobotics.vexcode\sdk\cpp\V5\V5_20240223_11_00_00/vexv5\libv5rt.a(v5_apijump.c.obj)
                0x038027a0                vexDeviceMotorZeroPositionFlagGet
 .text.vexDeviceMotorReverseFlagSet
                0x038027c4       0x2c c:\Users\asus\AppData\Roaming\Code\User\globalStorage\vexrobotics.vexcode\sdk\cpp\V5\V5_20240223_11_00_00/vexv5\libv5rt.a(v5_apijump.c.obj)
                0x038027c4                vexDeviceMotorReverseFlagSet
 .text.vexDeviceMotorEncoderUnitsSet
                0x038027f0       0x2c c:\Users\asus\AppData\Roaming\Code\User\globalStorage\vexrobotics.vexcode\sdk\cpp\V5\V5_20240223_11_00_00/vexv5\libv5rt.a(v5_apijump.c.obj)
                0x038027f0                vexDeviceMotorEncoderUnitsSet
 .text.vexDeviceMotorBrakeModeSet
                0x0380281c       0x2c c:\Users\asus\AppData\Roaming\Code\User\globalStorage\vexrobotics.vexcode\sdk\cpp\V5\V5_20240223_11_00_00/vexv5\libv5rt.a(v5_apijump.c.obj)
                0x0380281c                vexDeviceMotorBrakeModeSet
 .text.vexDeviceMotorPositionSet
                0x03802848       0x34 c:\Users\asus\AppData\Roaming\Code\User\globalStorage\vexrobotics.vexcode\sdk\cpp\V5\V5_20240223_11_00_00/vexv5\libv5rt.a(v5_apijump.c.obj)
                0x03802848                vexDeviceMotorPositionSet
 .text.vexDeviceMotorAbsoluteTargetSet
                0x0380287c       0x3c c:\Users\asus\AppData\Roaming\Code\User\globalStorage\vexrobotics.vexcode\sdk\cpp\V5\V5_20240223_11_00_00/vexv5\libv5rt.a(v5_apijump.c.obj)
                0x0380287c                vexDeviceMotorAbsoluteTargetSet
 .text.vexDeviceMotorRelativeTargetSet
                0x038028b8       0x3c c:\Users\asus\AppData\Roaming\Code\User\globalStorage\vexrobotics.vexcode\sdk\cpp\V5\V5_20240223_11_00_00/vexv5\libv5rt.a(v5_apijump.c.obj)
                0x038028b8                vexDeviceMotorRelativeTargetSet
 .text.vexDeviceMotorGearingSet
                0x038028f4       0x2c c:\Users\asus\AppData\Roaming\Code\User\globalStorage\vexrobotics.vexcode\sdk\cpp\V5\V5_20240223_11_00_00/vexv5\libv5rt.a(v5_apijump.c.obj)
                0x038028f4                vexDeviceMotorGearingSet
 .text.vexDeviceMotorGearingGet
                0x03802920       0x24 c:\Users\asus\AppData\Roaming\Code\User\globalStorage\vexrobotics.vexcode\sdk\cpp\V5\V5_20240223_11_00_00/vexv5\libv5rt.a(v5_apijump.c.obj)
                0x03802920                vexDeviceMotorGearingGet
 .text.vexDeviceGpsReset
                0x03802944       0x38 c:\Users\asus\AppData\Roaming\Code\User\globalStorage\vexrobotics.vexcode\sdk\cpp\V5\V5_20240223_11_00_00/vexv5\libv5rt.a(v5_apijump.c.obj)
                0x03802944                vexDeviceGpsReset
 .text.vexDeviceGpsHeadingGet
                0x0380297c       0x44 c:\Users\asus\AppData\Roaming\Code\User\globalStorage\vexrobotics.vexcode\sdk\cpp\V5\V5_20240223_11_00_00/vexv5\libv5rt.a(v5_apijump.c.obj)
                0x0380297c                vexDeviceGpsHeadingGet
 .text.vexDeviceGpsDegreesGet
                0x038029c0       0x44 c:\Users\asus\AppData\Roaming\Code\User\globalStorage\vexrobotics.vexcode\sdk\cpp\V5\V5_20240223_11_00_00/vexv5\libv5rt.a(v5_apijump.c.obj)
                0x038029c0                vexDeviceGpsDegreesGet
 .text.vexDeviceGpsAttitudeGet
                0x03802a04      0x198 c:\Users\asus\AppData\Roaming\Code\User\globalStorage\vexrobotics.vexcode\sdk\cpp\V5\V5_20240223_11_00_00/vexv5\libv5rt.a(v5_apijump.c.obj)
                0x03802a04                vexDeviceGpsAttitudeGet
 .text.vexDeviceGpsStatusGet
                0x03802b9c       0x40 c:\Users\asus\AppData\Roaming\Code\User\globalStorage\vexrobotics.vexcode\sdk\cpp\V5\V5_20240223_11_00_00/vexv5\libv5rt.a(v5_apijump.c.obj)
                0x03802b9c                vexDeviceGpsStatusGet
 .text.vexDeviceGpsModeSet
                0x03802bdc       0x40 c:\Users\asus\AppData\Roaming\Code\User\globalStorage\vexrobotics.vexcode\sdk\cpp\V5\V5_20240223_11_00_00/vexv5\libv5rt.a(v5_apijump.c.obj)
                0x03802bdc                vexDeviceGpsModeSet
 .text.vexDeviceGpsOriginSet
                0x03802c1c       0x50 c:\Users\asus\AppData\Roaming\Code\User\globalStorage\vexrobotics.vexcode\sdk\cpp\V5\V5_20240223_11_00_00/vexv5\libv5rt.a(v5_apijump.c.obj)
                0x03802c1c                vexDeviceGpsOriginSet
 .text.vexDeviceGpsRotationSet
                0x03802c6c       0x48 c:\Users\asus\AppData\Roaming\Code\User\globalStorage\vexrobotics.vexcode\sdk\cpp\V5\V5_20240223_11_00_00/vexv5\libv5rt.a(v5_apijump.c.obj)
                0x03802c6c                vexDeviceGpsRotationSet
 .text.vexDeviceGpsRotationGet
                0x03802cb4       0x44 c:\Users\asus\AppData\Roaming\Code\User\globalStorage\vexrobotics.vexcode\sdk\cpp\V5\V5_20240223_11_00_00/vexv5\libv5rt.a(v5_apijump.c.obj)
                0x03802cb4                vexDeviceGpsRotationGet
 .text.vexDisplayForegroundColor
                0x03802cf8       0x24 c:\Users\asus\AppData\Roaming\Code\User\globalStorage\vexrobotics.vexcode\sdk\cpp\V5\V5_20240223_11_00_00/vexv5\libv5rt.a(v5_apijump.c.obj)
                0x03802cf8                vexDisplayForegroundColor
 .text.vexDisplayBackgroundColor
                0x03802d1c       0x24 c:\Users\asus\AppData\Roaming\Code\User\globalStorage\vexrobotics.vexcode\sdk\cpp\V5\V5_20240223_11_00_00/vexv5\libv5rt.a(v5_apijump.c.obj)
                0x03802d1c                vexDisplayBackgroundColor
 .text.vexDisplayBackgroundColorGet
                0x03802d40       0x1c c:\Users\asus\AppData\Roaming\Code\User\globalStorage\vexrobotics.vexcode\sdk\cpp\V5\V5_20240223_11_00_00/vexv5\libv5rt.a(v5_apijump.c.obj)
                0x03802d40                vexDisplayBackgroundColorGet
 .text.vexDisplayRectDraw
                0x03802d5c       0x4c c:\Users\asus\AppData\Roaming\Code\User\globalStorage\vexrobotics.vexcode\sdk\cpp\V5\V5_20240223_11_00_00/vexv5\libv5rt.a(v5_apijump.c.obj)
                0x03802d5c                vexDisplayRectDraw
 .text.vexDisplayRectClear
                0x03802da8       0x4c c:\Users\asus\AppData\Roaming\Code\User\globalStorage\vexrobotics.vexcode\sdk\cpp\V5\V5_20240223_11_00_00/vexv5\libv5rt.a(v5_apijump.c.obj)
                0x03802da8                vexDisplayRectClear
 .text.vexDisplayVPrintf
                0x03802df4       0x50 c:\Users\asus\AppData\Roaming\Code\User\globalStorage\vexrobotics.vexcode\sdk\cpp\V5\V5_20240223_11_00_00/vexv5\libv5rt.a(v5_apijump.c.obj)
                0x03802df4                vexDisplayVPrintf
 .text.vexDisplayTextReference
                0x03802e44       0x24 c:\Users\asus\AppData\Roaming\Code\User\globalStorage\vexrobotics.vexcode\sdk\cpp\V5\V5_20240223_11_00_00/vexv5\libv5rt.a(v5_apijump.c.obj)
                0x03802e44                vexDisplayTextReference
 .text.vexDisplayTextSize
                0x03802e68       0x2c c:\Users\asus\AppData\Roaming\Code\User\globalStorage\vexrobotics.vexcode\sdk\cpp\V5\V5_20240223_11_00_00/vexv5\libv5rt.a(v5_apijump.c.obj)
                0x03802e68                vexDisplayTextSize
 .text.vexDisplayFontNamedSet
                0x03802e94       0x24 c:\Users\asus\AppData\Roaming\Code\User\globalStorage\vexrobotics.vexcode\sdk\cpp\V5\V5_20240223_11_00_00/vexv5\libv5rt.a(v5_apijump.c.obj)
                0x03802e94                vexDisplayFontNamedSet
 .text.vexDisplayPenSizeGet
                0x03802eb8       0x1c c:\Users\asus\AppData\Roaming\Code\User\globalStorage\vexrobotics.vexcode\sdk\cpp\V5\V5_20240223_11_00_00/vexv5\libv5rt.a(v5_apijump.c.obj)
                0x03802eb8                vexDisplayPenSizeGet
 .text.vexSystemStdlibImpureDataAddr
                0x03802ed4       0x28 c:\Users\asus\AppData\Roaming\Code\User\globalStorage\vexrobotics.vexcode\sdk\cpp\V5\V5_20240223_11_00_00/vexv5\libv5rt.a(v5_apijump.c.obj)
                0x03802ed4                vexSystemStdlibImpureDataAddr
 .text.vexSystemStdlibImpureDataSize
                0x03802efc       0x28 c:\Users\asus\AppData\Roaming\Code\User\globalStorage\vexrobotics.vexcode\sdk\cpp\V5\V5_20240223_11_00_00/vexv5\libv5rt.a(v5_apijump.c.obj)
                0x03802efc                vexSystemStdlibImpureDataSize
 .text.vexSystemSaveUserData
                0x03802f24       0x3c c:\Users\asus\AppData\Roaming\Code\User\globalStorage\vexrobotics.vexcode\sdk\cpp\V5\V5_20240223_11_00_00/vexv5\libv5rt.a(v5_apijump.c.obj)
                0x03802f24                vexSystemSaveUserData
 .text.vexDisplayClipRegionSet
                0x03802f60       0x4c c:\Users\asus\AppData\Roaming\Code\User\globalStorage\vexrobotics.vexcode\sdk\cpp\V5\V5_20240223_11_00_00/vexv5\libv5rt.a(v5_apijump.c.obj)
                0x03802f60                vexDisplayClipRegionSet
 .text.vexDisplayThemeIdGet
                0x03802fac       0x38 c:\Users\asus\AppData\Roaming\Code\User\globalStorage\vexrobotics.vexcode\sdk\cpp\V5\V5_20240223_11_00_00/vexv5\libv5rt.a(v5_apijump.c.obj)
                0x03802fac                vexDisplayThemeIdGet
 .text.vexDisplayRender
                0x03802fe4       0x2c c:\Users\asus\AppData\Roaming\Code\User\globalStorage\vexrobotics.vexcode\sdk\cpp\V5\V5_20240223_11_00_00/vexv5\libv5rt.a(v5_apijump.c.obj)
                0x03802fe4                vexDisplayRender
 .text.vexDeviceEventMaskSet
                0x03803010       0x48 c:\Users\asus\AppData\Roaming\Code\User\globalStorage\vexrobotics.vexcode\sdk\cpp\V5\V5_20240223_11_00_00/vexv5\libv5rt.a(v5_apijump.c.obj)
                0x03803010                vexDeviceEventMaskSet
 .text.vexDeviceEventMaskGet
                0x03803058       0x3c c:\Users\asus\AppData\Roaming\Code\User\globalStorage\vexrobotics.vexcode\sdk\cpp\V5\V5_20240223_11_00_00/vexv5\libv5rt.a(v5_apijump.c.obj)
                0x03803058                vexDeviceEventMaskGet
 .text.vexDeviceGenericSerialEnable
                0x03803094       0x2c c:\Users\asus\AppData\Roaming\Code\User\globalStorage\vexrobotics.vexcode\sdk\cpp\V5\V5_20240223_11_00_00/vexv5\libv5rt.a(v5_apijump.c.obj)
                0x03803094                vexDeviceGenericSerialEnable
 .text.vexDeviceGenericSerialBaudrate
                0x038030c0       0x2c c:\Users\asus\AppData\Roaming\Code\User\globalStorage\vexrobotics.vexcode\sdk\cpp\V5\V5_20240223_11_00_00/vexv5\libv5rt.a(v5_apijump.c.obj)
                0x038030c0                vexDeviceGenericSerialBaudrate
 .text.vexDeviceGenericSerialWriteChar
                0x038030ec       0x2c c:\Users\asus\AppData\Roaming\Code\User\globalStorage\vexrobotics.vexcode\sdk\cpp\V5\V5_20240223_11_00_00/vexv5\libv5rt.a(v5_apijump.c.obj)
                0x038030ec                vexDeviceGenericSerialWriteChar
 .text.vexDeviceGenericSerialWriteFree
                0x03803118       0x24 c:\Users\asus\AppData\Roaming\Code\User\globalStorage\vexrobotics.vexcode\sdk\cpp\V5\V5_20240223_11_00_00/vexv5\libv5rt.a(v5_apijump.c.obj)
                0x03803118                vexDeviceGenericSerialWriteFree
 .text.vexDeviceGenericSerialTransmit
                0x0380313c       0x34 c:\Users\asus\AppData\Roaming\Code\User\globalStorage\vexrobotics.vexcode\sdk\cpp\V5\V5_20240223_11_00_00/vexv5\libv5rt.a(v5_apijump.c.obj)
                0x0380313c                vexDeviceGenericSerialTransmit
 .text.vexDeviceGenericSerialReadChar
                0x03803170       0x24 c:\Users\asus\AppData\Roaming\Code\User\globalStorage\vexrobotics.vexcode\sdk\cpp\V5\V5_20240223_11_00_00/vexv5\libv5rt.a(v5_apijump.c.obj)
                0x03803170                vexDeviceGenericSerialReadChar
 .text.vexDeviceGenericSerialPeekChar
                0x03803194       0x24 c:\Users\asus\AppData\Roaming\Code\User\globalStorage\vexrobotics.vexcode\sdk\cpp\V5\V5_20240223_11_00_00/vexv5\libv5rt.a(v5_apijump.c.obj)
                0x03803194                vexDeviceGenericSerialPeekChar
 .text.vexDeviceGenericSerialReceiveAvail
                0x038031b8       0x24 c:\Users\asus\AppData\Roaming\Code\User\globalStorage\vexrobotics.vexcode\sdk\cpp\V5\V5_20240223_11_00_00/vexv5\libv5rt.a(v5_apijump.c.obj)
                0x038031b8                vexDeviceGenericSerialReceiveAvail
 .text.vexDeviceGenericSerialReceive
                0x038031dc       0x34 c:\Users\asus\AppData\Roaming\Code\User\globalStorage\vexrobotics.vexcode\sdk\cpp\V5\V5_20240223_11_00_00/vexv5\libv5rt.a(v5_apijump.c.obj)
                0x038031dc                vexDeviceGenericSerialReceive
 .text.vexDeviceGenericRadioConnection
                0x03803210       0x3c c:\Users\asus\AppData\Roaming\Code\User\globalStorage\vexrobotics.vexcode\sdk\cpp\V5\V5_20240223_11_00_00/vexv5\libv5rt.a(v5_apijump.c.obj)
                0x03803210                vexDeviceGenericRadioConnection
 .text.vexDeviceGenericRadioWriteChar
                0x0380324c       0x2c c:\Users\asus\AppData\Roaming\Code\User\globalStorage\vexrobotics.vexcode\sdk\cpp\V5\V5_20240223_11_00_00/vexv5\libv5rt.a(v5_apijump.c.obj)
                0x0380324c                vexDeviceGenericRadioWriteChar
 .text.vexDeviceGenericRadioWriteFree
                0x03803278       0x24 c:\Users\asus\AppData\Roaming\Code\User\globalStorage\vexrobotics.vexcode\sdk\cpp\V5\V5_20240223_11_00_00/vexv5\libv5rt.a(v5_apijump.c.obj)
                0x03803278                vexDeviceGenericRadioWriteFree
 .text.vexDeviceGenericRadioTransmit
                0x0380329c       0x34 c:\Users\asus\AppData\Roaming\Code\User\globalStorage\vexrobotics.vexcode\sdk\cpp\V5\V5_20240223_11_00_00/vexv5\libv5rt.a(v5_apijump.c.obj)
                0x0380329c                vexDeviceGenericRadioTransmit
 .text.vexDeviceGenericRadioReadChar
                0x038032d0       0x24 c:\Users\asus\AppData\Roaming\Code\User\globalStorage\vexrobotics.vexcode\sdk\cpp\V5\V5_20240223_11_00_00/vexv5\libv5rt.a(v5_apijump.c.obj)
                0x038032d0                vexDeviceGenericRadioReadChar
 .text.vexDeviceGenericRadioPeekChar
                0x038032f4       0x24 c:\Users\asus\AppData\Roaming\Code\User\globalStorage\vexrobotics.vexcode\sdk\cpp\V5\V5_20240223_11_00_00/vexv5\libv5rt.a(v5_apijump.c.obj)
                0x038032f4                vexDeviceGenericRadioPeekChar
 .text.vexDeviceGenericRadioReceiveAvail
                0x03803318       0x24 c:\Users\asus\AppData\Roaming\Code\User\globalStorage\vexrobotics.vexcode\sdk\cpp\V5\V5_20240223_11_00_00/vexv5\libv5rt.a(v5_apijump.c.obj)
                0x03803318                vexDeviceGenericRadioReceiveAvail
 .text.vexDeviceGenericRadioReceive
                0x0380333c       0x34 c:\Users\asus\AppData\Roaming\Code\User\globalStorage\vexrobotics.vexcode\sdk\cpp\V5\V5_20240223_11_00_00/vexv5\libv5rt.a(v5_apijump.c.obj)
                0x0380333c                vexDeviceGenericRadioReceive
 .text.vexDeviceGenericRadioLinkStatus
                0x03803370       0x24 c:\Users\asus\AppData\Roaming\Code\User\globalStorage\vexrobotics.vexcode\sdk\cpp\V5\V5_20240223_11_00_00/vexv5\libv5rt.a(v5_apijump.c.obj)
                0x03803370                vexDeviceGenericRadioLinkStatus
 .text.vexDeviceGenericCdcConnection
                0x03803394       0x2c c:\Users\asus\AppData\Roaming\Code\User\globalStorage\vexrobotics.vexcode\sdk\cpp\V5\V5_20240223_11_00_00/vexv5\libv5rt.a(v5_apijump.c.obj)
                0x03803394                vexDeviceGenericCdcConnection
 .text.vexDeviceGenericCdcWriteChar
                0x038033c0       0x2c c:\Users\asus\AppData\Roaming\Code\User\globalStorage\vexrobotics.vexcode\sdk\cpp\V5\V5_20240223_11_00_00/vexv5\libv5rt.a(v5_apijump.c.obj)
                0x038033c0                vexDeviceGenericCdcWriteChar
 .text.vexDeviceGenericCdcWriteFree
                0x038033ec       0x24 c:\Users\asus\AppData\Roaming\Code\User\globalStorage\vexrobotics.vexcode\sdk\cpp\V5\V5_20240223_11_00_00/vexv5\libv5rt.a(v5_apijump.c.obj)
                0x038033ec                vexDeviceGenericCdcWriteFree
 .text.vexDeviceGenericCdcTransmit
                0x03803410       0x34 c:\Users\asus\AppData\Roaming\Code\User\globalStorage\vexrobotics.vexcode\sdk\cpp\V5\V5_20240223_11_00_00/vexv5\libv5rt.a(v5_apijump.c.obj)
                0x03803410                vexDeviceGenericCdcTransmit
 .text.vexDeviceGenericCdcReadChar
                0x03803444       0x24 c:\Users\asus\AppData\Roaming\Code\User\globalStorage\vexrobotics.vexcode\sdk\cpp\V5\V5_20240223_11_00_00/vexv5\libv5rt.a(v5_apijump.c.obj)
                0x03803444                vexDeviceGenericCdcReadChar
 .text.vexDeviceGenericCdcPeekChar
                0x03803468       0x24 c:\Users\asus\AppData\Roaming\Code\User\globalStorage\vexrobotics.vexcode\sdk\cpp\V5\V5_20240223_11_00_00/vexv5\libv5rt.a(v5_apijump.c.obj)
                0x03803468                vexDeviceGenericCdcPeekChar
 .text.vexDeviceGenericCdcReceiveAvail
                0x0380348c       0x24 c:\Users\asus\AppData\Roaming\Code\User\globalStorage\vexrobotics.vexcode\sdk\cpp\V5\V5_20240223_11_00_00/vexv5\libv5rt.a(v5_apijump.c.obj)
                0x0380348c                vexDeviceGenericCdcReceiveAvail
 .text.vexDeviceGenericCdcReceive
                0x038034b0       0x34 c:\Users\asus\AppData\Roaming\Code\User\globalStorage\vexrobotics.vexcode\sdk\cpp\V5\V5_20240223_11_00_00/vexv5\libv5rt.a(v5_apijump.c.obj)
                0x038034b0                vexDeviceGenericCdcReceive
 .text.vexDeviceGenericCdcLinkStatus
                0x038034e4       0x24 c:\Users\asus\AppData\Roaming\Code\User\globalStorage\vexrobotics.vexcode\sdk\cpp\V5\V5_20240223_11_00_00/vexv5\libv5rt.a(v5_apijump.c.obj)
                0x038034e4                vexDeviceGenericCdcLinkStatus
 .text.vexSystemVersion
                0x03803508       0x10 c:\Users\asus\AppData\Roaming\Code\User\globalStorage\vexrobotics.vexcode\sdk\cpp\V5\V5_20240223_11_00_00/vexv5\libv5rt.a(v5_apiversions.c.obj)
                0x03803508                vexSystemVersion
 .text.vexStdlibVersion
                0x03803518       0x10 c:\Users\asus\AppData\Roaming\Code\User\globalStorage\vexrobotics.vexcode\sdk\cpp\V5\V5_20240223_11_00_00/vexv5\libv5rt.a(v5_apiversions.c.obj)
                0x03803518                vexStdlibVersion
 .text._ZN3vex4waitEdNS_9timeUnitsE
                0x03803528       0x30 c:\Users\asus\AppData\Roaming\Code\User\globalStorage\vexrobotics.vexcode\sdk\cpp\V5\V5_20240223_11_00_00/vexv5\libv5rt.a(vex_global.cpp.obj)
                0x03803528                vex::wait(double, vex::timeUnits)
 .text._ZN3vex6deviceD2Ev
                0x03803558        0x4 c:\Users\asus\AppData\Roaming\Code\User\globalStorage\vexrobotics.vexcode\sdk\cpp\V5\V5_20240223_11_00_00/vexv5\libv5rt.a(vex_device.cpp.obj)
                0x03803558                vex::device::~device()
                0x03803558                vex::device::~device()
 .text._ZN3vex6device5valueEv
                0x0380355c        0x8 c:\Users\asus\AppData\Roaming\Code\User\globalStorage\vexrobotics.vexcode\sdk\cpp\V5\V5_20240223_11_00_00/vexv5\libv5rt.a(vex_device.cpp.obj)
                0x0380355c                vex::device::value()
 .text._ZN3vex6deviceD0Ev
                0x03803564       0x14 c:\Users\asus\AppData\Roaming\Code\User\globalStorage\vexrobotics.vexcode\sdk\cpp\V5\V5_20240223_11_00_00/vexv5\libv5rt.a(vex_device.cpp.obj)
                0x03803564                vex::device::~device()
 .text._ZN3vex6device4initEl
                0x03803578       0x30 c:\Users\asus\AppData\Roaming\Code\User\globalStorage\vexrobotics.vexcode\sdk\cpp\V5\V5_20240223_11_00_00/vexv5\libv5rt.a(vex_device.cpp.obj)
                0x03803578                vex::device::init(long)
 .text._ZN3vex6deviceC2El
                0x038035a8       0x20 c:\Users\asus\AppData\Roaming\Code\User\globalStorage\vexrobotics.vexcode\sdk\cpp\V5\V5_20240223_11_00_00/vexv5\libv5rt.a(vex_device.cpp.obj)
                0x038035a8                vex::device::device(long)
                0x038035a8                vex::device::device(long)
 .text._ZN3vex6device4typeEv
                0x038035c8       0x10 c:\Users\asus\AppData\Roaming\Code\User\globalStorage\vexrobotics.vexcode\sdk\cpp\V5\V5_20240223_11_00_00/vexv5\libv5rt.a(vex_device.cpp.obj)
                0x038035c8                vex::device::type()
 .text._ZN3vex6device9installedEv
                0x038035d8       0x14 c:\Users\asus\AppData\Roaming\Code\User\globalStorage\vexrobotics.vexcode\sdk\cpp\V5\V5_20240223_11_00_00/vexv5\libv5rt.a(vex_device.cpp.obj)
                0x038035d8                vex::device::installed()
 .text._ZN3vex5motorD2Ev
                0x038035ec       0x20 c:\Users\asus\AppData\Roaming\Code\User\globalStorage\vexrobotics.vexcode\sdk\cpp\V5\V5_20240223_11_00_00/vexv5\libv5rt.a(vex_motor.cpp.obj)
                0x038035ec                vex::motor::~motor()
                0x038035ec                vex::motor::~motor()
 .text._ZN3vex5motorD0Ev
                0x0380360c       0x1c c:\Users\asus\AppData\Roaming\Code\User\globalStorage\vexrobotics.vexcode\sdk\cpp\V5\V5_20240223_11_00_00/vexv5\libv5rt.a(vex_motor.cpp.obj)
                0x0380360c                vex::motor::~motor()
 .text._ZN3vex5motor9installedEv
                0x03803628       0x18 c:\Users\asus\AppData\Roaming\Code\User\globalStorage\vexrobotics.vexcode\sdk\cpp\V5\V5_20240223_11_00_00/vexv5\libv5rt.a(vex_motor.cpp.obj)
                0x03803628                vex::motor::installed()
 .text._ZN3vex5motor15defaultStoppingENS_9brakeTypeE
                0x03803640       0x30 c:\Users\asus\AppData\Roaming\Code\User\globalStorage\vexrobotics.vexcode\sdk\cpp\V5\V5_20240223_11_00_00/vexv5\libv5rt.a(vex_motor.cpp.obj)
                0x03803640                vex::motor::defaultStopping(vex::brakeType)
 .text._ZN3vex5motor11setStoppingENS_9brakeTypeE
                0x03803670        0x4 c:\Users\asus\AppData\Roaming\Code\User\globalStorage\vexrobotics.vexcode\sdk\cpp\V5\V5_20240223_11_00_00/vexv5\libv5rt.a(vex_motor.cpp.obj)
                0x03803670                vex::motor::setStopping(vex::brakeType)
 .text._ZN3vex5motorC2El
                0x03803674       0x78 c:\Users\asus\AppData\Roaming\Code\User\globalStorage\vexrobotics.vexcode\sdk\cpp\V5\V5_20240223_11_00_00/vexv5\libv5rt.a(vex_motor.cpp.obj)
                0x03803674                vex::motor::motor(long)
                0x03803674                vex::motor::motor(long)
 .text._ZN3vex5motorC2ElNS_11gearSettingEb
                0x038036ec       0x34 c:\Users\asus\AppData\Roaming\Code\User\globalStorage\vexrobotics.vexcode\sdk\cpp\V5\V5_20240223_11_00_00/vexv5\libv5rt.a(vex_motor.cpp.obj)
                0x038036ec                vex::motor::motor(long, vex::gearSetting, bool)
                0x038036ec                vex::motor::motor(long, vex::gearSetting, bool)
 .text._ZN3vex5motor14isSpinningModeEv
                0x03803720       0x48 c:\Users\asus\AppData\Roaming\Code\User\globalStorage\vexrobotics.vexcode\sdk\cpp\V5\V5_20240223_11_00_00/vexv5\libv5rt.a(vex_motor.cpp.obj)
                0x03803720                vex::motor::isSpinningMode()
 .text._ZN3vex5motor10isSpinningEv
                0x03803768       0x44 c:\Users\asus\AppData\Roaming\Code\User\globalStorage\vexrobotics.vexcode\sdk\cpp\V5\V5_20240223_11_00_00/vexv5\libv5rt.a(vex_motor.cpp.obj)
                0x03803768                vex::motor::isSpinning()
 .text._ZN3vex5motor4stopENS_9brakeTypeE
                0x038037ac       0x30 c:\Users\asus\AppData\Roaming\Code\User\globalStorage\vexrobotics.vexcode\sdk\cpp\V5\V5_20240223_11_00_00/vexv5\libv5rt.a(vex_motor.cpp.obj)
                0x038037ac                vex::motor::stop(vex::brakeType)
 .text._ZN3vex5motor4stopEv
                0x038037dc        0x8 c:\Users\asus\AppData\Roaming\Code\User\globalStorage\vexrobotics.vexcode\sdk\cpp\V5\V5_20240223_11_00_00/vexv5\libv5rt.a(vex_motor.cpp.obj)
                0x038037dc                vex::motor::stop()
 .text._ZN3vex5motor16velocityToScaledEdNS_13velocityUnitsE
                0x038037e4       0x5c c:\Users\asus\AppData\Roaming\Code\User\globalStorage\vexrobotics.vexcode\sdk\cpp\V5\V5_20240223_11_00_00/vexv5\libv5rt.a(vex_motor.cpp.obj)
                0x038037e4                vex::motor::velocityToScaled(double, vex::velocityUnits)
 .text._ZN3vex5motor8velocityENS_13velocityUnitsE
                0x03803840       0x30 c:\Users\asus\AppData\Roaming\Code\User\globalStorage\vexrobotics.vexcode\sdk\cpp\V5\V5_20240223_11_00_00/vexv5\libv5rt.a(vex_motor.cpp.obj)
                0x03803840                vex::motor::velocity(vex::velocityUnits)
 .text._ZN3vex5motor5valueEv
                0x03803870       0x1c c:\Users\asus\AppData\Roaming\Code\User\globalStorage\vexrobotics.vexcode\sdk\cpp\V5\V5_20240223_11_00_00/vexv5\libv5rt.a(vex_motor.cpp.obj)
                0x03803870                vex::motor::value()
 .text._ZN3vex5motor16scaledToVelocityEdNS_13velocityUnitsE
                0x0380388c       0xa4 c:\Users\asus\AppData\Roaming\Code\User\globalStorage\vexrobotics.vexcode\sdk\cpp\V5\V5_20240223_11_00_00/vexv5\libv5rt.a(vex_motor.cpp.obj)
                0x0380388c                vex::motor::scaledToVelocity(double, vex::velocityUnits)
 .text._ZN3vex5motor4spinENS_13directionTypeEdNS_13velocityUnitsE
                0x03803930       0x5c c:\Users\asus\AppData\Roaming\Code\User\globalStorage\vexrobotics.vexcode\sdk\cpp\V5\V5_20240223_11_00_00/vexv5\libv5rt.a(vex_motor.cpp.obj)
                0x03803930                vex::motor::spin(vex::directionType, double, vex::velocityUnits)
 .text._ZN3vex5motor11setVelocityEdNS_13velocityUnitsE
                0x0380398c       0x54 c:\Users\asus\AppData\Roaming\Code\User\globalStorage\vexrobotics.vexcode\sdk\cpp\V5\V5_20240223_11_00_00/vexv5\libv5rt.a(vex_motor.cpp.obj)
                0x0380398c                vex::motor::setVelocity(double, vex::velocityUnits)
 .text._ZN3vex5motor16setRotationUnitsENS_13rotationUnitsE
                0x038039e0       0x1c c:\Users\asus\AppData\Roaming\Code\User\globalStorage\vexrobotics.vexcode\sdk\cpp\V5\V5_20240223_11_00_00/vexv5\libv5rt.a(vex_motor.cpp.obj)
                0x038039e0                vex::motor::setRotationUnits(vex::rotationUnits)
 .text._ZN3vex5motor11setPositionEdNS_13rotationUnitsE
                0x038039fc       0x44 c:\Users\asus\AppData\Roaming\Code\User\globalStorage\vexrobotics.vexcode\sdk\cpp\V5\V5_20240223_11_00_00/vexv5\libv5rt.a(vex_motor.cpp.obj)
                0x038039fc                vex::motor::setPosition(double, vex::rotationUnits)
 .text._ZN3vex5motor13resetPositionEv
                0x03803a40       0x20 c:\Users\asus\AppData\Roaming\Code\User\globalStorage\vexrobotics.vexcode\sdk\cpp\V5\V5_20240223_11_00_00/vexv5\libv5rt.a(vex_motor.cpp.obj)
                0x03803a40                vex::motor::resetPosition()
 .text._ZN3vex5motor6spinToEdNS_13rotationUnitsEdNS_13velocityUnitsEb
                0x03803a60       0xe0 c:\Users\asus\AppData\Roaming\Code\User\globalStorage\vexrobotics.vexcode\sdk\cpp\V5\V5_20240223_11_00_00/vexv5\libv5rt.a(vex_motor.cpp.obj)
                0x03803a60                vex::motor::spinTo(double, vex::rotationUnits, double, vex::velocityUnits, bool)
 .text._ZN3vex5motor6spinToEdNS_13rotationUnitsEb
                0x03803b40       0x34 c:\Users\asus\AppData\Roaming\Code\User\globalStorage\vexrobotics.vexcode\sdk\cpp\V5\V5_20240223_11_00_00/vexv5\libv5rt.a(vex_motor.cpp.obj)
                0x03803b40                vex::motor::spinTo(double, vex::rotationUnits, bool)
 .text._ZN3vex5motor7spinForEdNS_13rotationUnitsEdNS_13velocityUnitsEb
                0x03803b74       0xf4 c:\Users\asus\AppData\Roaming\Code\User\globalStorage\vexrobotics.vexcode\sdk\cpp\V5\V5_20240223_11_00_00/vexv5\libv5rt.a(vex_motor.cpp.obj)
                0x03803b74                vex::motor::spinFor(double, vex::rotationUnits, double, vex::velocityUnits, bool)
 .text._ZN3vex5motor7spinForENS_13directionTypeEdNS_13rotationUnitsEdNS_13velocityUnitsEb
                0x03803c68       0x34 c:\Users\asus\AppData\Roaming\Code\User\globalStorage\vexrobotics.vexcode\sdk\cpp\V5\V5_20240223_11_00_00/vexv5\libv5rt.a(vex_motor.cpp.obj)
                0x03803c68                vex::motor::spinFor(vex::directionType, double, vex::rotationUnits, double, vex::velocityUnits, bool)
 .text._ZN3vex5motor7spinForEdNS_13rotationUnitsEb
                0x03803c9c       0x34 c:\Users\asus\AppData\Roaming\Code\User\globalStorage\vexrobotics.vexcode\sdk\cpp\V5\V5_20240223_11_00_00/vexv5\libv5rt.a(vex_motor.cpp.obj)
                0x03803c9c                vex::motor::spinFor(double, vex::rotationUnits, bool)
 .text._ZN3vex5motor7spinForENS_13directionTypeEdNS_13rotationUnitsEb
                0x03803cd0       0x3c c:\Users\asus\AppData\Roaming\Code\User\globalStorage\vexrobotics.vexcode\sdk\cpp\V5\V5_20240223_11_00_00/vexv5\libv5rt.a(vex_motor.cpp.obj)
                0x03803cd0                vex::motor::spinFor(vex::directionType, double, vex::rotationUnits, bool)
 .text._ZN3vex3gps11getTurnTypeEv
                0x03803d0c        0x8 c:\Users\asus\AppData\Roaming\Code\User\globalStorage\vexrobotics.vexcode\sdk\cpp\V5\V5_20240223_11_00_00/vexv5\libv5rt.a(vex_gps.cpp.obj)
                0x03803d0c                vex::gps::getTurnType()
 .text._ZThn16_N3vex3gps11getTurnTypeEv
                0x03803d14        0x8 c:\Users\asus\AppData\Roaming\Code\User\globalStorage\vexrobotics.vexcode\sdk\cpp\V5\V5_20240223_11_00_00/vexv5\libv5rt.a(vex_gps.cpp.obj)
                0x03803d14                non-virtual thunk to vex::gps::getTurnType()
 *fill*         0x03803d1c        0x4 
 .text._ZN3vex3gps10setHeadingEdNS_13rotationUnitsE
                0x03803d20       0x58 c:\Users\asus\AppData\Roaming\Code\User\globalStorage\vexrobotics.vexcode\sdk\cpp\V5\V5_20240223_11_00_00/vexv5\libv5rt.a(vex_gps.cpp.obj)
                0x03803d20                vex::gps::setHeading(double, vex::rotationUnits)
 .text._ZThn16_N3vex3gps10setHeadingEdNS_13rotationUnitsE
                0x03803d78        0x8 c:\Users\asus\AppData\Roaming\Code\User\globalStorage\vexrobotics.vexcode\sdk\cpp\V5\V5_20240223_11_00_00/vexv5\libv5rt.a(vex_gps.cpp.obj)
                0x03803d78                non-virtual thunk to vex::gps::setHeading(double, vex::rotationUnits)
 .text._ZN3vex3gps11setRotationEdNS_13rotationUnitsE
                0x03803d80       0x58 c:\Users\asus\AppData\Roaming\Code\User\globalStorage\vexrobotics.vexcode\sdk\cpp\V5\V5_20240223_11_00_00/vexv5\libv5rt.a(vex_gps.cpp.obj)
                0x03803d80                vex::gps::setRotation(double, vex::rotationUnits)
 .text._ZThn16_N3vex3gps11setRotationEdNS_13rotationUnitsE
                0x03803dd8        0x8 c:\Users\asus\AppData\Roaming\Code\User\globalStorage\vexrobotics.vexcode\sdk\cpp\V5\V5_20240223_11_00_00/vexv5\libv5rt.a(vex_gps.cpp.obj)
                0x03803dd8                non-virtual thunk to vex::gps::setRotation(double, vex::rotationUnits)
 .text._ZN3vex3gpsD2Ev
                0x03803de0       0x20 c:\Users\asus\AppData\Roaming\Code\User\globalStorage\vexrobotics.vexcode\sdk\cpp\V5\V5_20240223_11_00_00/vexv5\libv5rt.a(vex_gps.cpp.obj)
                0x03803de0                vex::gps::~gps()
                0x03803de0                vex::gps::~gps()
 .text._ZThn16_N3vex3gpsD1Ev
                0x03803e00        0x8 c:\Users\asus\AppData\Roaming\Code\User\globalStorage\vexrobotics.vexcode\sdk\cpp\V5\V5_20240223_11_00_00/vexv5\libv5rt.a(vex_gps.cpp.obj)
                0x03803e00                non-virtual thunk to vex::gps::~gps()
 .text._ZN3vex3gpsD0Ev
                0x03803e08       0x1c c:\Users\asus\AppData\Roaming\Code\User\globalStorage\vexrobotics.vexcode\sdk\cpp\V5\V5_20240223_11_00_00/vexv5\libv5rt.a(vex_gps.cpp.obj)
                0x03803e08                vex::gps::~gps()
 .text._ZThn16_N3vex3gpsD0Ev
                0x03803e24        0x8 c:\Users\asus\AppData\Roaming\Code\User\globalStorage\vexrobotics.vexcode\sdk\cpp\V5\V5_20240223_11_00_00/vexv5\libv5rt.a(vex_gps.cpp.obj)
                0x03803e24                non-virtual thunk to vex::gps::~gps()
 .text._ZN3vex3gps9installedEv
                0x03803e2c       0x18 c:\Users\asus\AppData\Roaming\Code\User\globalStorage\vexrobotics.vexcode\sdk\cpp\V5\V5_20240223_11_00_00/vexv5\libv5rt.a(vex_gps.cpp.obj)
                0x03803e2c                vex::gps::installed()
 .text._ZN3vex3gps5angleENS_13rotationUnitsE
                0x03803e44       0x84 c:\Users\asus\AppData\Roaming\Code\User\globalStorage\vexrobotics.vexcode\sdk\cpp\V5\V5_20240223_11_00_00/vexv5\libv5rt.a(vex_gps.cpp.obj)
                0x03803e44                vex::gps::angle(vex::rotationUnits)
 .text._ZThn16_N3vex3gps5angleENS_13rotationUnitsE
                0x03803ec8        0x8 c:\Users\asus\AppData\Roaming\Code\User\globalStorage\vexrobotics.vexcode\sdk\cpp\V5\V5_20240223_11_00_00/vexv5\libv5rt.a(vex_gps.cpp.obj)
                0x03803ec8                non-virtual thunk to vex::gps::angle(vex::rotationUnits)
 .text._ZN3vex3gps7headingENS_13rotationUnitsE
                0x03803ed0        0x4 c:\Users\asus\AppData\Roaming\Code\User\globalStorage\vexrobotics.vexcode\sdk\cpp\V5\V5_20240223_11_00_00/vexv5\libv5rt.a(vex_gps.cpp.obj)
                0x03803ed0                vex::gps::heading(vex::rotationUnits)
 .text._ZThn16_N3vex3gps7headingENS_13rotationUnitsE
                0x03803ed4        0x8 c:\Users\asus\AppData\Roaming\Code\User\globalStorage\vexrobotics.vexcode\sdk\cpp\V5\V5_20240223_11_00_00/vexv5\libv5rt.a(vex_gps.cpp.obj)
                0x03803ed4                non-virtual thunk to vex::gps::heading(vex::rotationUnits)
 .text._ZN3vex3gps5valueEv
                0x03803edc       0x1c c:\Users\asus\AppData\Roaming\Code\User\globalStorage\vexrobotics.vexcode\sdk\cpp\V5\V5_20240223_11_00_00/vexv5\libv5rt.a(vex_gps.cpp.obj)
                0x03803edc                vex::gps::value()
 .text._ZN3vex3gps8rotationENS_13rotationUnitsE
                0x03803ef8       0x60 c:\Users\asus\AppData\Roaming\Code\User\globalStorage\vexrobotics.vexcode\sdk\cpp\V5\V5_20240223_11_00_00/vexv5\libv5rt.a(vex_gps.cpp.obj)
                0x03803ef8                vex::gps::rotation(vex::rotationUnits)
 .text._ZThn16_N3vex3gps8rotationENS_13rotationUnitsE
                0x03803f58        0x8 c:\Users\asus\AppData\Roaming\Code\User\globalStorage\vexrobotics.vexcode\sdk\cpp\V5\V5_20240223_11_00_00/vexv5\libv5rt.a(vex_gps.cpp.obj)
                0x03803f58                non-virtual thunk to vex::gps::rotation(vex::rotationUnits)
 .text._ZN3vex3gps13isCalibratingEv
                0x03803f60       0x38 c:\Users\asus\AppData\Roaming\Code\User\globalStorage\vexrobotics.vexcode\sdk\cpp\V5\V5_20240223_11_00_00/vexv5\libv5rt.a(vex_gps.cpp.obj)
                0x03803f60                vex::gps::isCalibrating()
 .text._ZThn16_N3vex3gps13isCalibratingEv
                0x03803f98        0x8 c:\Users\asus\AppData\Roaming\Code\User\globalStorage\vexrobotics.vexcode\sdk\cpp\V5\V5_20240223_11_00_00/vexv5\libv5rt.a(vex_gps.cpp.obj)
                0x03803f98                non-virtual thunk to vex::gps::isCalibrating()
 .text._ZN3vex3gps17setSensorRotationEd
                0x03803fa0        0x8 c:\Users\asus\AppData\Roaming\Code\User\globalStorage\vexrobotics.vexcode\sdk\cpp\V5\V5_20240223_11_00_00/vexv5\libv5rt.a(vex_gps.cpp.obj)
                0x03803fa0                vex::gps::setSensorRotation(double)
 .text._ZN3vex3gpsC2EldNS_8turnTypeE
                0x03803fa8       0x74 c:\Users\asus\AppData\Roaming\Code\User\globalStorage\vexrobotics.vexcode\sdk\cpp\V5\V5_20240223_11_00_00/vexv5\libv5rt.a(vex_gps.cpp.obj)
                0x03803fa8                vex::gps::gps(long, double, vex::turnType)
                0x03803fa8                vex::gps::gps(long, double, vex::turnType)
 *fill*         0x0380401c        0x4 
 .text._ZN3vex3gps9setOriginEddNS_13distanceUnitsE
                0x03804020       0x68 c:\Users\asus\AppData\Roaming\Code\User\globalStorage\vexrobotics.vexcode\sdk\cpp\V5\V5_20240223_11_00_00/vexv5\libv5rt.a(vex_gps.cpp.obj)
                0x03804020                vex::gps::setOrigin(double, double, vex::distanceUnits)
 .text._ZN3vex3gpsC2ElddNS_13distanceUnitsEdNS_8turnTypeE
                0x03804088       0x4c c:\Users\asus\AppData\Roaming\Code\User\globalStorage\vexrobotics.vexcode\sdk\cpp\V5\V5_20240223_11_00_00/vexv5\libv5rt.a(vex_gps.cpp.obj)
                0x03804088                vex::gps::gps(long, double, double, vex::distanceUnits, double, vex::turnType)
                0x03804088                vex::gps::gps(long, double, double, vex::distanceUnits, double, vex::turnType)
 *fill*         0x038040d4        0x4 
 .text._ZN3vex3gps9xPositionENS_13distanceUnitsE
                0x038040d8       0x70 c:\Users\asus\AppData\Roaming\Code\User\globalStorage\vexrobotics.vexcode\sdk\cpp\V5\V5_20240223_11_00_00/vexv5\libv5rt.a(vex_gps.cpp.obj)
                0x038040d8                vex::gps::xPosition(vex::distanceUnits)
 .text._ZN3vex3gps9yPositionENS_13distanceUnitsE
                0x03804148       0x70 c:\Users\asus\AppData\Roaming\Code\User\globalStorage\vexrobotics.vexcode\sdk\cpp\V5\V5_20240223_11_00_00/vexv5\libv5rt.a(vex_gps.cpp.obj)
                0x03804148                vex::gps::yPosition(vex::distanceUnits)
 .text._ZN3vex3gps16startCalibrationEl
                0x038041b8       0x48 c:\Users\asus\AppData\Roaming\Code\User\globalStorage\vexrobotics.vexcode\sdk\cpp\V5\V5_20240223_11_00_00/vexv5\libv5rt.a(vex_gps.cpp.obj)
                0x038041b8                vex::gps::startCalibration(long)
 .text._ZN3vex3gps9calibrateEl
                0x03804200        0xc c:\Users\asus\AppData\Roaming\Code\User\globalStorage\vexrobotics.vexcode\sdk\cpp\V5\V5_20240223_11_00_00/vexv5\libv5rt.a(vex_gps.cpp.obj)
                0x03804200                vex::gps::calibrate(long)
                0x03804204                non-virtual thunk to vex::gps::calibrate(long)
 .text._ZN3vex6threadC2EPFivE
                0x0380420c       0x5c c:\Users\asus\AppData\Roaming\Code\User\globalStorage\vexrobotics.vexcode\sdk\cpp\V5\V5_20240223_11_00_00/vexv5\libv5rt.a(vex_thread.cpp.obj)
                0x0380420c                vex::thread::thread(int (*)())
                0x0380420c                vex::thread::thread(int (*)())
 .text._ZN3vex6threadC2EPFiPvES1_
                0x03804268       0x5c c:\Users\asus\AppData\Roaming\Code\User\globalStorage\vexrobotics.vexcode\sdk\cpp\V5\V5_20240223_11_00_00/vexv5\libv5rt.a(vex_thread.cpp.obj)
                0x03804268                vex::thread::thread(int (*)(void*), void*)
                0x03804268                vex::thread::thread(int (*)(void*), void*)
 .text._ZN3vex6threadD2Ev
                0x038042c4        0x4 c:\Users\asus\AppData\Roaming\Code\User\globalStorage\vexrobotics.vexcode\sdk\cpp\V5\V5_20240223_11_00_00/vexv5\libv5rt.a(vex_thread.cpp.obj)
                0x038042c4                vex::thread::~thread()
                0x038042c4                vex::thread::~thread()
 .text._ZN3vex6thread11setPriorityEl
                0x038042c8       0x1c c:\Users\asus\AppData\Roaming\Code\User\globalStorage\vexrobotics.vexcode\sdk\cpp\V5\V5_20240223_11_00_00/vexv5\libv5rt.a(vex_thread.cpp.obj)
                0x038042c8                vex::thread::setPriority(long)
 .text._ZN3vex11this_thread5yieldEv
                0x038042e4        0x4 c:\Users\asus\AppData\Roaming\Code\User\globalStorage\vexrobotics.vexcode\sdk\cpp\V5\V5_20240223_11_00_00/vexv5\libv5rt.a(vex_thread.cpp.obj)
                0x038042e4                vex::this_thread::yield()
 .text._ZN3vex11this_thread9sleep_forEm
                0x038042e8        0x4 c:\Users\asus\AppData\Roaming\Code\User\globalStorage\vexrobotics.vexcode\sdk\cpp\V5\V5_20240223_11_00_00/vexv5\libv5rt.a(vex_thread.cpp.obj)
                0x038042e8                vex::this_thread::sleep_for(unsigned long)
 .text._ZN3vex5mutexC2Ev
                0x038042ec       0x1c c:\Users\asus\AppData\Roaming\Code\User\globalStorage\vexrobotics.vexcode\sdk\cpp\V5\V5_20240223_11_00_00/vexv5\libv5rt.a(vex_thread.cpp.obj)
                0x038042ec                vex::mutex::mutex()
                0x038042ec                vex::mutex::mutex()
 .text._ZN3vex5mutexD2Ev
                0x03804308        0x4 c:\Users\asus\AppData\Roaming\Code\User\globalStorage\vexrobotics.vexcode\sdk\cpp\V5\V5_20240223_11_00_00/vexv5\libv5rt.a(vex_thread.cpp.obj)
                0x03804308                vex::mutex::~mutex()
                0x03804308                vex::mutex::~mutex()
 .text._ZN3vex5mutex4lockEv
                0x0380430c        0x8 c:\Users\asus\AppData\Roaming\Code\User\globalStorage\vexrobotics.vexcode\sdk\cpp\V5\V5_20240223_11_00_00/vexv5\libv5rt.a(vex_thread.cpp.obj)
                0x0380430c                vex::mutex::lock()
 .text._ZN3vex5mutex6unlockEv
                0x03804314        0x4 c:\Users\asus\AppData\Roaming\Code\User\globalStorage\vexrobotics.vexcode\sdk\cpp\V5\V5_20240223_11_00_00/vexv5\libv5rt.a(vex_thread.cpp.obj)
                0x03804314                vex::mutex::unlock()
 .text._ZN3vex5event4initEmmPFvvE
                0x03804318        0x4 c:\Users\asus\AppData\Roaming\Code\User\globalStorage\vexrobotics.vexcode\sdk\cpp\V5\V5_20240223_11_00_00/vexv5\libv5rt.a(vex_event.cpp.obj)
                0x03804318                vex::event::init(unsigned long, unsigned long, void (*)())
 .text._ZN3vex5event4initEmmPFvPvES1_
                0x0380431c        0x4 c:\Users\asus\AppData\Roaming\Code\User\globalStorage\vexrobotics.vexcode\sdk\cpp\V5\V5_20240223_11_00_00/vexv5\libv5rt.a(vex_event.cpp.obj)
                0x0380431c                vex::event::init(unsigned long, unsigned long, void (*)(void*), void*)
 .text._ZN3vex5event9userindexEv
                0x03804320        0x4 c:\Users\asus\AppData\Roaming\Code\User\globalStorage\vexrobotics.vexcode\sdk\cpp\V5\V5_20240223_11_00_00/vexv5\libv5rt.a(vex_event.cpp.obj)
                0x03804320                vex::event::userindex()
 .text._ZN3vex5brain9_getIndexEv
                0x03804324       0x10 c:\Users\asus\AppData\Roaming\Code\User\globalStorage\vexrobotics.vexcode\sdk\cpp\V5\V5_20240223_11_00_00/vexv5\libv5rt.a(vex_brain.cpp.obj)
                0x03804324                vex::brain::_getIndex()
 .text._ZN3vex5brain3lcd9setCursorEll
                0x03804334       0x44 c:\Users\asus\AppData\Roaming\Code\User\globalStorage\vexrobotics.vexcode\sdk\cpp\V5\V5_20240223_11_00_00/vexv5\libv5rt.a(vex_brain.cpp.obj)
                0x03804334                vex::brain::lcd::setCursor(long, long)
 .text._ZN3vex5brain3lcd7setFontENS_8fontTypeE
                0x03804378      0x23c c:\Users\asus\AppData\Roaming\Code\User\globalStorage\vexrobotics.vexcode\sdk\cpp\V5\V5_20240223_11_00_00/vexv5\libv5rt.a(vex_brain.cpp.obj)
                0x03804378                vex::brain::lcd::setFont(vex::fontType)
 .text._ZN3vex5brain3lcdC2Ev
                0x038045b4       0x94 c:\Users\asus\AppData\Roaming\Code\User\globalStorage\vexrobotics.vexcode\sdk\cpp\V5\V5_20240223_11_00_00/vexv5\libv5rt.a(vex_brain.cpp.obj)
                0x038045b4                vex::brain::lcd::lcd()
                0x038045b4                vex::brain::lcd::lcd()
 .text._ZN3vex5brainC2Ev
                0x03804648       0x3c c:\Users\asus\AppData\Roaming\Code\User\globalStorage\vexrobotics.vexcode\sdk\cpp\V5\V5_20240223_11_00_00/vexv5\libv5rt.a(vex_brain.cpp.obj)
                0x03804648                vex::brain::brain()
                0x03804648                vex::brain::brain()
 .text._ZN3vex5brain3lcd11setPenColorERKNS_5colorE
                0x03804684       0x14 c:\Users\asus\AppData\Roaming\Code\User\globalStorage\vexrobotics.vexcode\sdk\cpp\V5\V5_20240223_11_00_00/vexv5\libv5rt.a(vex_brain.cpp.obj)
                0x03804684                vex::brain::lcd::setPenColor(vex::color const&)
 .text._ZN3vex5brain3lcd12setFillColorERKNS_5colorE
                0x03804698       0x38 c:\Users\asus\AppData\Roaming\Code\User\globalStorage\vexrobotics.vexcode\sdk\cpp\V5\V5_20240223_11_00_00/vexv5\libv5rt.a(vex_brain.cpp.obj)
                0x03804698                vex::brain::lcd::setFillColor(vex::color const&)
 .text._ZN3vex5brain3lcd7printAtEllPKcz
                0x038046d0       0x54 c:\Users\asus\AppData\Roaming\Code\User\globalStorage\vexrobotics.vexcode\sdk\cpp\V5\V5_20240223_11_00_00/vexv5\libv5rt.a(vex_brain.cpp.obj)
                0x038046d0                vex::brain::lcd::printAt(long, long, char const*, ...)
 .text._ZN3vex5brain3lcd13drawRectangleEiiii
                0x03804724       0xdc c:\Users\asus\AppData\Roaming\Code\User\globalStorage\vexrobotics.vexcode\sdk\cpp\V5\V5_20240223_11_00_00/vexv5\libv5rt.a(vex_brain.cpp.obj)
                0x03804724                vex::brain::lcd::drawRectangle(int, int, int, int)
 .text._ZN3vex5brain3lcd14_drawRectangleEiiiim
                0x03804800       0x74 c:\Users\asus\AppData\Roaming\Code\User\globalStorage\vexrobotics.vexcode\sdk\cpp\V5\V5_20240223_11_00_00/vexv5\libv5rt.a(vex_brain.cpp.obj)
                0x03804800                vex::brain::lcd::_drawRectangle(int, int, int, int, unsigned long)
 .text._ZN3vex5brain3lcd13drawRectangleEiiiiRKNS_5colorE
                0x03804874       0x68 c:\Users\asus\AppData\Roaming\Code\User\globalStorage\vexrobotics.vexcode\sdk\cpp\V5\V5_20240223_11_00_00/vexv5\libv5rt.a(vex_brain.cpp.obj)
                0x03804874                vex::brain::lcd::drawRectangle(int, int, int, int, vex::color const&)
 .text._ZN3vex5brain3lcd6renderEv
                0x038048dc        0xc c:\Users\asus\AppData\Roaming\Code\User\globalStorage\vexrobotics.vexcode\sdk\cpp\V5\V5_20240223_11_00_00/vexv5\libv5rt.a(vex_brain.cpp.obj)
                0x038048dc                vex::brain::lcd::render()
 .text._ZN3vex5brain3lcd13setClipRegionEiiii
                0x038048e8       0x34 c:\Users\asus\AppData\Roaming\Code\User\globalStorage\vexrobotics.vexcode\sdk\cpp\V5\V5_20240223_11_00_00/vexv5\libv5rt.a(vex_brain.cpp.obj)
                0x038048e8                vex::brain::lcd::setClipRegion(int, int, int, int)
 .text._ZN3vex5brainD2Ev
                0x0380491c       0x20 c:\Users\asus\AppData\Roaming\Code\User\globalStorage\vexrobotics.vexcode\sdk\cpp\V5\V5_20240223_11_00_00/vexv5\libv5rt.a(vex_brain.cpp.obj)
                0x0380491c                vex::brain::~brain()
                0x0380491c                vex::brain::~brain()
 .text._ZN3vex11competition8_disableEPv
                0x0380493c       0xa4 c:\Users\asus\AppData\Roaming\Code\User\globalStorage\vexrobotics.vexcode\sdk\cpp\V5\V5_20240223_11_00_00/vexv5\libv5rt.a(vex_competition.cpp.obj)
                0x0380493c                vex::competition::_disable(void*)
 .text._ZN3vex11competition11_autonomousEv
                0x038049e0       0x80 c:\Users\asus\AppData\Roaming\Code\User\globalStorage\vexrobotics.vexcode\sdk\cpp\V5\V5_20240223_11_00_00/vexv5\libv5rt.a(vex_competition.cpp.obj)
                0x038049e0                vex::competition::_autonomous()
 .text._ZN3vex11competition14_drivercontrolEv
                0x03804a60       0x80 c:\Users\asus\AppData\Roaming\Code\User\globalStorage\vexrobotics.vexcode\sdk\cpp\V5\V5_20240223_11_00_00/vexv5\libv5rt.a(vex_competition.cpp.obj)
                0x03804a60                vex::competition::_drivercontrol()
 .text._ZN3vex11competitionC2Ev
                0x03804ae0      0x13c c:\Users\asus\AppData\Roaming\Code\User\globalStorage\vexrobotics.vexcode\sdk\cpp\V5\V5_20240223_11_00_00/vexv5\libv5rt.a(vex_competition.cpp.obj)
                0x03804ae0                vex::competition::competition()
                0x03804ae0                vex::competition::competition()
 .text._ZN3vex11competitionD2Ev
                0x03804c1c        0x4 c:\Users\asus\AppData\Roaming\Code\User\globalStorage\vexrobotics.vexcode\sdk\cpp\V5\V5_20240223_11_00_00/vexv5\libv5rt.a(vex_competition.cpp.obj)
                0x03804c1c                vex::competition::~competition()
                0x03804c1c                vex::competition::~competition()
 .text._ZN3vex11competition10autonomousEPFvvE
                0x03804c20       0x44 c:\Users\asus\AppData\Roaming\Code\User\globalStorage\vexrobotics.vexcode\sdk\cpp\V5\V5_20240223_11_00_00/vexv5\libv5rt.a(vex_competition.cpp.obj)
                0x03804c20                vex::competition::autonomous(void (*)())
 .text._ZN3vex7triportD2Ev
                0x03804c64       0x38 c:\Users\asus\AppData\Roaming\Code\User\globalStorage\vexrobotics.vexcode\sdk\cpp\V5\V5_20240223_11_00_00/vexv5\libv5rt.a(vex_triport.cpp.obj)
                0x03804c64                vex::triport::~triport()
                0x03804c64                vex::triport::~triport()
 .text._ZN3vex7triportD0Ev
                0x03804c9c       0x1c c:\Users\asus\AppData\Roaming\Code\User\globalStorage\vexrobotics.vexcode\sdk\cpp\V5\V5_20240223_11_00_00/vexv5\libv5rt.a(vex_triport.cpp.obj)
                0x03804c9c                vex::triport::~triport()
 .text._ZN3vex7triport9installedEv
                0x03804cb8       0x18 c:\Users\asus\AppData\Roaming\Code\User\globalStorage\vexrobotics.vexcode\sdk\cpp\V5\V5_20240223_11_00_00/vexv5\libv5rt.a(vex_triport.cpp.obj)
                0x03804cb8                vex::triport::installed()
 .text._ZN3vex7triport4portC2ElPS0_
                0x03804cd0       0x74 c:\Users\asus\AppData\Roaming\Code\User\globalStorage\vexrobotics.vexcode\sdk\cpp\V5\V5_20240223_11_00_00/vexv5\libv5rt.a(vex_triport.cpp.obj)
                0x03804cd0                vex::triport::port::port(long, vex::triport*)
                0x03804cd0                vex::triport::port::port(long, vex::triport*)
 .text._ZN3vex7triportC2El
                0x03804d44       0xf0 c:\Users\asus\AppData\Roaming\Code\User\globalStorage\vexrobotics.vexcode\sdk\cpp\V5\V5_20240223_11_00_00/vexv5\libv5rt.a(vex_triport.cpp.obj)
                0x03804d44                vex::triport::triport(long)
                0x03804d44                vex::triport::triport(long)
 .text._ZN3vex5colorD2Ev
                0x03804e34        0x4 c:\Users\asus\AppData\Roaming\Code\User\globalStorage\vexrobotics.vexcode\sdk\cpp\V5\V5_20240223_11_00_00/vexv5\libv5rt.a(vex_color.cpp.obj)
                0x03804e34                vex::color::~color()
                0x03804e34                vex::color::~color()
 .text._ZN3vex5colorC2Ei
                0x03804e38       0x10 c:\Users\asus\AppData\Roaming\Code\User\globalStorage\vexrobotics.vexcode\sdk\cpp\V5\V5_20240223_11_00_00/vexv5\libv5rt.a(vex_color.cpp.obj)
                0x03804e38                vex::color::color(int)
                0x03804e38                vex::color::color(int)
 .text._ZNK3vex5colorcvmEv
                0x03804e48        0x8 c:\Users\asus\AppData\Roaming\Code\User\globalStorage\vexrobotics.vexcode\sdk\cpp\V5\V5_20240223_11_00_00/vexv5\libv5rt.a(vex_color.cpp.obj)
                0x03804e48                vex::color::operator unsigned long() const
 .text._ZNK3vex5color13isTransparentEv
                0x03804e50        0x8 c:\Users\asus\AppData\Roaming\Code\User\globalStorage\vexrobotics.vexcode\sdk\cpp\V5\V5_20240223_11_00_00/vexv5\libv5rt.a(vex_color.cpp.obj)
                0x03804e50                vex::color::isTransparent() const
 .text.startup._GLOBAL__sub_I__ZN3vex5color5blackE
                0x03804e58      0x164 c:\Users\asus\AppData\Roaming\Code\User\globalStorage\vexrobotics.vexcode\sdk\cpp\V5\V5_20240223_11_00_00/vexv5\libv5rt.a(vex_color.cpp.obj)
 .text._ZN3vex5timerD2Ev
                0x03804fbc        0x4 c:\Users\asus\AppData\Roaming\Code\User\globalStorage\vexrobotics.vexcode\sdk\cpp\V5\V5_20240223_11_00_00/vexv5\libv5rt.a(vex_timer.cpp.obj)
                0x03804fbc                vex::timer::~timer()
                0x03804fbc                vex::timer::~timer()
 .text._ZN3vex5timer5clearEv
                0x03804fc0       0x1c c:\Users\asus\AppData\Roaming\Code\User\globalStorage\vexrobotics.vexcode\sdk\cpp\V5\V5_20240223_11_00_00/vexv5\libv5rt.a(vex_timer.cpp.obj)
                0x03804fc0                vex::timer::clear()
 .text._ZN3vex5timerC2Ev
                0x03804fdc       0x14 c:\Users\asus\AppData\Roaming\Code\User\globalStorage\vexrobotics.vexcode\sdk\cpp\V5\V5_20240223_11_00_00/vexv5\libv5rt.a(vex_timer.cpp.obj)
                0x03804fdc                vex::timer::timer()
                0x03804fdc                vex::timer::timer()
 .text._ZNK3vex5timer4timeEv
                0x03804ff0       0x1c c:\Users\asus\AppData\Roaming\Code\User\globalStorage\vexrobotics.vexcode\sdk\cpp\V5\V5_20240223_11_00_00/vexv5\libv5rt.a(vex_timer.cpp.obj)
                0x03804ff0                vex::timer::time() const
 .text._ZN3vex5timer6systemEv
                0x0380500c        0x4 c:\Users\asus\AppData\Roaming\Code\User\globalStorage\vexrobotics.vexcode\sdk\cpp\V5\V5_20240223_11_00_00/vexv5\libv5rt.a(vex_timer.cpp.obj)
                0x0380500c                vex::timer::system()
 .text._ZN3vex10drivetrainD2Ev
                0x03805010       0x28 c:\Users\asus\AppData\Roaming\Code\User\globalStorage\vexrobotics.vexcode\sdk\cpp\V5\V5_20240223_11_00_00/vexv5\libv5rt.a(vex_drivetrain.cpp.obj)
                0x03805010                vex::drivetrain::~drivetrain()
                0x03805010                vex::drivetrain::~drivetrain()
 .text._ZN3vex10drivetrainD0Ev
                0x03805038       0x1c c:\Users\asus\AppData\Roaming\Code\User\globalStorage\vexrobotics.vexcode\sdk\cpp\V5\V5_20240223_11_00_00/vexv5\libv5rt.a(vex_drivetrain.cpp.obj)
                0x03805038                vex::drivetrain::~drivetrain()
 .text._ZN3vex10drivetrain8isMovingEv
                0x03805054       0x24 c:\Users\asus\AppData\Roaming\Code\User\globalStorage\vexrobotics.vexcode\sdk\cpp\V5\V5_20240223_11_00_00/vexv5\libv5rt.a(vex_drivetrain.cpp.obj)
                0x03805054                vex::drivetrain::isMoving()
 .text._ZN3vex10drivetrain16setDriveVelocityEdNS_13velocityUnitsE
                0x03805078       0x48 c:\Users\asus\AppData\Roaming\Code\User\globalStorage\vexrobotics.vexcode\sdk\cpp\V5\V5_20240223_11_00_00/vexv5\libv5rt.a(vex_drivetrain.cpp.obj)
                0x03805078                vex::drivetrain::setDriveVelocity(double, vex::velocityUnits)
 .text._ZN3vex10drivetrain12setGearRatioEd
                0x038050c0       0x54 c:\Users\asus\AppData\Roaming\Code\User\globalStorage\vexrobotics.vexcode\sdk\cpp\V5\V5_20240223_11_00_00/vexv5\libv5rt.a(vex_drivetrain.cpp.obj)
                0x038050c0                vex::drivetrain::setGearRatio(double)
 .text._ZN3vex10drivetrain10timeoutGetEv
                0x03805114        0x8 c:\Users\asus\AppData\Roaming\Code\User\globalStorage\vexrobotics.vexcode\sdk\cpp\V5\V5_20240223_11_00_00/vexv5\libv5rt.a(vex_drivetrain.cpp.obj)
                0x03805114                vex::drivetrain::timeoutGet()
 .text._ZN3vex10drivetrain4turnENS_8turnTypeE
                0x0380511c       0x50 c:\Users\asus\AppData\Roaming\Code\User\globalStorage\vexrobotics.vexcode\sdk\cpp\V5\V5_20240223_11_00_00/vexv5\libv5rt.a(vex_drivetrain.cpp.obj)
                0x0380511c                vex::drivetrain::turn(vex::turnType)
 .text._ZN3vex10drivetrain15setTurnVelocityEdNS_13velocityUnitsE
                0x0380516c       0x28 c:\Users\asus\AppData\Roaming\Code\User\globalStorage\vexrobotics.vexcode\sdk\cpp\V5\V5_20240223_11_00_00/vexv5\libv5rt.a(vex_drivetrain.cpp.obj)
                0x0380516c                vex::drivetrain::setTurnVelocity(double, vex::velocityUnits)
 .text._ZN3vex10drivetrain4turnENS_8turnTypeEdNS_13velocityUnitsE
                0x03805194       0x6c c:\Users\asus\AppData\Roaming\Code\User\globalStorage\vexrobotics.vexcode\sdk\cpp\V5\V5_20240223_11_00_00/vexv5\libv5rt.a(vex_drivetrain.cpp.obj)
                0x03805194                vex::drivetrain::turn(vex::turnType, double, vex::velocityUnits)
 .text._ZN3vex10drivetrain6isDoneEv
                0x03805200       0x14 c:\Users\asus\AppData\Roaming\Code\User\globalStorage\vexrobotics.vexcode\sdk\cpp\V5\V5_20240223_11_00_00/vexv5\libv5rt.a(vex_drivetrain.cpp.obj)
                0x03805200                vex::drivetrain::isDone()
 .text._ZN3vex10drivetrain4stopEv
                0x03805214       0x24 c:\Users\asus\AppData\Roaming\Code\User\globalStorage\vexrobotics.vexcode\sdk\cpp\V5\V5_20240223_11_00_00/vexv5\libv5rt.a(vex_drivetrain.cpp.obj)
                0x03805214                vex::drivetrain::stop()
 .text._ZN3vex10drivetrain21_waitForCompletionAllEv
                0x03805238       0x80 c:\Users\asus\AppData\Roaming\Code\User\globalStorage\vexrobotics.vexcode\sdk\cpp\V5\V5_20240223_11_00_00/vexv5\libv5rt.a(vex_drivetrain.cpp.obj)
                0x03805238                vex::drivetrain::_waitForCompletionAll()
 .text._ZN3vex10drivetrain12distanceToMmEdNS_13distanceUnitsE
                0x038052b8       0x38 c:\Users\asus\AppData\Roaming\Code\User\globalStorage\vexrobotics.vexcode\sdk\cpp\V5\V5_20240223_11_00_00/vexv5\libv5rt.a(vex_drivetrain.cpp.obj)
                0x038052b8                vex::drivetrain::distanceToMm(double, vex::distanceUnits)
 .text._ZN3vex10drivetrainC2ERNS_5motorES2_dddNS_13distanceUnitsEd
                0x038052f0      0x130 c:\Users\asus\AppData\Roaming\Code\User\globalStorage\vexrobotics.vexcode\sdk\cpp\V5\V5_20240223_11_00_00/vexv5\libv5rt.a(vex_drivetrain.cpp.obj)
                0x038052f0                vex::drivetrain::drivetrain(vex::motor&, vex::motor&, double, double, double, vex::distanceUnits, double)
                0x038052f0                vex::drivetrain::drivetrain(vex::motor&, vex::motor&, double, double, double, vex::distanceUnits, double)
 .text._ZN3vex10drivetrain14distanceToRevsEdNS_13distanceUnitsE
                0x03805420       0x34 c:\Users\asus\AppData\Roaming\Code\User\globalStorage\vexrobotics.vexcode\sdk\cpp\V5\V5_20240223_11_00_00/vexv5\libv5rt.a(vex_drivetrain.cpp.obj)
                0x03805420                vex::drivetrain::distanceToRevs(double, vex::distanceUnits)
 .text._ZN3vex10drivetrain8driveForENS_13directionTypeEdNS_13distanceUnitsEb
                0x03805454       0x90 c:\Users\asus\AppData\Roaming\Code\User\globalStorage\vexrobotics.vexcode\sdk\cpp\V5\V5_20240223_11_00_00/vexv5\libv5rt.a(vex_drivetrain.cpp.obj)
                0x03805454                vex::drivetrain::driveFor(vex::directionType, double, vex::distanceUnits, bool)
 .text._ZN3vex10drivetrain8driveForEdNS_13distanceUnitsEb
                0x038054e4       0x10 c:\Users\asus\AppData\Roaming\Code\User\globalStorage\vexrobotics.vexcode\sdk\cpp\V5\V5_20240223_11_00_00/vexv5\libv5rt.a(vex_drivetrain.cpp.obj)
                0x038054e4                vex::drivetrain::driveFor(double, vex::distanceUnits, bool)
 .text._ZN3vex10drivetrain8driveForENS_13directionTypeEdNS_13distanceUnitsEdNS_13velocityUnitsEb
                0x038054f4       0xc8 c:\Users\asus\AppData\Roaming\Code\User\globalStorage\vexrobotics.vexcode\sdk\cpp\V5\V5_20240223_11_00_00/vexv5\libv5rt.a(vex_drivetrain.cpp.obj)
                0x038054f4                vex::drivetrain::driveFor(vex::directionType, double, vex::distanceUnits, double, vex::velocityUnits, bool)
 .text._ZN3vex10drivetrain8driveForEdNS_13distanceUnitsEdNS_13velocityUnitsEb
                0x038055bc       0x18 c:\Users\asus\AppData\Roaming\Code\User\globalStorage\vexrobotics.vexcode\sdk\cpp\V5\V5_20240223_11_00_00/vexv5\libv5rt.a(vex_drivetrain.cpp.obj)
                0x038055bc                vex::drivetrain::driveFor(double, vex::distanceUnits, double, vex::velocityUnits, bool)
 *fill*         0x038055d4        0x4 
 .text._ZN3vex10drivetrain11angleToRevsEdNS_13rotationUnitsE
                0x038055d8       0x98 c:\Users\asus\AppData\Roaming\Code\User\globalStorage\vexrobotics.vexcode\sdk\cpp\V5\V5_20240223_11_00_00/vexv5\libv5rt.a(vex_drivetrain.cpp.obj)
                0x038055d8                vex::drivetrain::angleToRevs(double, vex::rotationUnits)
 .text._ZN3vex10drivetrain7turnForENS_8turnTypeEdNS_13rotationUnitsEb
                0x03805670       0xbc c:\Users\asus\AppData\Roaming\Code\User\globalStorage\vexrobotics.vexcode\sdk\cpp\V5\V5_20240223_11_00_00/vexv5\libv5rt.a(vex_drivetrain.cpp.obj)
                0x03805670                vex::drivetrain::turnFor(vex::turnType, double, vex::rotationUnits, bool)
 .text._ZN3vex10drivetrain7turnForEdNS_13rotationUnitsEb
                0x0380572c       0x10 c:\Users\asus\AppData\Roaming\Code\User\globalStorage\vexrobotics.vexcode\sdk\cpp\V5\V5_20240223_11_00_00/vexv5\libv5rt.a(vex_drivetrain.cpp.obj)
                0x0380572c                vex::drivetrain::turnFor(double, vex::rotationUnits, bool)
 .text._ZN3vex10drivetrain7turnForENS_8turnTypeEdNS_13rotationUnitsEdNS_13velocityUnitsEb
                0x0380573c       0xd0 c:\Users\asus\AppData\Roaming\Code\User\globalStorage\vexrobotics.vexcode\sdk\cpp\V5\V5_20240223_11_00_00/vexv5\libv5rt.a(vex_drivetrain.cpp.obj)
                0x0380573c                vex::drivetrain::turnFor(vex::turnType, double, vex::rotationUnits, double, vex::velocityUnits, bool)
 .text._ZN3vex10drivetrain7turnForEdNS_13rotationUnitsEdNS_13velocityUnitsEb
                0x0380580c       0x18 c:\Users\asus\AppData\Roaming\Code\User\globalStorage\vexrobotics.vexcode\sdk\cpp\V5\V5_20240223_11_00_00/vexv5\libv5rt.a(vex_drivetrain.cpp.obj)
                0x0380580c                vex::drivetrain::turnFor(double, vex::rotationUnits, double, vex::velocityUnits, bool)
 .text._ZN3vex10smartdriveD2Ev
                0x03805824       0x3c c:\Users\asus\AppData\Roaming\Code\User\globalStorage\vexrobotics.vexcode\sdk\cpp\V5\V5_20240223_11_00_00/vexv5\libv5rt.a(vex_smartdrive.cpp.obj)
                0x03805824                vex::smartdrive::~smartdrive()
                0x03805824                vex::smartdrive::~smartdrive()
 .text._ZN3vex10smartdriveD0Ev
                0x03805860       0x1c c:\Users\asus\AppData\Roaming\Code\User\globalStorage\vexrobotics.vexcode\sdk\cpp\V5\V5_20240223_11_00_00/vexv5\libv5rt.a(vex_smartdrive.cpp.obj)
                0x03805860                vex::smartdrive::~smartdrive()
 .text._ZN3vex10smartdrive23setTurnDirectionReverseEb
                0x0380587c       0x20 c:\Users\asus\AppData\Roaming\Code\User\globalStorage\vexrobotics.vexcode\sdk\cpp\V5\V5_20240223_11_00_00/vexv5\libv5rt.a(vex_smartdrive.cpp.obj)
                0x0380587c                vex::smartdrive::setTurnDirectionReverse(bool)
 .text._ZN3vex10smartdriveC2ERNS_5motorES2_RNS_5guidoEdddNS_13distanceUnitsEd
                0x0380589c       0xb4 c:\Users\asus\AppData\Roaming\Code\User\globalStorage\vexrobotics.vexcode\sdk\cpp\V5\V5_20240223_11_00_00/vexv5\libv5rt.a(vex_smartdrive.cpp.obj)
                0x0380589c                vex::smartdrive::smartdrive(vex::motor&, vex::motor&, vex::guido&, double, double, double, vex::distanceUnits, double)
                0x0380589c                vex::smartdrive::smartdrive(vex::motor&, vex::motor&, vex::guido&, double, double, double, vex::distanceUnits, double)
 .text._ZN3vex10smartdrive8rotationENS_13rotationUnitsE
                0x03805950       0x10 c:\Users\asus\AppData\Roaming\Code\User\globalStorage\vexrobotics.vexcode\sdk\cpp\V5\V5_20240223_11_00_00/vexv5\libv5rt.a(vex_smartdrive.cpp.obj)
                0x03805950                vex::smartdrive::rotation(vex::rotationUnits)
 .text._ZN3vex10smartdrive9isTurningEv
                0x03805960       0x1c c:\Users\asus\AppData\Roaming\Code\User\globalStorage\vexrobotics.vexcode\sdk\cpp\V5\V5_20240223_11_00_00/vexv5\libv5rt.a(vex_smartdrive.cpp.obj)
                0x03805960                vex::smartdrive::isTurning()
 .text._ZN3vex10smartdrive11_initeventsEv
                0x0380597c       0x50 c:\Users\asus\AppData\Roaming\Code\User\globalStorage\vexrobotics.vexcode\sdk\cpp\V5\V5_20240223_11_00_00/vexv5\libv5rt.a(vex_smartdrive.cpp.obj)
                0x0380597c                vex::smartdrive::_initevents()
 .text._ZN3vex10smartdrive22_testForCompletionGyroEv
                0x038059cc       0xd4 c:\Users\asus\AppData\Roaming\Code\User\globalStorage\vexrobotics.vexcode\sdk\cpp\V5\V5_20240223_11_00_00/vexv5\libv5rt.a(vex_smartdrive.cpp.obj)
                0x038059cc                vex::smartdrive::_testForCompletionGyro()
 .text._ZN3vex10smartdrive9_gyrotaskEPv
                0x03805aa0       0x94 c:\Users\asus\AppData\Roaming\Code\User\globalStorage\vexrobotics.vexcode\sdk\cpp\V5\V5_20240223_11_00_00/vexv5\libv5rt.a(vex_smartdrive.cpp.obj)
                0x03805aa0                vex::smartdrive::_gyrotask(void*)
 .text._ZN3vex10smartdrive22_waitForCompletionGyroEv
                0x03805b34       0xa8 c:\Users\asus\AppData\Roaming\Code\User\globalStorage\vexrobotics.vexcode\sdk\cpp\V5\V5_20240223_11_00_00/vexv5\libv5rt.a(vex_smartdrive.cpp.obj)
                0x03805b34                vex::smartdrive::_waitForCompletionGyro()
 *fill*         0x03805bdc        0x4 
 .text._ZN3vex10smartdrive7turnForENS_8turnTypeEdNS_13rotationUnitsEdNS_13velocityUnitsEb
                0x03805be0      0x160 c:\Users\asus\AppData\Roaming\Code\User\globalStorage\vexrobotics.vexcode\sdk\cpp\V5\V5_20240223_11_00_00/vexv5\libv5rt.a(vex_smartdrive.cpp.obj)
                0x03805be0                vex::smartdrive::turnFor(vex::turnType, double, vex::rotationUnits, double, vex::velocityUnits, bool)
 .text._ZN3vex10smartdrive7turnForENS_8turnTypeEdNS_13rotationUnitsEb
                0x03805d40       0x34 c:\Users\asus\AppData\Roaming\Code\User\globalStorage\vexrobotics.vexcode\sdk\cpp\V5\V5_20240223_11_00_00/vexv5\libv5rt.a(vex_smartdrive.cpp.obj)
                0x03805d40                vex::smartdrive::turnFor(vex::turnType, double, vex::rotationUnits, bool)
 .text._ZN3vex10smartdrive7turnForEdNS_13rotationUnitsEb
                0x03805d74       0x10 c:\Users\asus\AppData\Roaming\Code\User\globalStorage\vexrobotics.vexcode\sdk\cpp\V5\V5_20240223_11_00_00/vexv5\libv5rt.a(vex_smartdrive.cpp.obj)
                0x03805d74                vex::smartdrive::turnFor(double, vex::rotationUnits, bool)
 .text._ZN3vex10smartdrive7turnForEdNS_13rotationUnitsEdNS_13velocityUnitsEb
                0x03805d84       0x18 c:\Users\asus\AppData\Roaming\Code\User\globalStorage\vexrobotics.vexcode\sdk\cpp\V5\V5_20240223_11_00_00/vexv5\libv5rt.a(vex_smartdrive.cpp.obj)
                0x03805d84                vex::smartdrive::turnFor(double, vex::rotationUnits, double, vex::velocityUnits, bool)
 .text._ZN3vex10smartdrive8isMovingEv
                0x03805d9c       0x20 c:\Users\asus\AppData\Roaming\Code\User\globalStorage\vexrobotics.vexcode\sdk\cpp\V5\V5_20240223_11_00_00/vexv5\libv5rt.a(vex_smartdrive.cpp.obj)
                0x03805d9c                vex::smartdrive::isMoving()
 .text._ZN3vex7vexlinkD2Ev
                0x03805dbc       0x20 c:\Users\asus\AppData\Roaming\Code\User\globalStorage\vexrobotics.vexcode\sdk\cpp\V5\V5_20240223_11_00_00/vexv5\libv5rt.a(vex_vexlink.cpp.obj)
                0x03805dbc                vex::vexlink::~vexlink()
                0x03805dbc                vex::vexlink::~vexlink()
 .text._ZN3vex11serial_linkD2Ev
                0x03805ddc       0x28 c:\Users\asus\AppData\Roaming\Code\User\globalStorage\vexrobotics.vexcode\sdk\cpp\V5\V5_20240223_11_00_00/vexv5\libv5rt.a(vex_vexlink.cpp.obj)
                0x03805ddc                vex::serial_link::~serial_link()
                0x03805ddc                vex::serial_link::~serial_link()
 .text._ZN3vex7vexlinkD0Ev
                0x03805e04       0x1c c:\Users\asus\AppData\Roaming\Code\User\globalStorage\vexrobotics.vexcode\sdk\cpp\V5\V5_20240223_11_00_00/vexv5\libv5rt.a(vex_vexlink.cpp.obj)
                0x03805e04                vex::vexlink::~vexlink()
 .text._ZN3vex11serial_linkD0Ev
                0x03805e20       0x1c c:\Users\asus\AppData\Roaming\Code\User\globalStorage\vexrobotics.vexcode\sdk\cpp\V5\V5_20240223_11_00_00/vexv5\libv5rt.a(vex_vexlink.cpp.obj)
                0x03805e20                vex::serial_link::~serial_link()
 .text._ZN3vex7vexlink9installedEv
                0x03805e3c       0x18 c:\Users\asus\AppData\Roaming\Code\User\globalStorage\vexrobotics.vexcode\sdk\cpp\V5\V5_20240223_11_00_00/vexv5\libv5rt.a(vex_vexlink.cpp.obj)
                0x03805e3c                vex::vexlink::installed()
 .text._ZN3vex7vexlinkC2ElPKcNS_8linkTypeEb
                0x03805e54      0x1d0 c:\Users\asus\AppData\Roaming\Code\User\globalStorage\vexrobotics.vexcode\sdk\cpp\V5\V5_20240223_11_00_00/vexv5\libv5rt.a(vex_vexlink.cpp.obj)
                0x03805e54                vex::vexlink::vexlink(long, char const*, vex::linkType, bool)
                0x03805e54                vex::vexlink::vexlink(long, char const*, vex::linkType, bool)
 .text._ZN3vex7vexlink8isLinkedEv
                0x03806024       0x44 c:\Users\asus\AppData\Roaming\Code\User\globalStorage\vexrobotics.vexcode\sdk\cpp\V5\V5_20240223_11_00_00/vexv5\libv5rt.a(vex_vexlink.cpp.obj)
                0x03806024                vex::vexlink::isLinked()
 .text._ZN3vex7vexlink5crc32EPhmm
                0x03806068       0x7c c:\Users\asus\AppData\Roaming\Code\User\globalStorage\vexrobotics.vexcode\sdk\cpp\V5\V5_20240223_11_00_00/vexv5\libv5rt.a(vex_vexlink.cpp.obj)
                0x03806068                vex::vexlink::crc32(unsigned char*, unsigned long, unsigned long)
 .text._ZN3vex11serial_linkC2ElPKcNS_8linkTypeEb
                0x038060e4       0x34 c:\Users\asus\AppData\Roaming\Code\User\globalStorage\vexrobotics.vexcode\sdk\cpp\V5\V5_20240223_11_00_00/vexv5\libv5rt.a(vex_vexlink.cpp.obj)
                0x038060e4                vex::serial_link::serial_link(long, char const*, vex::linkType, bool)
                0x038060e4                vex::serial_link::serial_link(long, char const*, vex::linkType, bool)
 .text._ZN3vex11serial_link4sendEPhl
                0x03806118       0x54 c:\Users\asus\AppData\Roaming\Code\User\globalStorage\vexrobotics.vexcode\sdk\cpp\V5\V5_20240223_11_00_00/vexv5\libv5rt.a(vex_vexlink.cpp.obj)
                0x03806118                vex::serial_link::send(unsigned char*, long)
 .text._ZN3vex11serial_link7receiveEPhll
                0x0380616c       0x88 c:\Users\asus\AppData\Roaming\Code\User\globalStorage\vexrobotics.vexcode\sdk\cpp\V5\V5_20240223_11_00_00/vexv5\libv5rt.a(vex_vexlink.cpp.obj)
                0x0380616c                vex::serial_link::receive(unsigned char*, long, long)
 .text.vexMotorVelocitySet
                0x038061f4       0x20 c:\Users\asus\AppData\Roaming\Code\User\globalStorage\vexrobotics.vexcode\sdk\cpp\V5\V5_20240223_11_00_00/vexv5\libv5rt.a(v5_apiuser.c.obj)
                0x038061f4                vexMotorVelocitySet
 .text.vexMotorVelocityGet
                0x03806214       0x18 c:\Users\asus\AppData\Roaming\Code\User\globalStorage\vexrobotics.vexcode\sdk\cpp\V5\V5_20240223_11_00_00/vexv5\libv5rt.a(v5_apiuser.c.obj)
                0x03806214                vexMotorVelocityGet
 .text.vexMotorActualVelocityGet
                0x0380622c       0x24 c:\Users\asus\AppData\Roaming\Code\User\globalStorage\vexrobotics.vexcode\sdk\cpp\V5\V5_20240223_11_00_00/vexv5\libv5rt.a(v5_apiuser.c.obj)
                0x0380622c                vexMotorActualVelocityGet
 .text.vexMotorModeGet
                0x03806250       0x18 c:\Users\asus\AppData\Roaming\Code\User\globalStorage\vexrobotics.vexcode\sdk\cpp\V5\V5_20240223_11_00_00/vexv5\libv5rt.a(v5_apiuser.c.obj)
                0x03806250                vexMotorModeGet
 .text.vexMotorZeroPositionFlagGet
                0x03806268       0x18 c:\Users\asus\AppData\Roaming\Code\User\globalStorage\vexrobotics.vexcode\sdk\cpp\V5\V5_20240223_11_00_00/vexv5\libv5rt.a(v5_apiuser.c.obj)
                0x03806268                vexMotorZeroPositionFlagGet
 .text.vexMotorReverseFlagSet
                0x03806280       0x20 c:\Users\asus\AppData\Roaming\Code\User\globalStorage\vexrobotics.vexcode\sdk\cpp\V5\V5_20240223_11_00_00/vexv5\libv5rt.a(v5_apiuser.c.obj)
                0x03806280                vexMotorReverseFlagSet
 .text.vexMotorEncoderUnitsSet
                0x038062a0       0x20 c:\Users\asus\AppData\Roaming\Code\User\globalStorage\vexrobotics.vexcode\sdk\cpp\V5\V5_20240223_11_00_00/vexv5\libv5rt.a(v5_apiuser.c.obj)
                0x038062a0                vexMotorEncoderUnitsSet
 .text.vexMotorBrakeModeSet
                0x038062c0       0x20 c:\Users\asus\AppData\Roaming\Code\User\globalStorage\vexrobotics.vexcode\sdk\cpp\V5\V5_20240223_11_00_00/vexv5\libv5rt.a(v5_apiuser.c.obj)
                0x038062c0                vexMotorBrakeModeSet
 .text.vexMotorPositionSet
                0x038062e0       0x28 c:\Users\asus\AppData\Roaming\Code\User\globalStorage\vexrobotics.vexcode\sdk\cpp\V5\V5_20240223_11_00_00/vexv5\libv5rt.a(v5_apiuser.c.obj)
                0x038062e0                vexMotorPositionSet
 .text.vexMotorAbsoluteTargetSet
                0x03806308       0x30 c:\Users\asus\AppData\Roaming\Code\User\globalStorage\vexrobotics.vexcode\sdk\cpp\V5\V5_20240223_11_00_00/vexv5\libv5rt.a(v5_apiuser.c.obj)
                0x03806308                vexMotorAbsoluteTargetSet
 .text.vexMotorRelativeTargetSet
                0x03806338       0x30 c:\Users\asus\AppData\Roaming\Code\User\globalStorage\vexrobotics.vexcode\sdk\cpp\V5\V5_20240223_11_00_00/vexv5\libv5rt.a(v5_apiuser.c.obj)
                0x03806338                vexMotorRelativeTargetSet
 .text.vexMotorGearingSet
                0x03806368       0x20 c:\Users\asus\AppData\Roaming\Code\User\globalStorage\vexrobotics.vexcode\sdk\cpp\V5\V5_20240223_11_00_00/vexv5\libv5rt.a(v5_apiuser.c.obj)
                0x03806368                vexMotorGearingSet
 .text.vexMotorGearingGet
                0x03806388       0x18 c:\Users\asus\AppData\Roaming\Code\User\globalStorage\vexrobotics.vexcode\sdk\cpp\V5\V5_20240223_11_00_00/vexv5\libv5rt.a(v5_apiuser.c.obj)
                0x03806388                vexMotorGearingGet
 .text.vexGpsReset
                0x038063a0       0x10 c:\Users\asus\AppData\Roaming\Code\User\globalStorage\vexrobotics.vexcode\sdk\cpp\V5\V5_20240223_11_00_00/vexv5\libv5rt.a(v5_apiuser.c.obj)
                0x038063a0                vexGpsReset
 .text.vexGpsHeadingGet
                0x038063b0       0x10 c:\Users\asus\AppData\Roaming\Code\User\globalStorage\vexrobotics.vexcode\sdk\cpp\V5\V5_20240223_11_00_00/vexv5\libv5rt.a(v5_apiuser.c.obj)
                0x038063b0                vexGpsHeadingGet
 .text.vexGpsDegreesGet
                0x038063c0       0x10 c:\Users\asus\AppData\Roaming\Code\User\globalStorage\vexrobotics.vexcode\sdk\cpp\V5\V5_20240223_11_00_00/vexv5\libv5rt.a(v5_apiuser.c.obj)
                0x038063c0                vexGpsDegreesGet
 .text.vexGpsAttitudeGet
                0x038063d0       0x20 c:\Users\asus\AppData\Roaming\Code\User\globalStorage\vexrobotics.vexcode\sdk\cpp\V5\V5_20240223_11_00_00/vexv5\libv5rt.a(v5_apiuser.c.obj)
                0x038063d0                vexGpsAttitudeGet
 .text.vexGpsStatusGet
                0x038063f0       0x10 c:\Users\asus\AppData\Roaming\Code\User\globalStorage\vexrobotics.vexcode\sdk\cpp\V5\V5_20240223_11_00_00/vexv5\libv5rt.a(v5_apiuser.c.obj)
                0x038063f0                vexGpsStatusGet
 .text.vexGpsModeSet
                0x03806400       0x18 c:\Users\asus\AppData\Roaming\Code\User\globalStorage\vexrobotics.vexcode\sdk\cpp\V5\V5_20240223_11_00_00/vexv5\libv5rt.a(v5_apiuser.c.obj)
                0x03806400                vexGpsModeSet
 .text.vexGpsOriginSet
                0x03806418       0x28 c:\Users\asus\AppData\Roaming\Code\User\globalStorage\vexrobotics.vexcode\sdk\cpp\V5\V5_20240223_11_00_00/vexv5\libv5rt.a(v5_apiuser.c.obj)
                0x03806418                vexGpsOriginSet
 .text.vexGpsRotationSet
                0x03806440       0x20 c:\Users\asus\AppData\Roaming\Code\User\globalStorage\vexrobotics.vexcode\sdk\cpp\V5\V5_20240223_11_00_00/vexv5\libv5rt.a(v5_apiuser.c.obj)
                0x03806440                vexGpsRotationSet