Archive member included because of file (symbol)

c:\Users\dwc240327\AppData\Roaming\Code\User\globalStorage\vexrobotics.vexcode\sdk\cpp\V5\V5_20240223_11_00_00/vexv5\libv5rt.a(v5_startup.c.obj)
                              (vexStartup)
c:\Users\dwc240327\AppData\Roaming\Code\User\globalStorage\vexrobotics.vexcode\sdk\cpp\V5\V5_20240223_11_00_00/vexv5\libv5rt.a(v5_util.c.obj)
                              c:\Users\dwc240327\AppData\Roaming\Code\User\globalStorage\vexrobotics.vexcode\sdk\cpp\V5\V5_20240223_11_00_00/vexv5\libv5rt.a(v5_startup.c.obj) (vexStdlibVersionLinked)
c:\Users\dwc240327\AppData\Roaming\Code\User\globalStorage\vexrobotics.vexcode\sdk\cpp\V5\V5_20240223_11_00_00/vexv5\libv5rt.a(v5_apijump.c.obj)
                              c:\Users\dwc240327\AppData\Roaming\Code\User\globalStorage\vexrobotics.vexcode\sdk\cpp\V5\V5_20240223_11_00_00/vexv5\libv5rt.a(v5_startup.c.obj) (vexPrivateApiEnable)
c:\Users\dwc240327\AppData\Roaming\Code\User\globalStorage\vexrobotics.vexcode\sdk\cpp\V5\V5_20240223_11_00_00/vexv5\libv5rt.a(v5_apiuser.c.obj)
                              build/src/main.o (vexMotorVoltageSet)
c:\Users\dwc240327\AppData\Roaming\Code\User\globalStorage\vexrobotics.vexcode\sdk\cpp\V5\V5_20240223_11_00_00/vexv5\libv5rt.a(v5_apiversions.c.obj)
                              c:\Users\dwc240327\AppData\Roaming\Code\User\globalStorage\vexrobotics.vexcode\sdk\cpp\V5\V5_20240223_11_00_00/vexv5\libv5rt.a(v5_apijump.c.obj) (vexSystemVersion)
c:\Users\dwc240327\AppData\Roaming\Code\User\globalStorage\vexrobotics.vexcode\sdk\cpp\V5\V5_20240223_11_00_00/vexv5\libv5rt.a(vex_global.cpp.obj)
                              build/src/dashboard.o (vex::mono12)
c:\Users\dwc240327\AppData\Roaming\Code\User\globalStorage\vexrobotics.vexcode\sdk\cpp\V5\V5_20240223_11_00_00/vexv5\libv5rt.a(vex_device.cpp.obj)
                              build/src/ai_robot_link.o (vex::device::value())
c:\Users\dwc240327\AppData\Roaming\Code\User\globalStorage\vexrobotics.vexcode\sdk\cpp\V5\V5_20240223_11_00_00/vexv5\libv5rt.a(vex_motor.cpp.obj)
                              build/src/robot-config.o (vex::motor::~motor())
c:\Users\dwc240327\AppData\Roaming\Code\User\globalStorage\vexrobotics.vexcode\sdk\cpp\V5\V5_20240223_11_00_00/vexv5\libv5rt.a(vex_vision.cpp.obj)
                              build/src/robot-config.o (vex::vision::~vision())
c:\Users\dwc240327\AppData\Roaming\Code\User\globalStorage\vexrobotics.vexcode\sdk\cpp\V5\V5_20240223_11_00_00/vexv5\libv5rt.a(vex_imu.cpp.obj)
                              build/src/main.o (vex::inertial::setHeading(double, vex::rotationUnits))
c:\Users\dwc240327\AppData\Roaming\Code\User\globalStorage\vexrobotics.vexcode\sdk\cpp\V5\V5_20240223_11_00_00/vexv5\libv5rt.a(vex_distance.cpp.obj)
                              build/src/robot-config.o (vex::distance::~distance())
c:\Users\dwc240327\AppData\Roaming\Code\User\globalStorage\vexrobotics.vexcode\sdk\cpp\V5\V5_20240223_11_00_00/vexv5\libv5rt.a(vex_gps.cpp.obj)
                              build/src/robot-config.o (vex::gps::~gps())
c:\Users\dwc240327\AppData\Roaming\Code\User\globalStorage\vexrobotics.vexcode\sdk\cpp\V5\V5_20240223_11_00_00/vexv5\libv5rt.a(vex_controller.cpp.obj)
                              build/src/robot-config.o (vex::controller::~controller())
c:\Users\dwc240327\AppData\Roaming\Code\User\globalStorage\vexrobotics.vexcode\sdk\cpp\V5\V5_20240223_11_00_00/vexv5\libv5rt.a(vex_task.cpp.obj)
                              build/src/main.o (vex::task::sleep(unsigned long))
c:\Users\dwc240327\AppData\Roaming\Code\User\globalStorage\vexrobotics.vexcode\sdk\cpp\V5\V5_20240223_11_00_00/vexv5\libv5rt.a(vex_thread.cpp.obj)
                              build/src/main.o (vex::thread::thread(int (*)()))
c:\Users\dwc240327\AppData\Roaming\Code\User\globalStorage\vexrobotics.vexcode\sdk\cpp\V5\V5_20240223_11_00_00/vexv5\libv5rt.a(vex_event.cpp.obj)
                              c:\Users\dwc240327\AppData\Roaming\Code\User\globalStorage\vexrobotics.vexcode\sdk\cpp\V5\V5_20240223_11_00_00/vexv5\libv5rt.a(vex_imu.cpp.obj) (vex::event::init(unsigned long, unsigned long, void (*)()))
c:\Users\dwc240327\AppData\Roaming\Code\User\globalStorage\vexrobotics.vexcode\sdk\cpp\V5\V5_20240223_11_00_00/vexv5\libv5rt.a(vex_mevent.cpp.obj)
                              c:\Users\dwc240327\AppData\Roaming\Code\User\globalStorage\vexrobotics.vexcode\sdk\cpp\V5\V5_20240223_11_00_00/vexv5\libv5rt.a(vex_controller.cpp.obj) (vex::mevent::mevent(unsigned long, unsigned long))
c:\Users\dwc240327\AppData\Roaming\Code\User\globalStorage\vexrobotics.vexcode\sdk\cpp\V5\V5_20240223_11_00_00/vexv5\libv5rt.a(vex_brain.cpp.obj)
                              build/src/dashboard.o (vex::brain::lcd::setFont(vex::fontType))
c:\Users\dwc240327\AppData\Roaming\Code\User\globalStorage\vexrobotics.vexcode\sdk\cpp\V5\V5_20240223_11_00_00/vexv5\libv5rt.a(vex_competition.cpp.obj)
                              build/src/main.o (vex::competition::competition())
[...]
Memory Configuration

Name             Origin             Length             Attributes
ps7_ddr_0_S_AXI_BASEADDR 0x03800000         0x04800000
*default*        0x00000000         0xffffffff

Linker script and memory map

                0x00002000                _STACK_SIZE = DEFINED (_STACK_SIZE)?_STACK_SIZE:0x2000
                0x00100000                _HEAP_SIZE = DEFINED (_HEAP_SIZE)?_HEAP_SIZE:0x100000
                0x00000400                _ABORT_STACK_SIZE = DEFINED (_ABORT_STACK_SIZE)?_ABORT_STACK_SIZE:0x400
                0x00000800                _SUPERVISOR_STACK_SIZE = DEFINED (_SUPERVISOR_STACK_SIZE)?_SUPERVISOR_STACK_SIZE:0x800
                0x00000400                _IRQ_STACK_SIZE = DEFINED (_IRQ_STACK_SIZE)?_IRQ_STACK_SIZE:0x400
                0x00000400                _FIQ_STACK_SIZE = DEFINED (_FIQ_STACK_SIZE)?_FIQ_STACK_SIZE:0x400
                0x00000400                _UNDEF_STACK_SIZE = DEFINED (_UNDEF_STACK_SIZE)?_UNDEF_STACK_SIZE:0x400

.text           0x03800000    0x183e8
 *(.vectors)
 *(.boot_data)
 .boot_data     0x03800000       0x20 c:\Users\dwc240327\AppData\Roaming\Code\User\globalStorage\vexrobotics.vexcode\sdk\cpp\V5\V5_20240223_11_00_00/vexv5\libv5rt.a(v5_startup.c.obj)
                0x03800000                vexCodeSig
                0x00000020                . = 0x20
 *(.boot)
 .boot          0x03800020       0xbc c:\Users\dwc240327\AppData\Roaming\Code\User\globalStorage\vexrobotics.vexcode\sdk\cpp\V5\V5_20240223_11_00_00/vexv5\libv5rt.a(v5_startup.c.obj)
                0x03800020                vexStartup
                0x03800100                . = ALIGN (0x40)
 *fill*         0x038000dc       0x24 
 *(.freertos_vectors)
 *(.text)
 .text          0x03800100       0x3a c:\Users\dwc240327\AppData\Roaming\Code\User\globalStorage\vexrobotics.vexcode\sdk\cpp\V5\V5_20240223_11_00_00/vexv5/gcc/libs\libc.a(lib_a-aeabi_memmove-soft.o)
                0x03800100                __aeabi_memmove4
                0x03800100                __aeabi_memmove
                0x03800100                __aeabi_memmove8
 .text          0x0380013a       0x9a c:\Users\dwc240327\AppData\Roaming\Code\User\globalStorage\vexrobotics.vexcode\sdk\cpp\V5\V5_20240223_11_00_00/vexv5/gcc/libs\libc.a(lib_a-aeabi_memset-soft.o)
                0x0380013a                __aeabi_memset8
                0x0380013a                __aeabi_memset
                0x0380013a                __aeabi_memset4
 *(.text.*)
 *fill*         0x038001d4        0x4 
 .text._Z5modelN5Eigen6MatrixIdLi3ELi1ELi0ELi3ELi1EEES1_
                0x038001d8      0x1a8 build/src/main.o
                0x038001d8                model(Eigen::Matrix<double, 3, 1, 0, 3, 1>, Eigen::Matrix<double, 3, 1, 0, 3, 1>)
 .text._Z5F_jacRKN5Eigen6MatrixIdLi3ELi1ELi0ELi3ELi1EEES3_
                0x03800380      0x1dc build/src/main.o
                0x03800380                F_jac(Eigen::Matrix<double, 3, 1, 0, 3, 1> const&, Eigen::Matrix<double, 3, 1, 0, 3, 1> const&)
 .text._ZN5Eigen16CommaInitializerINS_6MatrixIdLin1ELin1ELi0ELin1ELin1EEEEcmERKd
                0x0380055c       0xdc build/src/main.o
                0x0380055c                Eigen::CommaInitializer<Eigen::Matrix<double, -1, -1, 0, -1, -1> >::operator,(double const&)
 .text._Z1hRKN5Eigen6MatrixIdLi3ELi1ELi0ELi3ELi1EEE
                0x03800638       0x7c build/src/main.o
                0x03800638                h(Eigen::Matrix<double, 3, 1, 0, 3, 1> const&)
 .text._Z5H_jacRKN5Eigen6MatrixIdLi3ELi1ELi0ELi3ELi1EEE
                0x038006b4       0xf4 build/src/main.o
                0x038006b4                H_jac(Eigen::Matrix<double, 3, 1, 0, 3, 1> const&)
 .text._ZN5Eigen16CommaInitializerINS_6MatrixIdLi3ELi3ELi0ELi3ELi3EEEEcmERKd
                0x038007a8       0xd4 build/src/main.o
                0x038007a8                Eigen::CommaInitializer<Eigen::Matrix<double, 3, 3, 0, 3, 3> >::operator,(double const&)
 .text._ZN20ExtendedKalmanFilterC2ESt8functionIFN5Eigen6MatrixIdLi3ELi1ELi0ELi3ELi1EEERKS3_S5_EES0_IFS3_S5_EES0_IFNS2_IdLi3ELi3ELi0ELi3ELi3EEES5_S5_EES0_IFSA_S5_EE
                0x0380087c      0x394 build/src/main.o
                0x0380087c                ExtendedKalmanFilter::ExtendedKalmanFilter(std::function<Eigen::Matrix<double, 3, 1, 0, 3, 1> (Eigen::Matrix<double, 3, 1, 0, 3, 1> const&, Eigen::Matrix<double, 3, 1, 0, 3, 1> const&)>, std::function<Eigen::Matrix<double, 3, 1, 0, 3, 1> (Eigen::Matrix<double, 3, 1, 0, 3, 1> const&)>, std::function<Eigen::Matrix<double, 3, 3, 0, 3, 3> (Eigen::Matrix<double, 3, 1, 0, 3, 1> const&, Eigen::Matrix<double, 3, 1, 0, 3, 1> const&)>, std::function<Eigen::Matrix<double, 3, 3, 0, 3, 3> (Eigen::Matrix<double, 3, 1, 0, 3, 1> const&)>)
 .text._ZN20ExtendedKalmanFilterD2Ev
                0x03800c10       0x98 build/src/main.o
                0x03800c10                ExtendedKalmanFilter::~ExtendedKalmanFilter()
 .text._ZNSt6vectorIPS_IPN3vex5motorESaIS2_EESaIS5_EEC2ESt16initializer_listIS5_ERKS6_
                0x03800ca8       0x58 build/src/main.o
                0x03800ca8                std::vector<std::vector<vex::motor*, std::allocator<vex::motor*> >*, std::allocator<std::vector<vex::motor*, std::allocator<vex::motor*> >*> >::vector(std::initializer_list<std::vector<vex::motor*, std::allocator<vex::motor*> >*>, std::allocator<std::vector<vex::motor*, std::allocator<vex::motor*> >*> const&)
 .text._ZNSt6vectorIPS_IPN3vex5motorESaIS2_EESaIS5_EED2Ev
                0x03800d00       0x24 build/src/main.o
                0x03800d00                std::vector<std::vector<vex::motor*, std::allocator<vex::motor*> >*, std::allocator<std::vector<vex::motor*, std::allocator<vex::motor*> >*> >::~vector()
 .text._ZN6tjulib8PositionD2Ev
                0x03800d24        0x4 build/src/main.o
                0x03800d24                tjulib::Position::~Position()
 .text._ZNSt6vectorIPN6tjulib8PositionESaIS2_EEC2ESt16initializer_listIS2_ERKS3_
                0x03800d28       0x58 build/src/main.o
                0x03800d28                std::vector<tjulib::Position*, std::allocator<tjulib::Position*> >::vector(std::initializer_list<tjulib::Position*>, std::allocator<tjulib::Position*> const&)
 .text._ZNSt6vectorIPN6tjulib8PositionESaIS2_EED2Ev
                0x03800d80       0x24 build/src/main.o
                0x03800d80                std::vector<tjulib::Position*, std::allocator<tjulib::Position*> >::~vector()
 .text._ZN6tjulib12HighStakeMapC2EPNS_8PositionE
                0x03800da4      0x22c build/src/main.o
                0x03800da4                tjulib::HighStakeMap::HighStakeMap(tjulib::Position*)
 .text._ZN6tjulib12HighStakeMapD2Ev
                0x03800fd0       0x64 build/src/main.o
                0x03800fd0                tjulib::HighStakeMap::~HighStakeMap()
 .text._ZN6tjulib3RRTD2Ev
                0x03801034       0x34 build/src/main.o
                0x03801034                tjulib::RRT::~RRT()
 .text._ZN6tjulib16Oct_SmartChassisC1ERSt6vectorIPS1_IPN3vex5motorESaIS4_EESaIS7_EEPNS_10pidControlEPNS_8PositionEdSC_SC_SC_dPNS_11PurePursuitEPNS_12HighStakeMapEPNS_3RRTE
                0x03801068      0x10c build/src/main.o
                0x03801068                tjulib::Oct_SmartChassis::Oct_SmartChassis(std::vector<std::vector<vex::motor*, std::allocator<vex::motor*> >*, std::allocator<std::vector<vex::motor*, std::allocator<vex::motor*> >*> >&, tjulib::pidControl*, tjulib::Position*, double, tjulib::pidControl*, tjulib::pidControl*, tjulib::pidControl*, double, tjulib::PurePursuit*, tjulib::HighStakeMap*, tjulib::RRT*)
 .text._ZN6tjulib16Oct_SmartChassisD1Ev
                0x03801174        0x4 build/src/main.o
                0x03801174                tjulib::Oct_SmartChassis::~Oct_SmartChassis()
 .text._Z10GPS_updatev
                0x03801178      0x1e8 build/src/main.o
                0x03801178                GPS_update()
 .text._ZN6tjulib3GPS4gpsXEv
                0x03801360       0xc8 build/src/main.o
                0x03801360                tjulib::GPS::gpsX()
 .text._ZN6tjulib3GPS4gpsYEv
                0x03801428       0xb8 build/src/main.o
                0x03801428                tjulib::GPS::gpsY()
 .text._ZNSt6vectorI7oj_dataSaIS0_EED2Ev
                0x038014e0       0x24 build/src/main.o
                0x038014e0                std::vector<oj_data, std::allocator<oj_data> >::~vector()
 *fill*         0x03801504        0x4 
 .text._Z14auto_Isolationv
                0x03801508      0x2c8 build/src/main.o
                0x03801508                auto_Isolation()
 .text._ZN6tjulib15Oct_BaseChassis4VRUNEdddd
                0x038017d0      0x130 build/src/main.o
                0x038017d0                tjulib::Oct_BaseChassis::VRUN(double, double, double, double)
 .text._ZN6tjulib15Oct_StraChassis12turnToTargetENS_5PointEddii
                0x03801900       0xa8 build/src/main.o
                0x03801900                tjulib::Oct_StraChassis::turnToTarget(tjulib::Point, double, double, int, int)
 .text._ZN6tjulib15Oct_StraChassis12moveToTargetENS_5PointEdddi
                0x038019a8      0x310 build/src/main.o
                0x038019a8                tjulib::Oct_StraChassis::moveToTarget(tjulib::Point, double, double, double, int)
 .text._Z14autonomousMainv
                0x03801cb8       0x28 build/src/main.o
                0x03801cb8                autonomousMain()
 .text.main     0x03801ce0      0x468 build/src/main.o
                0x03801ce0                main
 .text._ZN5Eigen16CommaInitializerINS_6MatrixIdLi3ELi1ELi0ELi3ELi1EEEEcmERKd
                0x03802148       0xd4 build/src/main.o
                0x03802148                Eigen::CommaInitializer<Eigen::Matrix<double, 3, 1, 0, 3, 1> >::operator,(double const&)
 .text._ZN5Eigen12DenseStorageIdLin1ELin1ELin1ELi0EE6resizeEiii
                0x0380221c       0xb8 build/src/main.o
                0x0380221c                Eigen::DenseStorage<double, -1, -1, -1, 0>::resize(int, int, int)
 .text._ZN6tjulib4OdomD0Ev
                0x038022d4        0x4 build/src/main.o
                0x038022d4                tjulib::Odom::~Odom()
 .text._ZN6tjulib4Odom15executePositionEv
                0x038022d8        0x8 build/src/main.o
                0x038022d8                tjulib::Odom::executePosition()
 .text._ZN6tjulib4Odom11setPositionEfff
                0x038022e0      0x108 build/src/main.o
                0x038022e0                tjulib::Odom::setPosition(float, float, float)
 .text._ZN6tjulib4Odom7OdomRunERS0_
                0x038023e8      0x298 build/src/main.o
                0x038023e8                tjulib::Odom::OdomRun(tjulib::Odom&)
 .text._ZN6tjulib4Odom13updateSensorsEv
                0x03802680       0xf4 build/src/main.o
                0x03802680                tjulib::Odom::updateSensors()
 *fill*         0x03802774        0x4 
 .text._ZN6tjulib4Odom14updatePositionEv
                0x03802778      0x180 build/src/main.o
                0x03802778                tjulib::Odom::updatePosition()
 .text._ZN6tjulib4Odom13filteringDataEv
                0x038028f8      0x1c8 build/src/main.o
                0x038028f8                tjulib::Odom::filteringData()
 .text._ZN20ExtendedKalmanFilter6set_QREdd
                0x03802ac0      0x1d0 build/src/main.o
                0x03802ac0                ExtendedKalmanFilter::set_QR(double, double)
 .text._ZN20ExtendedKalmanFilter7predictERKN5Eigen6MatrixIdLi3ELi1ELi0ELi3ELi1EEES4_
                0x03802c90      0x1ac build/src/main.o
                0x03802c90                ExtendedKalmanFilter::predict(Eigen::Matrix<double, 3, 1, 0, 3, 1> const&, Eigen::Matrix<double, 3, 1, 0, 3, 1> const&)
 .text._ZN20ExtendedKalmanFilter6updateERKN5Eigen6MatrixIdLi3ELi1ELi0ELi3ELi1EEE
                0x03802e3c      0x440 build/src/main.o
                0x03802e3c                ExtendedKalmanFilter::update(Eigen::Matrix<double, 3, 1, 0, 3, 1> const&)
 .text._ZN5Eigen8internal26call_dense_assignment_loopINS_6MatrixIdLin1ELin1ELi0ELin1ELin1EEENS_13CwiseBinaryOpINS0_13scalar_sum_opIddEEKNS_7ProductINS7_IS3_S3_Li0EEENS_9TransposeIS3_EELi0EEEKNS2_IdLi3ELi3ELi0ELi3ELi3EEEEENS0_9assign_opIddEEEEvRT_RKT0_RKT1_
                0x0380327c      0x1b8 build/src/main.o
                0x0380327c                void Eigen::internal::call_dense_assignment_loop<Eigen::Matrix<double, -1, -1, 0, -1, -1>, Eigen::CwiseBinaryOp<Eigen::internal::scalar_sum_op<double, double>, Eigen::Product<Eigen::Product<Eigen::Matrix<double, -1, -1, 0, -1, -1>, Eigen::Matrix<double, -1, -1, 0, -1, -1>, 0>, Eigen::Transpose<Eigen::Matrix<double, -1, -1, 0, -1, -1> >, 0> const, Eigen::Matrix<double, 3, 3, 0, 3, 3> const>, Eigen::internal::assign_op<double, double> >(Eigen::Matrix<double, -1, -1, 0, -1, -1>&, Eigen::CwiseBinaryOp<Eigen::internal::scalar_sum_op<double, double>, Eigen::Product<Eigen::Product<Eigen::Matrix<double, -1, -1, 0, -1, -1>, Eigen::Matrix<double, -1, -1, 0, -1, -1>, 0>, Eigen::Transpose<Eigen::Matrix<double, -1, -1, 0, -1, -1> >, 0> const, Eigen::Matrix<double, 3, 3, 0, 3, 3> const> const&, Eigen::internal::assign_op<double, double> const&)
 .text._ZN5Eigen8internal20generic_product_implINS_7ProductINS_6MatrixIdLin1ELin1ELi0ELin1ELin1EEES4_Li0EEENS_9TransposeIS4_EENS_10DenseShapeES8_Li8EE6evalToINS3_IdLin1ELin1ELi1ELin1ELin1EEEEEvRT_RKS5_RKS7_
                0x03803434      0x104 build/src/main.o
                0x03803434                void Eigen::internal::generic_product_impl<Eigen::Product<Eigen::Matrix<double, -1, -1, 0, -1, -1>, Eigen::Matrix<double, -1, -1, 0, -1, -1>, 0>, Eigen::Transpose<Eigen::Matrix<double, -1, -1, 0, -1, -1> >, Eigen::DenseShape, Eigen::DenseShape, 8>::evalTo<Eigen::Matrix<double, -1, -1, 1, -1, -1> >(Eigen::Matrix<double, -1, -1, 1, -1, -1>&, Eigen::Product<Eigen::Matrix<double, -1, -1, 0, -1, -1>, Eigen::Matrix<double, -1, -1, 0, -1, -1>, 0> const&, Eigen::Transpose<Eigen::Matrix<double, -1, -1, 0, -1, -1> > const&)
 .text._ZN5Eigen12DenseStorageIdLin1ELin1ELin1ELi1EE6resizeEiii
                0x03803538       0xb8 build/src/main.o
                0x03803538                Eigen::DenseStorage<double, -1, -1, -1, 1>::resize(int, int, int)
 .text._ZN5Eigen8internal20generic_product_implINS_7ProductINS_6MatrixIdLin1ELin1ELi0ELin1ELin1EEES4_Li0EEENS_9TransposeIS4_EENS_10DenseShapeES8_Li8EE13scaleAndAddToINS3_IdLin1ELin1ELi1ELin1ELin1EEEEEvRT_RKS5_RKS7_RKd
                0x038035f0      0x2b4 build/src/main.o
                0x038035f0                void Eigen::internal::generic_product_impl<Eigen::Product<Eigen::Matrix<double, -1, -1, 0, -1, -1>, Eigen::Matrix<double, -1, -1, 0, -1, -1>, 0>, Eigen::Transpose<Eigen::Matrix<double, -1, -1, 0, -1, -1> >, Eigen::DenseShape, Eigen::DenseShape, 8>::scaleAndAddTo<Eigen::Matrix<double, -1, -1, 1, -1, -1> >(Eigen::Matrix<double, -1, -1, 1, -1, -1>&, Eigen::Product<Eigen::Matrix<double, -1, -1, 0, -1, -1>, Eigen::Matrix<double, -1, -1, 0, -1, -1>, 0> const&, Eigen::Transpose<Eigen::Matrix<double, -1, -1, 0, -1, -1> > const&, double const&)
 .text._ZN5Eigen8internal42call_restricted_packet_assignment_no_aliasINS_6MatrixIdLin1ELin1ELi1ELin1ELin1EEENS_7ProductINS4_INS2_IdLin1ELin1ELi0ELin1ELin1EEES5_Li0EEENS_9TransposeIKS5_EELi1EEENS0_9assign_opIddEEEEvRT_RKT0_RKT1_
                0x038038a4      0x21c build/src/main.o
                0x038038a4                void Eigen::internal::call_restricted_packet_assignment_no_alias<Eigen::Matrix<double, -1, -1, 1, -1, -1>, Eigen::Product<Eigen::Product<Eigen::Matrix<double, -1, -1, 0, -1, -1>, Eigen::Matrix<double, -1, -1, 0, -1, -1>, 0>, Eigen::Transpose<Eigen::Matrix<double, -1, -1, 0, -1, -1> const>, 1>, Eigen::internal::assign_op<double, double> >(Eigen::Matrix<double, -1, -1, 1, -1, -1>&, Eigen::Product<Eigen::Product<Eigen::Matrix<double, -1, -1, 0, -1, -1>, Eigen::Matrix<double, -1, -1, 0, -1, -1>, 0>, Eigen::Transpose<Eigen::Matrix<double, -1, -1, 0, -1, -1> const>, 1> const&, Eigen::internal::assign_op<double, double> const&)
 .text._ZN5Eigen8internal20generic_product_implINS_6MatrixIdLin1ELin1ELi0ELin1ELin1EEES3_NS_10DenseShapeES4_Li8EE6evalToIS3_EEvRT_RKS3_SA_
                0x03803ac0       0xf8 build/src/main.o
                0x03803ac0                void Eigen::internal::generic_product_impl<Eigen::Matrix<double, -1, -1, 0, -1, -1>, Eigen::Matrix<double, -1, -1, 0, -1, -1>, Eigen::DenseShape, Eigen::DenseShape, 8>::evalTo<Eigen::Matrix<double, -1, -1, 0, -1, -1> >(Eigen::Matrix<double, -1, -1, 0, -1, -1>&, Eigen::Matrix<double, -1, -1, 0, -1, -1> const&, Eigen::Matrix<double, -1, -1, 0, -1, -1> const&)
 .text._ZN5Eigen8internal20generic_product_implINS_6MatrixIdLin1ELin1ELi0ELin1ELin1EEES3_NS_10DenseShapeES4_Li8EE13scaleAndAddToIS3_EEvRT_RKS3_SA_RKd
                0x03803bb8      0x258 build/src/main.o
                0x03803bb8                void Eigen::internal::generic_product_impl<Eigen::Matrix<double, -1, -1, 0, -1, -1>, Eigen::Matrix<double, -1, -1, 0, -1, -1>, Eigen::DenseShape, Eigen::DenseShape, 8>::scaleAndAddTo<Eigen::Matrix<double, -1, -1, 0, -1, -1> >(Eigen::Matrix<double, -1, -1, 0, -1, -1>&, Eigen::Matrix<double, -1, -1, 0, -1, -1> const&, Eigen::Matrix<double, -1, -1, 0, -1, -1> const&, double const&)
 .text._ZN5Eigen8internal42call_restricted_packet_assignment_no_aliasINS_6MatrixIdLin1ELin1ELi0ELin1ELin1EEENS_7ProductIS3_S3_Li1EEENS0_9assign_opIddEEEEvRT_RKT0_RKT1_
                0x03803e10      0x168 build/src/main.o
                0x03803e10                void Eigen::internal::call_restricted_packet_assignment_no_alias<Eigen::Matrix<double, -1, -1, 0, -1, -1>, Eigen::Product<Eigen::Matrix<double, -1, -1, 0, -1, -1>, Eigen::Matrix<double, -1, -1, 0, -1, -1>, 1>, Eigen::internal::assign_op<double, double> >(Eigen::Matrix<double, -1, -1, 0, -1, -1>&, Eigen::Product<Eigen::Matrix<double, -1, -1, 0, -1, -1>, Eigen::Matrix<double, -1, -1, 0, -1, -1>, 1> const&, Eigen::internal::assign_op<double, double> const&)
 .text._ZNK5Eigen8internal17product_evaluatorINS_7ProductINS_6MatrixIdLin1ELin1ELi0ELin1ELin1EEES4_Li1EEELi8ENS_10DenseShapeES6_ddE5coeffEii
                0x03803f78      0x178 build/src/main.o
                0x03803f78                Eigen::internal::product_evaluator<Eigen::Product<Eigen::Matrix<double, -1, -1, 0, -1, -1>, Eigen::Matrix<double, -1, -1, 0, -1, -1>, 1>, 8, Eigen::DenseShape, Eigen::DenseShape, double, double>::coeff(int, int) const
 .text._ZN5Eigen8internal20generic_product_implINS_6MatrixIdLin1ELin1ELi0ELin1ELin1EEEKNS_5BlockIKS3_Lin1ELi1ELb1EEENS_10DenseShapeES8_Li7EE13scaleAndAddToINS4_IS3_Lin1ELi1ELb1EEEEEvRT_RS5_RS7_RKd
                0x038040f0      0x174 build/src/main.o
                0x038040f0                void Eigen::internal::generic_product_impl<Eigen::Matrix<double, -1, -1, 0, -1, -1>, Eigen::Block<Eigen::Matrix<double, -1, -1, 0, -1, -1> const, -1, 1, true> const, Eigen::DenseShape, Eigen::DenseShape, 7>::scaleAndAddTo<Eigen::Block<Eigen::Matrix<double, -1, -1, 0, -1, -1>, -1, 1, true> >(Eigen::Block<Eigen::Matrix<double, -1, -1, 0, -1, -1>, -1, 1, true>&, Eigen::Matrix<double, -1, -1, 0, -1, -1> const&, Eigen::Block<Eigen::Matrix<double, -1, -1, 0, -1, -1> const, -1, 1, true> const&, double const&)
 .text._ZN5Eigen8internal20generic_product_implIKNS_5BlockIKNS_6MatrixIdLin1ELin1ELi0ELin1ELin1EEELi1ELin1ELb0EEES4_NS_10DenseShapeES8_Li7EE13scaleAndAddToINS2_IS4_Li1ELin1ELb0EEEEEvRT_RS7_RS5_RKd
                0x03804264      0x19c build/src/main.o
                0x03804264                void Eigen::internal::generic_product_impl<Eigen::Block<Eigen::Matrix<double, -1, -1, 0, -1, -1> const, 1, -1, false> const, Eigen::Matrix<double, -1, -1, 0, -1, -1>, Eigen::DenseShape, Eigen::DenseShape, 7>::scaleAndAddTo<Eigen::Block<Eigen::Matrix<double, -1, -1, 0, -1, -1>, 1, -1, false> >(Eigen::Block<Eigen::Matrix<double, -1, -1, 0, -1, -1>, 1, -1, false>&, Eigen::Block<Eigen::Matrix<double, -1, -1, 0, -1, -1> const, 1, -1, false> const&, Eigen::Matrix<double, -1, -1, 0, -1, -1> const&, double const&)
 .text._ZN5Eigen8internal19gemm_blocking_spaceILi0EddLin1ELin1ELin1ELi1ELb0EED2Ev
                0x03804400       0x3c build/src/main.o
                0x03804400                Eigen::internal::gemm_blocking_space<0, double, double, -1, -1, -1, 1, false>::~gemm_blocking_space()
 .text._ZN5Eigen8internal29general_matrix_vector_productIidNS0_22const_blas_data_mapperIdiLi0EEELi0ELb0EdNS2_IdiLi1EEELb0ELi0EE3runEiiRKS3_RKS4_Pdid
                0x0380443c      0x4f0 build/src/main.o
                0x0380443c                Eigen::internal::general_matrix_vector_product<int, double, Eigen::internal::const_blas_data_mapper<double, int, 0>, 0, false, double, Eigen::internal::const_blas_data_mapper<double, int, 1>, false, 0>::run(int, int, Eigen::internal::const_blas_data_mapper<double, int, 0> const&, Eigen::internal::const_blas_data_mapper<double, int, 1> const&, double*, int, double)
 .text._ZN5Eigen8internal19gemv_dense_selectorILi2ELi1ELb1EE3runINS_9TransposeIKNS_6MatrixIdLin1ELin1ELi0ELin1ELin1EEEEENS4_IKNS_5BlockIS7_Li1ELin1ELb0EEEEENS4_INS9_IS6_Li1ELin1ELb0EEEEEEEvRKT_RKT0_RT1_RKNSL_6ScalarE
                0x0380492c      0x18c build/src/main.o
                0x0380492c                void Eigen::internal::gemv_dense_selector<2, 1, true>::run<Eigen::Transpose<Eigen::Matrix<double, -1, -1, 0, -1, -1> const>, Eigen::Transpose<Eigen::Block<Eigen::Matrix<double, -1, -1, 0, -1, -1> const, 1, -1, false> const>, Eigen::Transpose<Eigen::Block<Eigen::Matrix<double, -1, -1, 0, -1, -1>, 1, -1, false> > >(Eigen::Transpose<Eigen::Matrix<double, -1, -1, 0, -1, -1> const> const&, Eigen::Transpose<Eigen::Block<Eigen::Matrix<double, -1, -1, 0, -1, -1> const, 1, -1, false> const> const&, Eigen::Transpose<Eigen::Block<Eigen::Matrix<double, -1, -1, 0, -1, -1>, 1, -1, false> >&, Eigen::Transpose<Eigen::Block<Eigen::Matrix<double, -1, -1, 0, -1, -1>, 1, -1, false> >::Scalar const&)
 .text._ZN5Eigen8internal29general_matrix_vector_productIidNS0_22const_blas_data_mapperIdiLi1EEELi1ELb0EdNS2_IdiLi0EEELb0ELi0EE3runEiiRKS3_RKS4_Pdid
                0x03804ab8      0x4ac build/src/main.o
                0x03804ab8                Eigen::internal::general_matrix_vector_product<int, double, Eigen::internal::const_blas_data_mapper<double, int, 1>, 1, false, double, Eigen::internal::const_blas_data_mapper<double, int, 0>, false, 0>::run(int, int, Eigen::internal::const_blas_data_mapper<double, int, 1> const&, Eigen::internal::const_blas_data_mapper<double, int, 0> const&, double*, int, double)
 .text._ZN5Eigen8internal37evaluateProductBlockingSizesHeuristicIddLi1EiEEvRT2_S3_S3_S2_
                0x03804f64      0x350 build/src/main.o
                0x03804f64                void Eigen::internal::evaluateProductBlockingSizesHeuristic<double, double, 1, int>(int&, int&, int&, int)
 .text._ZNK5Eigen8internal12gemm_functorIdiNS0_29general_matrix_matrix_productIidLi0ELb0EdLi0ELb0ELi0ELi1EEENS_6MatrixIdLin1ELin1ELi0ELin1ELin1EEES5_S5_NS0_19gemm_blocking_spaceILi0EddLin1ELin1ELin1ELi1ELb0EEEEclEiiiiPNS0_16GemmParallelInfoIiEE
                0x038052b4       0x98 build/src/main.o
                0x038052b4                Eigen::internal::gemm_functor<double, int, Eigen::internal::general_matrix_matrix_product<int, double, 0, false, double, 0, false, 0, 1>, Eigen::Matrix<double, -1, -1, 0, -1, -1>, Eigen::Matrix<double, -1, -1, 0, -1, -1>, Eigen::Matrix<double, -1, -1, 0, -1, -1>, Eigen::internal::gemm_blocking_space<0, double, double, -1, -1, -1, 1, false> >::operator()(int, int, int, int, Eigen::internal::GemmParallelInfo<int>*) const
 .text._ZN5Eigen8internal29general_matrix_matrix_productIidLi0ELb0EdLi0ELb0ELi0ELi1EE3runEiiiPKdiS4_iPdiidRNS0_15level3_blockingIddEEPNS0_16GemmParallelInfoIiEE
                0x0380534c      0x4f8 build/src/main.o
                0x0380534c                Eigen::internal::general_matrix_matrix_product<int, double, 0, false, double, 0, false, 0, 1>::run(int, int, int, double const*, int, double const*, int, double*, int, int, double, Eigen::internal::level3_blocking<double, double>&, Eigen::internal::GemmParallelInfo<int>*)
 .text._ZN5Eigen8internal13gemm_pack_lhsIdiNS0_22const_blas_data_mapperIdiLi0EEELi1ELi1EdLi0ELb0ELb0EEclEPdRKS3_iiii
                0x03805844       0x9c build/src/main.o
                0x03805844                Eigen::internal::gemm_pack_lhs<double, int, Eigen::internal::const_blas_data_mapper<double, int, 0>, 1, 1, double, 0, false, false>::operator()(double*, Eigen::internal::const_blas_data_mapper<double, int, 0> const&, int, int, int, int)
 .text._ZN5Eigen8internal13gemm_pack_rhsIdiNS0_22const_blas_data_mapperIdiLi0EEELi4ELi0ELb0ELb0EEclEPdRKS3_iiii
                0x038058e0      0x174 build/src/main.o
                0x038058e0                Eigen::internal::gemm_pack_rhs<double, int, Eigen::internal::const_blas_data_mapper<double, int, 0>, 4, 0, false, false>::operator()(double*, Eigen::internal::const_blas_data_mapper<double, int, 0> const&, int, int, int, int)
 .text._ZN5Eigen8internal11gebp_kernelIddiNS0_16blas_data_mapperIdiLi0ELi0ELi1EEELi1ELi4ELb0ELb0EEclERKS3_PKdS8_iiidiiii
                0x03805a54       0x98 build/src/main.o
                0x03805a54                Eigen::internal::gebp_kernel<double, double, int, Eigen::internal::blas_data_mapper<double, int, 0, 0, 1>, 1, 4, false, false>::operator()(Eigen::internal::blas_data_mapper<double, int, 0, 0, 1> const&, double const*, double const*, int, int, int, double, int, int, int, int)
 .text._ZN5Eigen8internal22lhs_process_one_packetILi4ELi1ELi1EdddddddNS0_11gebp_traitsIddLb0ELb0ELi0ELi0EEENS0_16BlasLinearMapperIdiLi0ELi1EEENS0_16blas_data_mapperIdiLi0ELi0ELi1EEEEclERKS7_PKdSC_diiiiiiiiiiii
                0x03805aec      0x560 build/src/main.o
                0x03805aec                Eigen::internal::lhs_process_one_packet<4, 1, 1, double, double, double, double, double, double, double, Eigen::internal::gebp_traits<double, double, false, false, 0, 0>, Eigen::internal::BlasLinearMapper<double, int, 0, 1>, Eigen::internal::blas_data_mapper<double, int, 0, 0, 1> >::operator()(Eigen::internal::blas_data_mapper<double, int, 0, 0, 1> const&, double const*, double const*, double, int, int, int, int, int, int, int, int, int, int, int, int)
 .text._ZNK5Eigen8internal17product_evaluatorINS_7ProductINS2_INS_6MatrixIdLin1ELin1ELi0ELin1ELin1EEES4_Li0EEENS_9TransposeIKS4_EELi1EEELi8ENS_10DenseShapeESA_ddE5coeffEii
                0x0380604c      0x17c build/src/main.o
                0x0380604c                Eigen::internal::product_evaluator<Eigen::Product<Eigen::Product<Eigen::Matrix<double, -1, -1, 0, -1, -1>, Eigen::Matrix<double, -1, -1, 0, -1, -1>, 0>, Eigen::Transpose<Eigen::Matrix<double, -1, -1, 0, -1, -1> const>, 1>, 8, Eigen::DenseShape, Eigen::DenseShape, double, double>::coeff(int, int) const
 .text._ZN5Eigen8internal20generic_product_implINS_7ProductINS_6MatrixIdLin1ELin1ELi0ELin1ELin1EEES4_Li0EEEKNS_5BlockIKNS_9TransposeIS4_EELin1ELi1ELb0EEENS_10DenseShapeESC_Li7EE13scaleAndAddToINS6_INS3_IdLin1ELin1ELi1ELin1ELin1EEELin1ELi1ELb0EEEEEvRT_RKS5_RSB_RKd
                0x038061c8      0x254 build/src/main.o
                0x038061c8                void Eigen::internal::generic_product_impl<Eigen::Product<Eigen::Matrix<double, -1, -1, 0, -1, -1>, Eigen::Matrix<double, -1, -1, 0, -1, -1>, 0>, Eigen::Block<Eigen::Transpose<Eigen::Matrix<double, -1, -1, 0, -1, -1> > const, -1, 1, false> const, Eigen::DenseShape, Eigen::DenseShape, 7>::scaleAndAddTo<Eigen::Block<Eigen::Matrix<double, -1, -1, 1, -1, -1>, -1, 1, false> >(Eigen::Block<Eigen::Matrix<double, -1, -1, 1, -1, -1>, -1, 1, false>&, Eigen::Product<Eigen::Matrix<double, -1, -1, 0, -1, -1>, Eigen::Matrix<double, -1, -1, 0, -1, -1>, 0> const&, Eigen::Block<Eigen::Transpose<Eigen::Matrix<double, -1, -1, 0, -1, -1> > const, -1, 1, false> const&, double const&)
 .text._ZN5Eigen8internal20generic_product_implIKNS_5BlockIKNS_7ProductINS_6MatrixIdLin1ELin1ELi0ELin1ELin1EEES5_Li0EEELi1ELin1ELb0EEENS_9TransposeIS5_EENS_10DenseShapeESC_Li7EE13scaleAndAddToINS2_INS4_IdLin1ELin1ELi1ELin1ELin1EEELi1ELin1ELb1EEEEEvRT_RS9_RKSB_RKd
                0x0380641c      0x1a8 build/src/main.o
                0x0380641c                void Eigen::internal::generic_product_impl<Eigen::Block<Eigen::Product<Eigen::Matrix<double, -1, -1, 0, -1, -1>, Eigen::Matrix<double, -1, -1, 0, -1, -1>, 0> const, 1, -1, false> const, Eigen::Transpose<Eigen::Matrix<double, -1, -1, 0, -1, -1> >, Eigen::DenseShape, Eigen::DenseShape, 7>::scaleAndAddTo<Eigen::Block<Eigen::Matrix<double, -1, -1, 1, -1, -1>, 1, -1, true> >(Eigen::Block<Eigen::Matrix<double, -1, -1, 1, -1, -1>, 1, -1, true>&, Eigen::Block<Eigen::Product<Eigen::Matrix<double, -1, -1, 0, -1, -1>, Eigen::Matrix<double, -1, -1, 0, -1, -1>, 0> const, 1, -1, false> const&, Eigen::Transpose<Eigen::Matrix<double, -1, -1, 0, -1, -1> > const&, double const&)
 .text._ZN5Eigen8internal19gemm_blocking_spaceILi1EddLin1ELin1ELin1ELi1ELb0EED2Ev
                0x038065c4       0x3c build/src/main.o
                0x038065c4                Eigen::internal::gemm_blocking_space<1, double, double, -1, -1, -1, 1, false>::~gemm_blocking_space()
 .text._ZN5Eigen8internal19gemv_dense_selectorILi2ELi0ELb1EE3runINS_6MatrixIdLin1ELin1ELi0ELin1ELin1EEENS_5BlockIKNS_9TransposeIS5_EELin1ELi1ELb0EEENS6_INS4_IdLin1ELin1ELi1ELin1ELin1EEELin1ELi1ELb0EEEEEvRKT_RKT0_RT1_RKNSJ_6ScalarE
                0x03806600      0x1a8 build/src/main.o
                0x03806600                void Eigen::internal::gemv_dense_selector<2, 0, true>::run<Eigen::Matrix<double, -1, -1, 0, -1, -1>, Eigen::Block<Eigen::Transpose<Eigen::Matrix<double, -1, -1, 0, -1, -1> > const, -1, 1, false>, Eigen::Block<Eigen::Matrix<double, -1, -1, 1, -1, -1>, -1, 1, false> >(Eigen::Matrix<double, -1, -1, 0, -1, -1> const&, Eigen::Block<Eigen::Transpose<Eigen::Matrix<double, -1, -1, 0, -1, -1> > const, -1, 1, false> const&, Eigen::Block<Eigen::Matrix<double, -1, -1, 1, -1, -1>, -1, 1, false>&, Eigen::Block<Eigen::Matrix<double, -1, -1, 1, -1, -1>, -1, 1, false>::Scalar const&)
 .text._ZNK5Eigen9DenseBaseINS_13CwiseBinaryOpINS_8internal22scalar_conj_product_opIddEEKNS_9TransposeIKNS_5BlockIKNS_7ProductINS_6MatrixIdLin1ELin1ELi0ELin1ELin1EEES9_Li0EEELi1ELin1ELb0EEEEEKNS6_IKNS6_IKNS5_IS9_EELin1ELi1ELb0EEELin1ELi1ELb1EEEEEE5reduxINS2_13scalar_sum_opIddEEEEdRKT_
                0x038067a8      0x1c0 build/src/main.o
                0x038067a8                double Eigen::DenseBase<Eigen::CwiseBinaryOp<Eigen::internal::scalar_conj_product_op<double, double>, Eigen::Transpose<Eigen::Block<Eigen::Product<Eigen::Matrix<double, -1, -1, 0, -1, -1>, Eigen::Matrix<double, -1, -1, 0, -1, -1>, 0> const, 1, -1, false> const> const, Eigen::Block<Eigen::Block<Eigen::Transpose<Eigen::Matrix<double, -1, -1, 0, -1, -1> > const, -1, 1, false> const, -1, 1, true> const> >::redux<Eigen::internal::scalar_sum_op<double, double> >(Eigen::internal::scalar_sum_op<double, double> const&) const
 .text._ZNK5Eigen9DenseBaseINS_13CwiseBinaryOpINS_8internal22scalar_conj_product_opIddEEKNS_9TransposeIKNS_5BlockIKNS6_IKNS_7ProductINS_6MatrixIdLin1ELin1ELi0ELin1ELin1EEES9_Li0EEELi1ELin1ELb0EEELi1ELin1ELb1EEEEEKNS6_IKNS5_IS9_EELin1ELi1ELb0EEEEEE5reduxINS2_13scalar_sum_opIddEEEEdRKT_
                0x03806968      0x110 build/src/main.o
                0x03806968                double Eigen::DenseBase<Eigen::CwiseBinaryOp<Eigen::internal::scalar_conj_product_op<double, double>, Eigen::Transpose<Eigen::Block<Eigen::Block<Eigen::Product<Eigen::Matrix<double, -1, -1, 0, -1, -1>, Eigen::Matrix<double, -1, -1, 0, -1, -1>, 0> const, 1, -1, false> const, 1, -1, true> const> const, Eigen::Block<Eigen::Transpose<Eigen::Matrix<double, -1, -1, 0, -1, -1> > const, -1, 1, false> const> >::redux<Eigen::internal::scalar_sum_op<double, double> >(Eigen::internal::scalar_sum_op<double, double> const&) const
 .text._ZN5Eigen8internal16binary_evaluatorINS_13CwiseBinaryOpINS0_22scalar_conj_product_opIddEEKNS_9TransposeIKNS_5BlockIKNS6_IKNS_7ProductINS_6MatrixIdLin1ELin1ELi0ELin1ELin1EEES9_Li0EEELi1ELin1ELb0EEELi1ELin1ELb1EEEEEKNS6_IKNS5_IS9_EELin1ELi1ELb0EEEEENS0_10IndexBasedESN_ddE4DataC2ERKSM_
                0x03806a78       0xfc build/src/main.o
                0x03806a78                Eigen::internal::binary_evaluator<Eigen::CwiseBinaryOp<Eigen::internal::scalar_conj_product_op<double, double>, Eigen::Transpose<Eigen::Block<Eigen::Block<Eigen::Product<Eigen::Matrix<double, -1, -1, 0, -1, -1>, Eigen::Matrix<double, -1, -1, 0, -1, -1>, 0> const, 1, -1, false> const, 1, -1, true> const> const, Eigen::Block<Eigen::Transpose<Eigen::Matrix<double, -1, -1, 0, -1, -1> > const, -1, 1, false> const>, Eigen::internal::IndexBased, Eigen::internal::IndexBased, double, double>::Data::Data(Eigen::CwiseBinaryOp<Eigen::internal::scalar_conj_product_op<double, double>, Eigen::Transpose<Eigen::Block<Eigen::Block<Eigen::Product<Eigen::Matrix<double, -1, -1, 0, -1, -1>, Eigen::Matrix<double, -1, -1, 0, -1, -1>, 0> const, 1, -1, false> const, 1, -1, true> const> const, Eigen::Block<Eigen::Transpose<Eigen::Matrix<double, -1, -1, 0, -1, -1> > const, -1, 1, false> const> const&)
 .text._ZN5Eigen8internal26call_dense_assignment_loopINS_6MatrixIdLi1ELin1ELi1ELi1ELin1EEENS_5BlockIKNS_7ProductINS2_IdLin1ELin1ELi0ELin1ELin1EEES6_Li0EEELi1ELin1ELb0EEENS0_9assign_opIddEEEEvRT_RKT0_RKT1_
                0x03806b74      0x180 build/src/main.o
                0x03806b74                void Eigen::internal::call_dense_assignment_loop<Eigen::Matrix<double, 1, -1, 1, 1, -1>, Eigen::Block<Eigen::Product<Eigen::Matrix<double, -1, -1, 0, -1, -1>, Eigen::Matrix<double, -1, -1, 0, -1, -1>, 0> const, 1, -1, false>, Eigen::internal::assign_op<double, double> >(Eigen::Matrix<double, 1, -1, 1, 1, -1>&, Eigen::Block<Eigen::Product<Eigen::Matrix<double, -1, -1, 0, -1, -1>, Eigen::Matrix<double, -1, -1, 0, -1, -1>, 0> const, 1, -1, false> const&, Eigen::internal::assign_op<double, double> const&)
 .text._ZN5Eigen15PlainObjectBaseINS_6MatrixIdLi1ELin1ELi1ELi1ELin1EEEE6resizeEii
                0x03806cf4       0xf8 build/src/main.o
                0x03806cf4                Eigen::PlainObjectBase<Eigen::Matrix<double, 1, -1, 1, 1, -1> >::resize(int, int)
 .text._ZN5Eigen15PlainObjectBaseINS_6MatrixIdLin1ELin1ELi0ELin1ELin1EEEEC2INS_7ProductIS2_S2_Li0EEEEERKNS_9DenseBaseIT_EE
                0x03806dec      0x150 build/src/main.o
                0x03806dec                Eigen::PlainObjectBase<Eigen::Matrix<double, -1, -1, 0, -1, -1> >::PlainObjectBase<Eigen::Product<Eigen::Matrix<double, -1, -1, 0, -1, -1>, Eigen::Matrix<double, -1, -1, 0, -1, -1>, 0> >(Eigen::DenseBase<Eigen::Product<Eigen::Matrix<double, -1, -1, 0, -1, -1>, Eigen::Matrix<double, -1, -1, 0, -1, -1>, 0> > const&)
 .text._ZNK5Eigen8internal12gemm_functorIdiNS0_29general_matrix_matrix_productIidLi0ELb0EdLi1ELb0ELi1ELi1EEENS_6MatrixIdLin1ELin1ELi0ELin1ELin1EEENS_9TransposeIKS5_EENS4_IdLin1ELin1ELi1ELin1ELin1EEENS0_19gemm_blocking_spaceILi1EddLin1ELin1ELin1ELi1ELb0EEEEclEiiiiPNS0_16GemmParallelInfoIiEE
                0x03806f3c       0xa8 build/src/main.o
                0x03806f3c                Eigen::internal::gemm_functor<double, int, Eigen::internal::general_matrix_matrix_product<int, double, 0, false, double, 1, false, 1, 1>, Eigen::Matrix<double, -1, -1, 0, -1, -1>, Eigen::Transpose<Eigen::Matrix<double, -1, -1, 0, -1, -1> const>, Eigen::Matrix<double, -1, -1, 1, -1, -1>, Eigen::internal::gemm_blocking_space<1, double, double, -1, -1, -1, 1, false> >::operator()(int, int, int, int, Eigen::internal::GemmParallelInfo<int>*) const
 .text._ZN5Eigen8internal29general_matrix_matrix_productIidLi0ELb0EdLi1ELb0ELi0ELi1EE3runEiiiPKdiS4_iPdiidRNS0_15level3_blockingIddEEPNS0_16GemmParallelInfoIiEE
                0x03806fe4      0x4ec build/src/main.o
                0x03806fe4                Eigen::internal::general_matrix_matrix_product<int, double, 0, false, double, 1, false, 0, 1>::run(int, int, int, double const*, int, double const*, int, double*, int, int, double, Eigen::internal::level3_blocking<double, double>&, Eigen::internal::GemmParallelInfo<int>*)
 .text._ZN5Eigen8internal13gemm_pack_rhsIdiNS0_22const_blas_data_mapperIdiLi1EEELi4ELi1ELb0ELb0EEclEPdRKS3_iiii
                0x038074d0      0x124 build/src/main.o
                0x038074d0                Eigen::internal::gemm_pack_rhs<double, int, Eigen::internal::const_blas_data_mapper<double, int, 1>, 4, 1, false, false>::operator()(double*, Eigen::internal::const_blas_data_mapper<double, int, 1> const&, int, int, int, int)
 .text._ZN5Eigen15PlainObjectBaseINS_6MatrixIdLin1ELin1ELi0ELin1ELin1EEEEC2INS_7ProductINS5_IS2_NS_9TransposeIS2_EELi0EEENS_7InverseIS2_EELi0EEEEERKNS_9DenseBaseIT_EE
                0x038075f4      0x164 build/src/main.o
                0x038075f4                Eigen::PlainObjectBase<Eigen::Matrix<double, -1, -1, 0, -1, -1> >::PlainObjectBase<Eigen::Product<Eigen::Product<Eigen::Matrix<double, -1, -1, 0, -1, -1>, Eigen::Transpose<Eigen::Matrix<double, -1, -1, 0, -1, -1> >, 0>, Eigen::Inverse<Eigen::Matrix<double, -1, -1, 0, -1, -1> >, 0> >(Eigen::DenseBase<Eigen::Product<Eigen::Product<Eigen::Matrix<double, -1, -1, 0, -1, -1>, Eigen::Transpose<Eigen::Matrix<double, -1, -1, 0, -1, -1> >, 0>, Eigen::Inverse<Eigen::Matrix<double, -1, -1, 0, -1, -1> >, 0> > const&)
 .text._ZN5Eigen8internal20generic_product_implINS_7ProductINS_6MatrixIdLin1ELin1ELi0ELin1ELin1EEENS_9TransposeIS4_EELi0EEENS_7InverseIS4_EENS_10DenseShapeESA_Li8EE6evalToIS4_EEvRT_RKS7_RKS9_
                0x03807758      0x104 build/src/main.o
                0x03807758                void Eigen::internal::generic_product_impl<Eigen::Product<Eigen::Matrix<double, -1, -1, 0, -1, -1>, Eigen::Transpose<Eigen::Matrix<double, -1, -1, 0, -1, -1> >, 0>, Eigen::Inverse<Eigen::Matrix<double, -1, -1, 0, -1, -1> >, Eigen::DenseShape, Eigen::DenseShape, 8>::evalTo<Eigen::Matrix<double, -1, -1, 0, -1, -1> >(Eigen::Matrix<double, -1, -1, 0, -1, -1>&, Eigen::Product<Eigen::Matrix<double, -1, -1, 0, -1, -1>, Eigen::Transpose<Eigen::Matrix<double, -1, -1, 0, -1, -1> >, 0> const&, Eigen::Inverse<Eigen::Matrix<double, -1, -1, 0, -1, -1> > const&)
 .text._ZN5Eigen8internal20generic_product_implINS_7ProductINS_6MatrixIdLin1ELin1ELi0ELin1ELin1EEENS_9TransposeIS4_EELi0EEENS_7InverseIS4_EENS_10DenseShapeESA_Li8EE13scaleAndAddToIS4_EEvRT_RKS7_RKS9_RKd
                0x0380785c      0x364 build/src/main.o
                0x0380785c                void Eigen::internal::generic_product_impl<Eigen::Product<Eigen::Matrix<double, -1, -1, 0, -1, -1>, Eigen::Transpose<Eigen::Matrix<double, -1, -1, 0, -1, -1> >, 0>, Eigen::Inverse<Eigen::Matrix<double, -1, -1, 0, -1, -1> >, Eigen::DenseShape, Eigen::DenseShape, 8>::scaleAndAddTo<Eigen::Matrix<double, -1, -1, 0, -1, -1> >(Eigen::Matrix<double, -1, -1, 0, -1, -1>&, Eigen::Product<Eigen::Matrix<double, -1, -1, 0, -1, -1>, Eigen::Transpose<Eigen::Matrix<double, -1, -1, 0, -1, -1> >, 0> const&, Eigen::Inverse<Eigen::Matrix<double, -1, -1, 0, -1, -1> > const&, double const&)
 .text._ZN5Eigen8internal42call_restricted_packet_assignment_no_aliasINS_6MatrixIdLin1ELin1ELi0ELin1ELin1EEENS_7ProductINS4_IS3_NS_9TransposeIS3_EELi0EEENS_7InverseIS3_EELi1EEENS0_9assign_opIddEEEEvRT_RKT0_RKT1_
                0x03807bc0      0x17c build/src/main.o
                0x03807bc0                void Eigen::internal::call_restricted_packet_assignment_no_alias<Eigen::Matrix<double, -1, -1, 0, -1, -1>, Eigen::Product<Eigen::Product<Eigen::Matrix<double, -1, -1, 0, -1, -1>, Eigen::Transpose<Eigen::Matrix<double, -1, -1, 0, -1, -1> >, 0>, Eigen::Inverse<Eigen::Matrix<double, -1, -1, 0, -1, -1> >, 1>, Eigen::internal::assign_op<double, double> >(Eigen::Matrix<double, -1, -1, 0, -1, -1>&, Eigen::Product<Eigen::Product<Eigen::Matrix<double, -1, -1, 0, -1, -1>, Eigen::Transpose<Eigen::Matrix<double, -1, -1, 0, -1, -1> >, 0>, Eigen::Inverse<Eigen::Matrix<double, -1, -1, 0, -1, -1> >, 1> const&, Eigen::internal::assign_op<double, double> const&)
 .text._ZN5Eigen8internal17product_evaluatorINS_7ProductINS2_INS_6MatrixIdLin1ELin1ELi0ELin1ELin1EEENS_9TransposeIS4_EELi0EEENS_7InverseIS4_EELi1EEELi8ENS_10DenseShapeESB_ddEC2ERKSA_
                0x03807d3c      0x114 build/src/main.o
                0x03807d3c                Eigen::internal::product_evaluator<Eigen::Product<Eigen::Product<Eigen::Matrix<double, -1, -1, 0, -1, -1>, Eigen::Transpose<Eigen::Matrix<double, -1, -1, 0, -1, -1> >, 0>, Eigen::Inverse<Eigen::Matrix<double, -1, -1, 0, -1, -1> >, 1>, 8, Eigen::DenseShape, Eigen::DenseShape, double, double>::product_evaluator(Eigen::Product<Eigen::Product<Eigen::Matrix<double, -1, -1, 0, -1, -1>, Eigen::Transpose<Eigen::Matrix<double, -1, -1, 0, -1, -1> >, 0>, Eigen::Inverse<Eigen::Matrix<double, -1, -1, 0, -1, -1> >, 1> const&)
 .text._ZN5Eigen8internal20generic_product_implINS_6MatrixIdLin1ELin1ELi0ELin1ELin1EEENS_9TransposeIS3_EENS_10DenseShapeES6_Li8EE6evalToIS3_EEvRT_RKS3_RKS5_
                0x03807e50       0xfc build/src/main.o
                0x03807e50                void Eigen::internal::generic_product_impl<Eigen::Matrix<double, -1, -1, 0, -1, -1>, Eigen::Transpose<Eigen::Matrix<double, -1, -1, 0, -1, -1> >, Eigen::DenseShape, Eigen::DenseShape, 8>::evalTo<Eigen::Matrix<double, -1, -1, 0, -1, -1> >(Eigen::Matrix<double, -1, -1, 0, -1, -1>&, Eigen::Matrix<double, -1, -1, 0, -1, -1> const&, Eigen::Transpose<Eigen::Matrix<double, -1, -1, 0, -1, -1> > const&)
 .text._ZN5Eigen8internal20generic_product_implINS_6MatrixIdLin1ELin1ELi0ELin1ELin1EEENS_9TransposeIS3_EENS_10DenseShapeES6_Li8EE13scaleAndAddToIS3_EEvRT_RKS3_RKS5_RKd
                0x03807f4c      0x26c build/src/main.o
                0x03807f4c                void Eigen::internal::generic_product_impl<Eigen::Matrix<double, -1, -1, 0, -1, -1>, Eigen::Transpose<Eigen::Matrix<double, -1, -1, 0, -1, -1> >, Eigen::DenseShape, Eigen::DenseShape, 8>::scaleAndAddTo<Eigen::Matrix<double, -1, -1, 0, -1, -1> >(Eigen::Matrix<double, -1, -1, 0, -1, -1>&, Eigen::Matrix<double, -1, -1, 0, -1, -1> const&, Eigen::Transpose<Eigen::Matrix<double, -1, -1, 0, -1, -1> > const&, double const&)
 .text._ZN5Eigen8internal42call_restricted_packet_assignment_no_aliasINS_6MatrixIdLin1ELin1ELi0ELin1ELin1EEENS_7ProductIS3_NS_9TransposeIKS3_EELi1EEENS0_9assign_opIddEEEEvRT_RKT0_RKT1_
                0x038081b8      0x168 build/src/main.o
                0x038081b8                void Eigen::internal::call_restricted_packet_assignment_no_alias<Eigen::Matrix<double, -1, -1, 0, -1, -1>, Eigen::Product<Eigen::Matrix<double, -1, -1, 0, -1, -1>, Eigen::Transpose<Eigen::Matrix<double, -1, -1, 0, -1, -1> const>, 1>, Eigen::internal::assign_op<double, double> >(Eigen::Matrix<double, -1, -1, 0, -1, -1>&, Eigen::Product<Eigen::Matrix<double, -1, -1, 0, -1, -1>, Eigen::Transpose<Eigen::Matrix<double, -1, -1, 0, -1, -1> const>, 1> const&, Eigen::internal::assign_op<double, double> const&)
 .text._ZNK5Eigen8internal17product_evaluatorINS_7ProductINS_6MatrixIdLin1ELin1ELi0ELin1ELin1EEENS_9TransposeIKS4_EELi1EEELi8ENS_10DenseShapeES9_ddE5coeffEii
                0x03808320      0x180 build/src/main.o
                0x03808320                Eigen::internal::product_evaluator<Eigen::Product<Eigen::Matrix<double, -1, -1, 0, -1, -1>, Eigen::Transpose<Eigen::Matrix<double, -1, -1, 0, -1, -1> const>, 1>, 8, Eigen::DenseShape, Eigen::DenseShape, double, double>::coeff(int, int) const
 .text._ZN5Eigen8internal20generic_product_implINS_6MatrixIdLin1ELin1ELi0ELin1ELin1EEEKNS_5BlockIKNS_9TransposeIS3_EELin1ELi1ELb0EEENS_10DenseShapeESA_Li7EE13scaleAndAddToINS4_IS3_Lin1ELi1ELb1EEEEEvRT_RKS3_RS9_RKd
                0x038084a0      0x18c build/src/main.o
                0x038084a0                void Eigen::internal::generic_product_impl<Eigen::Matrix<double, -1, -1, 0, -1, -1>, Eigen::Block<Eigen::Transpose<Eigen::Matrix<double, -1, -1, 0, -1, -1> > const, -1, 1, false> const, Eigen::DenseShape, Eigen::DenseShape, 7>::scaleAndAddTo<Eigen::Block<Eigen::Matrix<double, -1, -1, 0, -1, -1>, -1, 1, true> >(Eigen::Block<Eigen::Matrix<double, -1, -1, 0, -1, -1>, -1, 1, true>&, Eigen::Matrix<double, -1, -1, 0, -1, -1> const&, Eigen::Block<Eigen::Transpose<Eigen::Matrix<double, -1, -1, 0, -1, -1> > const, -1, 1, false> const&, double const&)
 .text._ZN5Eigen8internal20generic_product_implIKNS_5BlockIKNS_6MatrixIdLin1ELin1ELi0ELin1ELin1EEELi1ELin1ELb0EEENS_9TransposeIS4_EENS_10DenseShapeESA_Li7EE13scaleAndAddToINS2_IS4_Li1ELin1ELb0EEEEEvRT_RS7_RKS9_RKd
                0x0380862c      0x19c build/src/main.o
                0x0380862c                void Eigen::internal::generic_product_impl<Eigen::Block<Eigen::Matrix<double, -1, -1, 0, -1, -1> const, 1, -1, false> const, Eigen::Transpose<Eigen::Matrix<double, -1, -1, 0, -1, -1> >, Eigen::DenseShape, Eigen::DenseShape, 7>::scaleAndAddTo<Eigen::Block<Eigen::Matrix<double, -1, -1, 0, -1, -1>, 1, -1, false> >(Eigen::Block<Eigen::Matrix<double, -1, -1, 0, -1, -1>, 1, -1, false>&, Eigen::Block<Eigen::Matrix<double, -1, -1, 0, -1, -1> const, 1, -1, false> const&, Eigen::Transpose<Eigen::Matrix<double, -1, -1, 0, -1, -1> > const&, double const&)
 .text._ZN5Eigen8internal19gemv_dense_selectorILi2ELi0ELb1EE3runINS_9TransposeIKNS4_INS_6MatrixIdLin1ELin1ELi0ELin1ELin1EEEEEEENS4_IKNS_5BlockIKS6_Li1ELin1ELb0EEEEENS4_INSA_IS6_Li1ELin1ELb0EEEEEEEvRKT_RKT0_RT1_RKNSN_6ScalarE
                0x038087c8      0x1ac build/src/main.o
                0x038087c8                void Eigen::internal::gemv_dense_selector<2, 0, true>::run<Eigen::Transpose<Eigen::Transpose<Eigen::Matrix<double, -1, -1, 0, -1, -1> > const>, Eigen::Transpose<Eigen::Block<Eigen::Matrix<double, -1, -1, 0, -1, -1> const, 1, -1, false> const>, Eigen::Transpose<Eigen::Block<Eigen::Matrix<double, -1, -1, 0, -1, -1>, 1, -1, false> > >(Eigen::Transpose<Eigen::Transpose<Eigen::Matrix<double, -1, -1, 0, -1, -1> > const> const&, Eigen::Transpose<Eigen::Block<Eigen::Matrix<double, -1, -1, 0, -1, -1> const, 1, -1, false> const> const&, Eigen::Transpose<Eigen::Block<Eigen::Matrix<double, -1, -1, 0, -1, -1>, 1, -1, false> >&, Eigen::Transpose<Eigen::Block<Eigen::Matrix<double, -1, -1, 0, -1, -1>, 1, -1, false> >::Scalar const&)
 .text._ZNK5Eigen8internal12gemm_functorIdiNS0_29general_matrix_matrix_productIidLi0ELb0EdLi1ELb0ELi0ELi1EEENS_6MatrixIdLin1ELin1ELi0ELin1ELin1EEENS_9TransposeIKS5_EES5_NS0_19gemm_blocking_spaceILi0EddLin1ELin1ELin1ELi1ELb0EEEEclEiiiiPNS0_16GemmParallelInfoIiEE
                0x03808974       0x94 build/src/main.o
                0x03808974                Eigen::internal::gemm_functor<double, int, Eigen::internal::general_matrix_matrix_product<int, double, 0, false, double, 1, false, 0, 1>, Eigen::Matrix<double, -1, -1, 0, -1, -1>, Eigen::Transpose<Eigen::Matrix<double, -1, -1, 0, -1, -1> const>, Eigen::Matrix<double, -1, -1, 0, -1, -1>, Eigen::internal::gemm_blocking_space<0, double, double, -1, -1, -1, 1, false> >::operator()(int, int, int, int, Eigen::internal::GemmParallelInfo<int>*) const
 .text._ZN5Eigen8internal10AssignmentINS_6MatrixIdLin1ELin1ELi0ELin1ELin1EEENS_7InverseIS3_EENS0_9assign_opIddEENS0_11Dense2DenseEvE3runERS3_RKS5_RKS7_
                0x03808a08       0xa8 build/src/main.o
                0x03808a08                Eigen::internal::Assignment<Eigen::Matrix<double, -1, -1, 0, -1, -1>, Eigen::Inverse<Eigen::Matrix<double, -1, -1, 0, -1, -1> >, Eigen::internal::assign_op<double, double>, Eigen::internal::Dense2Dense, void>::run(Eigen::Matrix<double, -1, -1, 0, -1, -1>&, Eigen::Inverse<Eigen::Matrix<double, -1, -1, 0, -1, -1> > const&, Eigen::internal::assign_op<double, double> const&)
 .text._ZN5Eigen8internal15compute_inverseINS_6MatrixIdLin1ELin1ELi0ELin1ELin1EEES3_Lin1EE3runERKS3_RS3_
                0x03808ab0      0x114 build/src/main.o
                0x03808ab0                Eigen::internal::compute_inverse<Eigen::Matrix<double, -1, -1, 0, -1, -1>, Eigen::Matrix<double, -1, -1, 0, -1, -1>, -1>::run(Eigen::Matrix<double, -1, -1, 0, -1, -1> const&, Eigen::Matrix<double, -1, -1, 0, -1, -1>&)
 .text._ZN5Eigen12PartialPivLUINS_6MatrixIdLin1ELin1ELi0ELin1ELin1EEEEC2IS2_EERKNS_9EigenBaseIT_EE
                0x03808bc4      0x28c build/src/main.o
                0x03808bc4                Eigen::PartialPivLU<Eigen::Matrix<double, -1, -1, 0, -1, -1> >::PartialPivLU<Eigen::Matrix<double, -1, -1, 0, -1, -1> >(Eigen::EigenBase<Eigen::Matrix<double, -1, -1, 0, -1, -1> > const&)
 .text._ZN5Eigen12PartialPivLUINS_6MatrixIdLin1ELin1ELi0ELin1ELin1EEEE7computeEv
                0x03808e50      0x19c build/src/main.o
                0x03808e50                Eigen::PartialPivLU<Eigen::Matrix<double, -1, -1, 0, -1, -1> >::compute()
 .text._ZN5Eigen8internal18partial_lu_inplaceINS_6MatrixIdLin1ELin1ELi0ELin1ELin1EEENS_14TranspositionsILin1ELin1EiEEEEvRT_RT0_RNS8_12StorageIndexE
                0x03808fec       0x8c build/src/main.o
                0x03808fec                void Eigen::internal::partial_lu_inplace<Eigen::Matrix<double, -1, -1, 0, -1, -1>, Eigen::Transpositions<-1, -1, int> >(Eigen::Matrix<double, -1, -1, 0, -1, -1>&, Eigen::Transpositions<-1, -1, int>&, Eigen::Transpositions<-1, -1, int>::StorageIndex&)
 .text._ZN5Eigen8internal10redux_implINS0_13scalar_max_opIddLi0EEENS0_15redux_evaluatorINS_16PartialReduxExprIKNS_12CwiseUnaryOpINS0_13scalar_abs_opIdEEKNS_6MatrixIdLin1ELin1ELi0ELin1ELin1EEEEENS0_10member_sumIddEELi0EEEEELi0ELi0EE3runISG_EEdRKSH_RKS3_RKT_
                0x03809078      0x168 build/src/main.o
                0x03809078                double Eigen::internal::redux_impl<Eigen::internal::scalar_max_op<double, double, 0>, Eigen::internal::redux_evaluator<Eigen::PartialReduxExpr<Eigen::CwiseUnaryOp<Eigen::internal::scalar_abs_op<double>, Eigen::Matrix<double, -1, -1, 0, -1, -1> const> const, Eigen::internal::member_sum<double, double>, 0> >, 0, 0>::run<Eigen::PartialReduxExpr<Eigen::CwiseUnaryOp<Eigen::internal::scalar_abs_op<double>, Eigen::Matrix<double, -1, -1, 0, -1, -1> const> const, Eigen::internal::member_sum<double, double>, 0> >(Eigen::internal::redux_evaluator<Eigen::PartialReduxExpr<Eigen::CwiseUnaryOp<Eigen::internal::scalar_abs_op<double>, Eigen::Matrix<double, -1, -1, 0, -1, -1> const> const, Eigen::internal::member_sum<double, double>, 0> > const&, Eigen::internal::scalar_max_op<double, double, 0> const&, Eigen::PartialReduxExpr<Eigen::CwiseUnaryOp<Eigen::internal::scalar_abs_op<double>, Eigen::Matrix<double, -1, -1, 0, -1, -1> const> const, Eigen::internal::member_sum<double, double>, 0> const&)
 .text._ZN5Eigen8internal15partial_lu_implIdLi0EiLin1EE10blocked_luEiiPdiPiRii
                0x038091e0      0x7a4 build/src/main.o
                0x038091e0                Eigen::internal::partial_lu_impl<double, 0, int, -1>::blocked_lu(int, int, double*, int, int*, int&, int)
 .text._ZN5Eigen8internal15partial_lu_implIdLi0EiLin1EE12unblocked_luERNS_3RefINS_6MatrixIdLin1ELin1ELi0ELin1ELin1EEELi0ENS_11OuterStrideILin1EEEEEPiRi
                0x03809984      0x584 build/src/main.o
                0x03809984                Eigen::internal::partial_lu_impl<double, 0, int, -1>::unblocked_lu(Eigen::Ref<Eigen::Matrix<double, -1, -1, 0, -1, -1>, 0, Eigen::OuterStride<-1> >&, int*, int&)
 .text._ZN5Eigen7RefBaseINS_3RefINS_6MatrixIdLin1ELin1ELi0ELin1ELin1EEELi0ENS_11OuterStrideILin1EEEEEE9constructINS_3MapIS3_Li0ENS_6StrideILin1ELi0EEEEEEEbRT_
                0x03809f08       0x6c build/src/main.o
                0x03809f08                bool Eigen::RefBase<Eigen::Ref<Eigen::Matrix<double, -1, -1, 0, -1, -1>, 0, Eigen::OuterStride<-1> > >::construct<Eigen::Map<Eigen::Matrix<double, -1, -1, 0, -1, -1>, 0, Eigen::Stride<-1, 0> > >(Eigen::Map<Eigen::Matrix<double, -1, -1, 0, -1, -1>, 0, Eigen::Stride<-1, 0> >&)
 .text._ZNK5Eigen9DenseBaseINS_12CwiseUnaryOpINS_8internal21scalar_score_coeff_opIdEEKNS_5BlockINS5_INS_3RefINS_6MatrixIdLin1ELin1ELi0ELin1ELin1EEELi0ENS_11OuterStrideILin1EEEEELin1ELi1ELb1EEELin1ELi1ELb0EEEEEE8maxCoeffILi0EiEEdPT0_
                0x03809f74       0x98 build/src/main.o
                0x03809f74                double Eigen::DenseBase<Eigen::CwiseUnaryOp<Eigen::internal::scalar_score_coeff_op<double>, Eigen::Block<Eigen::Block<Eigen::Ref<Eigen::Matrix<double, -1, -1, 0, -1, -1>, 0, Eigen::OuterStride<-1> >, -1, 1, true>, -1, 1, false> const> >::maxCoeff<0, int>(int*) const
 .text._ZN5Eigen8internal26outer_product_selector_runINS_5BlockINS_3RefINS_6MatrixIdLin1ELin1ELi0ELin1ELin1EEELi0ENS_11OuterStrideILin1EEEEELin1ELin1ELb0EEENS2_INS2_IS8_Lin1ELi1ELb1EEELin1ELi1ELb0EEENS2_INS2_IS8_Li1ELin1ELb0EEELi1ELin1ELb0EEENS0_20generic_product_implISB_SD_NS_10DenseShapeESF_Li5EE3subEEEvRT_RKT0_RKT1_RKT2_RKNS0_10false_typeE
                0x0380a00c      0x150 build/src/main.o
                0x0380a00c                void Eigen::internal::outer_product_selector_run<Eigen::Block<Eigen::Ref<Eigen::Matrix<double, -1, -1, 0, -1, -1>, 0, Eigen::OuterStride<-1> >, -1, -1, false>, Eigen::Block<Eigen::Block<Eigen::Ref<Eigen::Matrix<double, -1, -1, 0, -1, -1>, 0, Eigen::OuterStride<-1> >, -1, 1, true>, -1, 1, false>, Eigen::Block<Eigen::Block<Eigen::Ref<Eigen::Matrix<double, -1, -1, 0, -1, -1>, 0, Eigen::OuterStride<-1> >, 1, -1, false>, 1, -1, false>, Eigen::internal::generic_product_impl<Eigen::Block<Eigen::Block<Eigen::Ref<Eigen::Matrix<double, -1, -1, 0, -1, -1>, 0, Eigen::OuterStride<-1> >, -1, 1, true>, -1, 1, false>, Eigen::Block<Eigen::Block<Eigen::Ref<Eigen::Matrix<double, -1, -1, 0, -1, -1>, 0, Eigen::OuterStride<-1> >, 1, -1, false>, 1, -1, false>, Eigen::DenseShape, Eigen::DenseShape, 5>::sub>(Eigen::Block<Eigen::Ref<Eigen::Matrix<double, -1, -1, 0, -1, -1>, 0, Eigen::OuterStride<-1> >, -1, -1, false>&, Eigen::Block<Eigen::Block<Eigen::Ref<Eigen::Matrix<double, -1, -1, 0, -1, -1>, 0, Eigen::OuterStride<-1> >, -1, 1, true>, -1, 1, false> const&, Eigen::Block<Eigen::Block<Eigen::Ref<Eigen::Matrix<double, -1, -1, 0, -1, -1>, 0, Eigen::OuterStride<-1> >, 1, -1, false>, 1, -1, false> const&, Eigen::internal::generic_product_impl<Eigen::Block<Eigen::Block<Eigen::Ref<Eigen::Matrix<double, -1, -1, 0, -1, -1>, 0, Eigen::OuterStride<-1> >, -1, 1, true>, -1, 1, false>, Eigen::Block<Eigen::Block<Eigen::Ref<Eigen::Matrix<double, -1, -1, 0, -1, -1>, 0, Eigen::OuterStride<-1> >, 1, -1, false>, 1, -1, false>, Eigen::DenseShape, Eigen::DenseShape, 5>::sub const&, Eigen::internal::false_type const&)
 .text._ZN5Eigen7RefBaseINS_3RefINS_6MatrixIdLin1ELin1ELi0ELin1ELin1EEELi0ENS_11OuterStrideILin1EEEEEE9constructINS_5BlockIS6_Lin1ELin1ELb0EEEEEbRT_
                0x0380a15c       0x70 build/src/main.o
                0x0380a15c                bool Eigen::RefBase<Eigen::Ref<Eigen::Matrix<double, -1, -1, 0, -1, -1>, 0, Eigen::OuterStride<-1> > >::construct<Eigen::Block<Eigen::Ref<Eigen::Matrix<double, -1, -1, 0, -1, -1>, 0, Eigen::OuterStride<-1> >, -1, -1, false> >(Eigen::Block<Eigen::Ref<Eigen::Matrix<double, -1, -1, 0, -1, -1>, 0, Eigen::OuterStride<-1> >, -1, -1, false>&)
 .text._ZNK5Eigen18TriangularViewImplINS_3RefINS_6MatrixIdLin1ELin1ELi0ELin1ELin1EEELi0ENS_11OuterStrideILin1EEEEELj5ENS_5DenseEE12solveInPlaceILi1ES6_EEvRKNS_10MatrixBaseIT0_EE
                0x0380a1cc       0x50 build/src/main.o
                0x0380a1cc                void Eigen::TriangularViewImpl<Eigen::Ref<Eigen::Matrix<double, -1, -1, 0, -1, -1>, 0, Eigen::OuterStride<-1> >, 5u, Eigen::Dense>::solveInPlace<1, Eigen::Ref<Eigen::Matrix<double, -1, -1, 0, -1, -1>, 0, Eigen::OuterStride<-1> > >(Eigen::MatrixBase<Eigen::Ref<Eigen::Matrix<double, -1, -1, 0, -1, -1>, 0, Eigen::OuterStride<-1> > > const&) const
 .text._ZN5Eigen8internal26triangular_solver_selectorINS_3RefINS_6MatrixIdLin1ELin1ELi0ELin1ELin1EEELi0ENS_11OuterStrideILin1EEEEES7_Li1ELi5ELi0ELin1EE3runERKS7_RS7_
                0x0380a21c       0xa0 build/src/main.o
                0x0380a21c                Eigen::internal::triangular_solver_selector<Eigen::Ref<Eigen::Matrix<double, -1, -1, 0, -1, -1>, 0, Eigen::OuterStride<-1> >, Eigen::Ref<Eigen::Matrix<double, -1, -1, 0, -1, -1>, 0, Eigen::OuterStride<-1> >, 1, 5, 0, -1>::run(Eigen::Ref<Eigen::Matrix<double, -1, -1, 0, -1, -1>, 0, Eigen::OuterStride<-1> > const&, Eigen::Ref<Eigen::Matrix<double, -1, -1, 0, -1, -1>, 0, Eigen::OuterStride<-1> >&)
 .text._ZN5Eigen8internal23triangular_solve_matrixIdiLi1ELi5ELb0ELi0ELi0ELi1EE3runEiiPKdiPdiiRNS0_15level3_blockingIddEE
                0x0380a2bc      0x788 build/src/main.o
                0x0380a2bc                Eigen::internal::triangular_solve_matrix<double, int, 1, 5, false, 0, 0, 1>::run(int, int, double const*, int, double*, int, int, Eigen::internal::level3_blocking<double, double>&)
 .text._ZN5Eigen8internal19gemm_blocking_spaceILi0EddLin1ELin1ELin1ELi4ELb0EED2Ev
                0x0380aa44       0x3c build/src/main.o
                0x0380aa44                Eigen::internal::gemm_blocking_space<0, double, double, -1, -1, -1, 4, false>::~gemm_blocking_space()
 .text._ZN5Eigen8internal37evaluateProductBlockingSizesHeuristicIddLi4EiEEvRT2_S3_S3_S2_
                0x0380aa80      0x350 build/src/main.o
                0x0380aa80                void Eigen::internal::evaluateProductBlockingSizesHeuristic<double, double, 4, int>(int&, int&, int&, int)
 .text._ZN5Eigen8internal13gemm_pack_rhsIdiNS0_16blas_data_mapperIdiLi0ELi0ELi1EEELi4ELi0ELb0ELb1EEclEPdRKS3_iiii
                0x0380add0      0x1cc build/src/main.o
                0x0380add0                Eigen::internal::gemm_pack_rhs<double, int, Eigen::internal::blas_data_mapper<double, int, 0, 0, 1>, 4, 0, false, true>::operator()(double*, Eigen::internal::blas_data_mapper<double, int, 0, 0, 1> const&, int, int, int, int)
 .text._ZN5Eigen8internal20generic_product_implINS_3RefINS_6MatrixIdLin1ELin1ELi0ELin1ELin1EEELi0ENS_11OuterStrideILin1EEEEES7_NS_10DenseShapeES8_Li8EE5subToIS7_EEvRT_RKS7_SE_
                0x0380af9c      0x154 build/src/main.o
                0x0380af9c                void Eigen::internal::generic_product_impl<Eigen::Ref<Eigen::Matrix<double, -1, -1, 0, -1, -1>, 0, Eigen::OuterStride<-1> >, Eigen::Ref<Eigen::Matrix<double, -1, -1, 0, -1, -1>, 0, Eigen::OuterStride<-1> >, Eigen::DenseShape, Eigen::DenseShape, 8>::subTo<Eigen::Ref<Eigen::Matrix<double, -1, -1, 0, -1, -1>, 0, Eigen::OuterStride<-1> > >(Eigen::Ref<Eigen::Matrix<double, -1, -1, 0, -1, -1>, 0, Eigen::OuterStride<-1> >&, Eigen::Ref<Eigen::Matrix<double, -1, -1, 0, -1, -1>, 0, Eigen::OuterStride<-1> > const&, Eigen::Ref<Eigen::Matrix<double, -1, -1, 0, -1, -1>, 0, Eigen::OuterStride<-1> > const&)
 .text._ZN5Eigen8internal20generic_product_implINS_3RefINS_6MatrixIdLin1ELin1ELi0ELin1ELin1EEELi0ENS_11OuterStrideILin1EEEEES7_NS_10DenseShapeES8_Li8EE13scaleAndAddToIS7_EEvRT_RKS7_SE_RKd
                0x0380b0f0      0x260 build/src/main.o
                0x0380b0f0                void Eigen::internal::generic_product_impl<Eigen::Ref<Eigen::Matrix<double, -1, -1, 0, -1, -1>, 0, Eigen::OuterStride<-1> >, Eigen::Ref<Eigen::Matrix<double, -1, -1, 0, -1, -1>, 0, Eigen::OuterStride<-1> >, Eigen::DenseShape, Eigen::DenseShape, 8>::scaleAndAddTo<Eigen::Ref<Eigen::Matrix<double, -1, -1, 0, -1, -1>, 0, Eigen::OuterStride<-1> > >(Eigen::Ref<Eigen::Matrix<double, -1, -1, 0, -1, -1>, 0, Eigen::OuterStride<-1> >&, Eigen::Ref<Eigen::Matrix<double, -1, -1, 0, -1, -1>, 0, Eigen::OuterStride<-1> > const&, Eigen::Ref<Eigen::Matrix<double, -1, -1, 0, -1, -1>, 0, Eigen::OuterStride<-1> > const&, double const&)
 .text._ZNK5Eigen8internal17product_evaluatorINS_7ProductINS_3RefINS_6MatrixIdLin1ELin1ELi0ELin1ELin1EEELi0ENS_11OuterStrideILin1EEEEES8_Li1EEELi8ENS_10DenseShapeESA_ddE5coeffEii
                0x0380b350      0x180 build/src/main.o
                0x0380b350                Eigen::internal::product_evaluator<Eigen::Product<Eigen::Ref<Eigen::Matrix<double, -1, -1, 0, -1, -1>, 0, Eigen::OuterStride<-1> >, Eigen::Ref<Eigen::Matrix<double, -1, -1, 0, -1, -1>, 0, Eigen::OuterStride<-1> >, 1>, 8, Eigen::DenseShape, Eigen::DenseShape, double, double>::coeff(int, int) const
 .text._ZN5Eigen8internal20generic_product_implINS_3RefINS_6MatrixIdLin1ELin1ELi0ELin1ELin1EEELi0ENS_11OuterStrideILin1EEEEEKNS_5BlockIKS7_Lin1ELi1ELb1EEENS_10DenseShapeESC_Li7EE13scaleAndAddToINS8_IS7_Lin1ELi1ELb1EEEEEvRT_RS9_RSB_RKd
                0x0380b4d0      0x184 build/src/main.o
                0x0380b4d0                void Eigen::internal::generic_product_impl<Eigen::Ref<Eigen::Matrix<double, -1, -1, 0, -1, -1>, 0, Eigen::OuterStride<-1> >, Eigen::Block<Eigen::Ref<Eigen::Matrix<double, -1, -1, 0, -1, -1>, 0, Eigen::OuterStride<-1> > const, -1, 1, true> const, Eigen::DenseShape, Eigen::DenseShape, 7>::scaleAndAddTo<Eigen::Block<Eigen::Ref<Eigen::Matrix<double, -1, -1, 0, -1, -1>, 0, Eigen::OuterStride<-1> >, -1, 1, true> >(Eigen::Block<Eigen::Ref<Eigen::Matrix<double, -1, -1, 0, -1, -1>, 0, Eigen::OuterStride<-1> >, -1, 1, true>&, Eigen::Ref<Eigen::Matrix<double, -1, -1, 0, -1, -1>, 0, Eigen::OuterStride<-1> > const&, Eigen::Block<Eigen::Ref<Eigen::Matrix<double, -1, -1, 0, -1, -1>, 0, Eigen::OuterStride<-1> > const, -1, 1, true> const&, double const&)
 .text._ZN5Eigen8internal20generic_product_implIKNS_5BlockIKNS_3RefINS_6MatrixIdLin1ELin1ELi0ELin1ELin1EEELi0ENS_11OuterStrideILin1EEEEELi1ELin1ELb0EEES8_NS_10DenseShapeESC_Li7EE13scaleAndAddToINS2_IS8_Li1ELin1ELb0EEEEEvRT_RSB_RS9_RKd
                0x0380b654      0x19c build/src/main.o
                0x0380b654                void Eigen::internal::generic_product_impl<Eigen::Block<Eigen::Ref<Eigen::Matrix<double, -1, -1, 0, -1, -1>, 0, Eigen::OuterStride<-1> > const, 1, -1, false> const, Eigen::Ref<Eigen::Matrix<double, -1, -1, 0, -1, -1>, 0, Eigen::OuterStride<-1> >, Eigen::DenseShape, Eigen::DenseShape, 7>::scaleAndAddTo<Eigen::Block<Eigen::Ref<Eigen::Matrix<double, -1, -1, 0, -1, -1>, 0, Eigen::OuterStride<-1> >, 1, -1, false> >(Eigen::Block<Eigen::Ref<Eigen::Matrix<double, -1, -1, 0, -1, -1>, 0, Eigen::OuterStride<-1> >, 1, -1, false>&, Eigen::Block<Eigen::Ref<Eigen::Matrix<double, -1, -1, 0, -1, -1>, 0, Eigen::OuterStride<-1> > const, 1, -1, false> const&, Eigen::Ref<Eigen::Matrix<double, -1, -1, 0, -1, -1>, 0, Eigen::OuterStride<-1> > const&, double const&)
 .text._ZN5Eigen8internal19gemv_dense_selectorILi2ELi1ELb1EE3runINS_9TransposeIKNS_3RefINS_6MatrixIdLin1ELin1ELi0ELin1ELin1EEELi0ENS_11OuterStrideILin1EEEEEEENS4_IKNS_5BlockISB_Li1ELin1ELb0EEEEENS4_INSD_ISA_Li1ELin1ELb0EEEEEEEvRKT_RKT0_RT1_RKNSP_6ScalarE
                0x0380b7f0      0x190 build/src/main.o
                0x0380b7f0                void Eigen::internal::gemv_dense_selector<2, 1, true>::run<Eigen::Transpose<Eigen::Ref<Eigen::Matrix<double, -1, -1, 0, -1, -1>, 0, Eigen::OuterStride<-1> > const>, Eigen::Transpose<Eigen::Block<Eigen::Ref<Eigen::Matrix<double, -1, -1, 0, -1, -1>, 0, Eigen::OuterStride<-1> > const, 1, -1, false> const>, Eigen::Transpose<Eigen::Block<Eigen::Ref<Eigen::Matrix<double, -1, -1, 0, -1, -1>, 0, Eigen::OuterStride<-1> >, 1, -1, false> > >(Eigen::Transpose<Eigen::Ref<Eigen::Matrix<double, -1, -1, 0, -1, -1>, 0, Eigen::OuterStride<-1> > const> const&, Eigen::Transpose<Eigen::Block<Eigen::Ref<Eigen::Matrix<double, -1, -1, 0, -1, -1>, 0, Eigen::OuterStride<-1> > const, 1, -1, false> const> const&, Eigen::Transpose<Eigen::Block<Eigen::Ref<Eigen::Matrix<double, -1, -1, 0, -1, -1>, 0, Eigen::OuterStride<-1> >, 1, -1, false> >&, Eigen::Transpose<Eigen::Block<Eigen::Ref<Eigen::Matrix<double, -1, -1, 0, -1, -1>, 0, Eigen::OuterStride<-1> >, 1, -1, false> >::Scalar const&)
 .text._ZNK5Eigen8internal12gemm_functorIdiNS0_29general_matrix_matrix_productIidLi0ELb0EdLi0ELb0ELi0ELi1EEENS_3RefINS_6MatrixIdLin1ELin1ELi0ELin1ELin1EEELi0ENS_11OuterStrideILin1EEEEES9_S9_NS0_19gemm_blocking_spaceILi0EddLin1ELin1ELin1ELi1ELb0EEEEclEiiiiPNS0_16GemmParallelInfoIiEE
                0x0380b980       0x9c build/src/main.o
                0x0380b980                Eigen::internal::gemm_functor<double, int, Eigen::internal::general_matrix_matrix_product<int, double, 0, false, double, 0, false, 0, 1>, Eigen::Ref<Eigen::Matrix<double, -1, -1, 0, -1, -1>, 0, Eigen::OuterStride<-1> >, Eigen::Ref<Eigen::Matrix<double, -1, -1, 0, -1, -1>, 0, Eigen::OuterStride<-1> >, Eigen::Ref<Eigen::Matrix<double, -1, -1, 0, -1, -1>, 0, Eigen::OuterStride<-1> >, Eigen::internal::gemm_blocking_space<0, double, double, -1, -1, -1, 1, false> >::operator()(int, int, int, int, Eigen::internal::GemmParallelInfo<int>*) const
 .text._ZN5Eigen15PermutationBaseINS_17PermutationMatrixILin1ELin1EiEEEaSINS_14TranspositionsILin1ELin1EiEEEERS2_RKNS_18TranspositionsBaseIT_EE
                0x0380ba1c      0x130 build/src/main.o
                0x0380ba1c                Eigen::PermutationMatrix<-1, -1, int>& Eigen::PermutationBase<Eigen::PermutationMatrix<-1, -1, int> >::operator=<Eigen::Transpositions<-1, -1, int> >(Eigen::TranspositionsBase<Eigen::Transpositions<-1, -1, int> > const&)
 .text._ZN5Eigen15PermutationBaseINS_17PermutationMatrixILin1ELin1EiEEE28applyTranspositionOnTheRightEii
                0x0380bb4c       0x5c build/src/main.o
                0x0380bb4c                Eigen::PermutationBase<Eigen::PermutationMatrix<-1, -1, int> >::applyTranspositionOnTheRight(int, int)
 .text._ZN5Eigen12DenseStorageIdLin1ELin1ELin1ELi0EEC2ERKS1_
                0x0380bba8       0xb4 build/src/main.o
                0x0380bba8                Eigen::DenseStorage<double, -1, -1, -1, 0>::DenseStorage(Eigen::DenseStorage<double, -1, -1, -1, 0> const&)
 .text._ZN5Eigen12DenseStorageIiLin1ELin1ELi1ELi0EEC2ERKS1_
                0x0380bc5c       0xa4 build/src/main.o
                0x0380bc5c                Eigen::DenseStorage<int, -1, -1, 1, 0>::DenseStorage(Eigen::DenseStorage<int, -1, -1, 1, 0> const&)
 .text._ZN5Eigen8internal10AssignmentINS_6MatrixIdLin1ELin1ELi0ELin1ELin1EEENS_7InverseINS_12PartialPivLUIS3_EEEENS0_9assign_opIddEENS0_11Dense2DenseEvE3runERS3_RKS7_RKS9_
                0x0380bd00       0x7c build/src/main.o
                0x0380bd00                Eigen::internal::Assignment<Eigen::Matrix<double, -1, -1, 0, -1, -1>, Eigen::Inverse<Eigen::PartialPivLU<Eigen::Matrix<double, -1, -1, 0, -1, -1> > >, Eigen::internal::assign_op<double, double>, Eigen::internal::Dense2Dense, void>::run(Eigen::Matrix<double, -1, -1, 0, -1, -1>&, Eigen::Inverse<Eigen::PartialPivLU<Eigen::Matrix<double, -1, -1, 0, -1, -1> > > const&, Eigen::internal::assign_op<double, double> const&)
 .text._ZNK5Eigen10SolverBaseINS_12PartialPivLUINS_6MatrixIdLin1ELin1ELi0ELin1ELin1EEEEEE22_check_solve_assertionILb0ENS_10MatrixBaseINS_14CwiseNullaryOpINS_8internal18scalar_identity_opIdEES3_EEEEEEvRKT0_
                0x0380bd7c       0x64 build/src/main.o
                0x0380bd7c                void Eigen::SolverBase<Eigen::PartialPivLU<Eigen::Matrix<double, -1, -1, 0, -1, -1> > >::_check_solve_assertion<false, Eigen::MatrixBase<Eigen::CwiseNullaryOp<Eigen::internal::scalar_identity_op<double>, Eigen::Matrix<double, -1, -1, 0, -1, -1> > > >(Eigen::MatrixBase<Eigen::CwiseNullaryOp<Eigen::internal::scalar_identity_op<double>, Eigen::Matrix<double, -1, -1, 0, -1, -1> > > const&) const
 .text._ZN5Eigen8internal10AssignmentINS_6MatrixIdLin1ELin1ELi0ELin1ELin1EEENS_5SolveINS_12PartialPivLUIS3_EENS_14CwiseNullaryOpINS0_18scalar_identity_opIdEES3_EEEENS0_9assign_opIddEENS0_11Dense2DenseEvE3runERS3_RKSB_RKSD_
                0x0380bde0       0xac build/src/main.o
                0x0380bde0                Eigen::internal::Assignment<Eigen::Matrix<double, -1, -1, 0, -1, -1>, Eigen::Solve<Eigen::PartialPivLU<Eigen::Matrix<double, -1, -1, 0, -1, -1> >, Eigen::CwiseNullaryOp<Eigen::internal::scalar_identity_op<double>, Eigen::Matrix<double, -1, -1, 0, -1, -1> > >, Eigen::internal::assign_op<double, double>, Eigen::internal::Dense2Dense, void>::run(Eigen::Matrix<double, -1, -1, 0, -1, -1>&, Eigen::Solve<Eigen::PartialPivLU<Eigen::Matrix<double, -1, -1, 0, -1, -1> >, Eigen::CwiseNullaryOp<Eigen::internal::scalar_identity_op<double>, Eigen::Matrix<double, -1, -1, 0, -1, -1> > > const&, Eigen::internal::assign_op<double, double> const&)
 .text._ZNK5Eigen12PartialPivLUINS_6MatrixIdLin1ELin1ELi0ELin1ELin1EEEE11_solve_implINS_14CwiseNullaryOpINS_8internal18scalar_identity_opIdEES2_EES2_EEvRKT_RT0_
                0x0380be8c       0xb0 build/src/main.o
                0x0380be8c                void Eigen::PartialPivLU<Eigen::Matrix<double, -1, -1, 0, -1, -1> >::_solve_impl<Eigen::CwiseNullaryOp<Eigen::internal::scalar_identity_op<double>, Eigen::Matrix<double, -1, -1, 0, -1, -1> >, Eigen::Matrix<double, -1, -1, 0, -1, -1> >(Eigen::CwiseNullaryOp<Eigen::internal::scalar_identity_op<double>, Eigen::Matrix<double, -1, -1, 0, -1, -1> > const&, Eigen::Matrix<double, -1, -1, 0, -1, -1>&) const
 .text._ZN5Eigen15PlainObjectBaseINS_6MatrixIdLin1ELin1ELi0ELin1ELin1EEEE4_setINS_7ProductINS_17PermutationMatrixILin1ELin1EiEENS_14CwiseNullaryOpINS_8internal18scalar_identity_opIdEES2_EELi2EEEEERS2_RKNS_9DenseBaseIT_EE
                0x0380bf3c      0x194 build/src/main.o
                0x0380bf3c                Eigen::Matrix<double, -1, -1, 0, -1, -1>& Eigen::PlainObjectBase<Eigen::Matrix<double, -1, -1, 0, -1, -1> >::_set<Eigen::Product<Eigen::PermutationMatrix<-1, -1, int>, Eigen::CwiseNullaryOp<Eigen::internal::scalar_identity_op<double>, Eigen::Matrix<double, -1, -1, 0, -1, -1> >, 2> >(Eigen::DenseBase<Eigen::Product<Eigen::PermutationMatrix<-1, -1, int>, Eigen::CwiseNullaryOp<Eigen::internal::scalar_identity_op<double>, Eigen::Matrix<double, -1, -1, 0, -1, -1> >, 2> > const&)
 .text._ZNK5Eigen18TriangularViewImplIKNS_6MatrixIdLin1ELin1ELi0ELin1ELin1EEELj5ENS_5DenseEE12solveInPlaceILi1ES2_EEvRKNS_10MatrixBaseIT0_EE
                0x0380c0d0       0x50 build/src/main.o
                0x0380c0d0                void Eigen::TriangularViewImpl<Eigen::Matrix<double, -1, -1, 0, -1, -1> const, 5u, Eigen::Dense>::solveInPlace<1, Eigen::Matrix<double, -1, -1, 0, -1, -1> >(Eigen::MatrixBase<Eigen::Matrix<double, -1, -1, 0, -1, -1> > const&) const
 .text._ZN5Eigen8internal26triangular_solver_selectorIKNS_6MatrixIdLin1ELin1ELi0ELin1ELin1EEES3_Li1ELi5ELi0ELin1EE3runERS4_RS3_
                0x0380c120       0x98 build/src/main.o
                0x0380c120                Eigen::internal::triangular_solver_selector<Eigen::Matrix<double, -1, -1, 0, -1, -1> const, Eigen::Matrix<double, -1, -1, 0, -1, -1>, 1, 5, 0, -1>::run(Eigen::Matrix<double, -1, -1, 0, -1, -1> const&, Eigen::Matrix<double, -1, -1, 0, -1, -1>&)
 .text._ZNK5Eigen18TriangularViewImplIKNS_6MatrixIdLin1ELin1ELi0ELin1ELin1EEELj2ENS_5DenseEE12solveInPlaceILi1ES2_EEvRKNS_10MatrixBaseIT0_EE
                0x0380c1b8       0x50 build/src/main.o
                0x0380c1b8                void Eigen::TriangularViewImpl<Eigen::Matrix<double, -1, -1, 0, -1, -1> const, 2u, Eigen::Dense>::solveInPlace<1, Eigen::Matrix<double, -1, -1, 0, -1, -1> >(Eigen::MatrixBase<Eigen::Matrix<double, -1, -1, 0, -1, -1> > const&) const
 .text._ZN5Eigen8internal26triangular_solver_selectorIKNS_6MatrixIdLin1ELin1ELi0ELin1ELin1EEES3_Li1ELi2ELi0ELin1EE3runERS4_RS3_
                0x0380c208       0x98 build/src/main.o
                0x0380c208                Eigen::internal::triangular_solver_selector<Eigen::Matrix<double, -1, -1, 0, -1, -1> const, Eigen::Matrix<double, -1, -1, 0, -1, -1>, 1, 2, 0, -1>::run(Eigen::Matrix<double, -1, -1, 0, -1, -1> const&, Eigen::Matrix<double, -1, -1, 0, -1, -1>&)
 .text._ZN5Eigen8internal23triangular_solve_matrixIdiLi1ELi2ELb0ELi0ELi0ELi1EE3runEiiPKdiPdiiRNS0_15level3_blockingIddEE
                0x0380c2a0      0x808 build/src/main.o
                0x0380c2a0                Eigen::internal::triangular_solve_matrix<double, int, 1, 2, false, 0, 0, 1>::run(int, int, double const*, int, double*, int, int, Eigen::internal::level3_blocking<double, double>&)
 .text._ZNK5Eigen8internal17product_evaluatorINS_7ProductINS2_INS_6MatrixIdLin1ELin1ELi0ELin1ELin1EEENS_9TransposeIS4_EELi0EEENS_7InverseIS4_EELi1EEELi8ENS_10DenseShapeESB_ddE5coeffEii
                0x0380caa8      0x174 build/src/main.o
                0x0380caa8                Eigen::internal::product_evaluator<Eigen::Product<Eigen::Product<Eigen::Matrix<double, -1, -1, 0, -1, -1>, Eigen::Transpose<Eigen::Matrix<double, -1, -1, 0, -1, -1> >, 0>, Eigen::Inverse<Eigen::Matrix<double, -1, -1, 0, -1, -1> >, 1>, 8, Eigen::DenseShape, Eigen::DenseShape, double, double>::coeff(int, int) const
 .text._ZN5Eigen8internal20generic_product_implINS_7ProductINS_6MatrixIdLin1ELin1ELi0ELin1ELin1EEENS_9TransposeIS4_EELi0EEEKNS_5BlockIKNS_7InverseIS4_EELin1ELi1ELb1EEENS_10DenseShapeESE_Li7EE13scaleAndAddToINS8_IS4_Lin1ELi1ELb1EEEEEvRT_RKS7_RSD_RKd
                0x0380cc1c      0x264 build/src/main.o
                0x0380cc1c                void Eigen::internal::generic_product_impl<Eigen::Product<Eigen::Matrix<double, -1, -1, 0, -1, -1>, Eigen::Transpose<Eigen::Matrix<double, -1, -1, 0, -1, -1> >, 0>, Eigen::Block<Eigen::Inverse<Eigen::Matrix<double, -1, -1, 0, -1, -1> > const, -1, 1, true> const, Eigen::DenseShape, Eigen::DenseShape, 7>::scaleAndAddTo<Eigen::Block<Eigen::Matrix<double, -1, -1, 0, -1, -1>, -1, 1, true> >(Eigen::Block<Eigen::Matrix<double, -1, -1, 0, -1, -1>, -1, 1, true>&, Eigen::Product<Eigen::Matrix<double, -1, -1, 0, -1, -1>, Eigen::Transpose<Eigen::Matrix<double, -1, -1, 0, -1, -1> >, 0> const&, Eigen::Block<Eigen::Inverse<Eigen::Matrix<double, -1, -1, 0, -1, -1> > const, -1, 1, true> const&, double const&)
 .text._ZN5Eigen8internal20generic_product_implIKNS_5BlockIKNS_7ProductINS_6MatrixIdLin1ELin1ELi0ELin1ELin1EEENS_9TransposeIS5_EELi0EEELi1ELin1ELb0EEENS_7InverseIS5_EENS_10DenseShapeESE_Li7EE13scaleAndAddToINS2_IS5_Li1ELin1ELb0EEEEEvRT_RSB_RKSD_RKd
                0x0380ce80      0x198 build/src/main.o
                0x0380ce80                void Eigen::internal::generic_product_impl<Eigen::Block<Eigen::Product<Eigen::Matrix<double, -1, -1, 0, -1, -1>, Eigen::Transpose<Eigen::Matrix<double, -1, -1, 0, -1, -1> >, 0> const, 1, -1, false> const, Eigen::Inverse<Eigen::Matrix<double, -1, -1, 0, -1, -1> >, Eigen::DenseShape, Eigen::DenseShape, 7>::scaleAndAddTo<Eigen::Block<Eigen::Matrix<double, -1, -1, 0, -1, -1>, 1, -1, false> >(Eigen::Block<Eigen::Matrix<double, -1, -1, 0, -1, -1>, 1, -1, false>&, Eigen::Block<Eigen::Product<Eigen::Matrix<double, -1, -1, 0, -1, -1>, Eigen::Transpose<Eigen::Matrix<double, -1, -1, 0, -1, -1> >, 0> const, 1, -1, false> const&, Eigen::Inverse<Eigen::Matrix<double, -1, -1, 0, -1, -1> > const&, double const&)
 .text._ZNK5Eigen9DenseBaseINS_13CwiseBinaryOpINS_8internal22scalar_conj_product_opIddEEKNS_9TransposeIKNS_5BlockIKNS_7ProductINS_6MatrixIdLin1ELin1ELi0ELin1ELin1EEENS5_IS9_EELi0EEELi1ELin1ELb0EEEEEKNS6_IKNS6_IKNS_7InverseIS9_EELin1ELi1ELb1EEELin1ELi1ELb1EEEEEE5reduxINS2_13scalar_sum_opIddEEEEdRKT_
                0x0380d018      0x130 build/src/main.o
                0x0380d018                double Eigen::DenseBase<Eigen::CwiseBinaryOp<Eigen::internal::scalar_conj_product_op<double, double>, Eigen::Transpose<Eigen::Block<Eigen::Product<Eigen::Matrix<double, -1, -1, 0, -1, -1>, Eigen::Transpose<Eigen::Matrix<double, -1, -1, 0, -1, -1> >, 0> const, 1, -1, false> const> const, Eigen::Block<Eigen::Block<Eigen::Inverse<Eigen::Matrix<double, -1, -1, 0, -1, -1> > const, -1, 1, true> const, -1, 1, true> const> >::redux<Eigen::internal::scalar_sum_op<double, double> >(Eigen::internal::scalar_sum_op<double, double> const&) const
 .text._ZN5Eigen8internal16binary_evaluatorINS_13CwiseBinaryOpINS0_22scalar_conj_product_opIddEEKNS_9TransposeIKNS_5BlockIKNS_7ProductINS_6MatrixIdLin1ELin1ELi0ELin1ELin1EEENS5_IS9_EELi0EEELi1ELin1ELb0EEEEEKNS6_IKNS6_IKNS_7InverseIS9_EELin1ELi1ELb1EEELin1ELi1ELb1EEEEENS0_10IndexBasedESP_ddE4DataC2ERKSO_
                0x0380d148      0x124 build/src/main.o
                0x0380d148                Eigen::internal::binary_evaluator<Eigen::CwiseBinaryOp<Eigen::internal::scalar_conj_product_op<double, double>, Eigen::Transpose<Eigen::Block<Eigen::Product<Eigen::Matrix<double, -1, -1, 0, -1, -1>, Eigen::Transpose<Eigen::Matrix<double, -1, -1, 0, -1, -1> >, 0> const, 1, -1, false> const> const, Eigen::Block<Eigen::Block<Eigen::Inverse<Eigen::Matrix<double, -1, -1, 0, -1, -1> > const, -1, 1, true> const, -1, 1, true> const>, Eigen::internal::IndexBased, Eigen::internal::IndexBased, double, double>::Data::Data(Eigen::CwiseBinaryOp<Eigen::internal::scalar_conj_product_op<double, double>, Eigen::Transpose<Eigen::Block<Eigen::Product<Eigen::Matrix<double, -1, -1, 0, -1, -1>, Eigen::Transpose<Eigen::Matrix<double, -1, -1, 0, -1, -1> >, 0> const, 1, -1, false> const> const, Eigen::Block<Eigen::Block<Eigen::Inverse<Eigen::Matrix<double, -1, -1, 0, -1, -1> > const, -1, 1, true> const, -1, 1, true> const> const&)
 .text._ZN5Eigen8internal15unary_evaluatorINS_7InverseINS_6MatrixIdLin1ELin1ELi0ELin1ELin1EEEEENS0_10IndexBasedEdEC2ERKS5_
                0x0380d26c       0xd4 build/src/main.o
                0x0380d26c                Eigen::internal::unary_evaluator<Eigen::Inverse<Eigen::Matrix<double, -1, -1, 0, -1, -1> >, Eigen::internal::IndexBased, double>::unary_evaluator(Eigen::Inverse<Eigen::Matrix<double, -1, -1, 0, -1, -1> > const&)
 .text._ZN5Eigen8internal26call_dense_assignment_loopINS_6MatrixIdLin1ELi1ELi0ELin1ELi1EEENS_5BlockIKNS_7InverseINS2_IdLin1ELin1ELi0ELin1ELin1EEEEELin1ELi1ELb1EEENS0_9assign_opIddEEEEvRT_RKT0_RKT1_
                0x0380d340      0x134 build/src/main.o
                0x0380d340                void Eigen::internal::call_dense_assignment_loop<Eigen::Matrix<double, -1, 1, 0, -1, 1>, Eigen::Block<Eigen::Inverse<Eigen::Matrix<double, -1, -1, 0, -1, -1> > const, -1, 1, true>, Eigen::internal::assign_op<double, double> >(Eigen::Matrix<double, -1, 1, 0, -1, 1>&, Eigen::Block<Eigen::Inverse<Eigen::Matrix<double, -1, -1, 0, -1, -1> > const, -1, 1, true> const&, Eigen::internal::assign_op<double, double> const&)
 .text._ZNK5Eigen9DenseBaseINS_13CwiseBinaryOpINS_8internal22scalar_conj_product_opIddEEKNS_9TransposeIKNS_5BlockIKNS6_IKNS_7ProductINS_6MatrixIdLin1ELin1ELi0ELin1ELin1EEENS5_IS9_EELi0EEELi1ELin1ELb0EEELi1ELin1ELb1EEEEEKNS6_IKNS_7InverseIS9_EELin1ELi1ELb1EEEEEE5reduxINS2_13scalar_sum_opIddEEEEdRKT_
                0x0380d474      0x130 build/src/main.o
                0x0380d474                double Eigen::DenseBase<Eigen::CwiseBinaryOp<Eigen::internal::scalar_conj_product_op<double, double>, Eigen::Transpose<Eigen::Block<Eigen::Block<Eigen::Product<Eigen::Matrix<double, -1, -1, 0, -1, -1>, Eigen::Transpose<Eigen::Matrix<double, -1, -1, 0, -1, -1> >, 0> const, 1, -1, false> const, 1, -1, true> const> const, Eigen::Block<Eigen::Inverse<Eigen::Matrix<double, -1, -1, 0, -1, -1> > const, -1, 1, true> const> >::redux<Eigen::internal::scalar_sum_op<double, double> >(Eigen::internal::scalar_sum_op<double, double> const&) const
 .text._ZN5Eigen8internal16binary_evaluatorINS_13CwiseBinaryOpINS0_22scalar_conj_product_opIddEEKNS_9TransposeIKNS_5BlockIKNS6_IKNS_7ProductINS_6MatrixIdLin1ELin1ELi0ELin1ELin1EEENS5_IS9_EELi0EEELi1ELin1ELb0EEELi1ELin1ELb1EEEEEKNS6_IKNS_7InverseIS9_EELin1ELi1ELb1EEEEENS0_10IndexBasedESP_ddE4DataC2ERKSO_
                0x0380d5a4      0x124 build/src/main.o
                0x0380d5a4                Eigen::internal::binary_evaluator<Eigen::CwiseBinaryOp<Eigen::internal::scalar_conj_product_op<double, double>, Eigen::Transpose<Eigen::Block<Eigen::Block<Eigen::Product<Eigen::Matrix<double, -1, -1, 0, -1, -1>, Eigen::Transpose<Eigen::Matrix<double, -1, -1, 0, -1, -1> >, 0> const, 1, -1, false> const, 1, -1, true> const> const, Eigen::Block<Eigen::Inverse<Eigen::Matrix<double, -1, -1, 0, -1, -1> > const, -1, 1, true> const>, Eigen::internal::IndexBased, Eigen::internal::IndexBased, double, double>::Data::Data(Eigen::CwiseBinaryOp<Eigen::internal::scalar_conj_product_op<double, double>, Eigen::Transpose<Eigen::Block<Eigen::Block<Eigen::Product<Eigen::Matrix<double, -1, -1, 0, -1, -1>, Eigen::Transpose<Eigen::Matrix<double, -1, -1, 0, -1, -1> >, 0> const, 1, -1, false> const, 1, -1, true> const> const, Eigen::Block<Eigen::Inverse<Eigen::Matrix<double, -1, -1, 0, -1, -1> > const, -1, 1, true> const> const&)
 .text._ZN5Eigen8internal26call_dense_assignment_loopINS_6MatrixIdLi1ELin1ELi1ELi1ELin1EEENS_5BlockIKNS_7ProductINS2_IdLin1ELin1ELi0ELin1ELin1EEENS_9TransposeIS6_EELi0EEELi1ELin1ELb0EEENS0_9assign_opIddEEEEvRT_RKT0_RKT1_
                0x0380d6c8      0x188 build/src/main.o
                0x0380d6c8                void Eigen::internal::call_dense_assignment_loop<Eigen::Matrix<double, 1, -1, 1, 1, -1>, Eigen::Block<Eigen::Product<Eigen::Matrix<double, -1, -1, 0, -1, -1>, Eigen::Transpose<Eigen::Matrix<double, -1, -1, 0, -1, -1> >, 0> const, 1, -1, false>, Eigen::internal::assign_op<double, double> >(Eigen::Matrix<double, 1, -1, 1, 1, -1>&, Eigen::Block<Eigen::Product<Eigen::Matrix<double, -1, -1, 0, -1, -1>, Eigen::Transpose<Eigen::Matrix<double, -1, -1, 0, -1, -1> >, 0> const, 1, -1, false> const&, Eigen::internal::assign_op<double, double> const&)
 .text._ZN5Eigen8internal19gemv_dense_selectorILi2ELi1ELb1EE3runINS_9TransposeIKNS_6MatrixIdLin1ELin1ELi0ELin1ELin1EEEEENS4_IKNS5_IdLi1ELin1ELi1ELi1ELin1EEEEENS4_INS_5BlockIS6_Li1ELin1ELb0EEEEEEEvRKT_RKT0_RT1_RKNSL_6ScalarE
                0x0380d850      0x15c build/src/main.o
                0x0380d850                void Eigen::internal::gemv_dense_selector<2, 1, true>::run<Eigen::Transpose<Eigen::Matrix<double, -1, -1, 0, -1, -1> const>, Eigen::Transpose<Eigen::Matrix<double, 1, -1, 1, 1, -1> const>, Eigen::Transpose<Eigen::Block<Eigen::Matrix<double, -1, -1, 0, -1, -1>, 1, -1, false> > >(Eigen::Transpose<Eigen::Matrix<double, -1, -1, 0, -1, -1> const> const&, Eigen::Transpose<Eigen::Matrix<double, 1, -1, 1, 1, -1> const> const&, Eigen::Transpose<Eigen::Block<Eigen::Matrix<double, -1, -1, 0, -1, -1>, 1, -1, false> >&, Eigen::Transpose<Eigen::Block<Eigen::Matrix<double, -1, -1, 0, -1, -1>, 1, -1, false> >::Scalar const&)
 .text._ZN5Eigen15PlainObjectBaseINS_6MatrixIdLin1ELin1ELi0ELin1ELin1EEEEC2INS_7ProductIS2_NS_9TransposeIS2_EELi0EEEEERKNS_9DenseBaseIT_EE
                0x0380d9ac      0x160 build/src/main.o
                0x0380d9ac                Eigen::PlainObjectBase<Eigen::Matrix<double, -1, -1, 0, -1, -1> >::PlainObjectBase<Eigen::Product<Eigen::Matrix<double, -1, -1, 0, -1, -1>, Eigen::Transpose<Eigen::Matrix<double, -1, -1, 0, -1, -1> >, 0> >(Eigen::DenseBase<Eigen::Product<Eigen::Matrix<double, -1, -1, 0, -1, -1>, Eigen::Transpose<Eigen::Matrix<double, -1, -1, 0, -1, -1> >, 0> > const&)
 .text._ZN5Eigen8internal20generic_product_implINS_6MatrixIdLin1ELin1ELi0ELin1ELin1EEENS2_IdLin1ELi1ELi0ELin1ELi1EEENS_10DenseShapeES5_Li7EE13scaleAndAddToINS2_IdLi3ELi1ELi0ELi3ELi1EEEEEvRT_RKS3_RKS4_RKd
                0x0380db0c      0x168 build/src/main.o
                0x0380db0c                void Eigen::internal::generic_product_impl<Eigen::Matrix<double, -1, -1, 0, -1, -1>, Eigen::Matrix<double, -1, 1, 0, -1, 1>, Eigen::DenseShape, Eigen::DenseShape, 7>::scaleAndAddTo<Eigen::Matrix<double, 3, 1, 0, 3, 1> >(Eigen::Matrix<double, 3, 1, 0, 3, 1>&, Eigen::Matrix<double, -1, -1, 0, -1, -1> const&, Eigen::Matrix<double, -1, 1, 0, -1, 1> const&, double const&)
 .text._ZN5Eigen8internal15call_assignmentINS_6MatrixIdLin1ELin1ELi0ELin1ELin1EEENS_7ProductINS_13CwiseBinaryOpINS0_20scalar_difference_opIddEEKNS_14CwiseNullaryOpINS0_18scalar_identity_opIdEES3_EEKNS4_IS3_S3_Li0EEEEES3_Li0EEENS0_9assign_opIddEEEEvRT_RKT0_RKT1_NS0_9enable_ifIXsr25evaluator_assume_aliasingISL_EE5valueEPvE4typeE
                0x0380dc74      0x19c build/src/main.o
                0x0380dc74                _ZN5Eigen8internal15call_assignmentINS_6MatrixIdLin1ELin1ELi0ELin1ELin1EEENS_7ProductINS_13CwiseBinaryOpINS0_20scalar_difference_opIddEEKNS_14CwiseNullaryOpINS0_18scalar_identity_opIdEES3_EEKNS4_IS3_S3_Li0EEEEES3_Li0EEENS0_9assign_opIddEEEEvRT_RKT0_RKT1_NS0_9enable_ifIXsr25evaluator_assume_aliasingISL_EE5valueEPvE4typeE
 .text._ZN5Eigen8internal20generic_product_implINS_13CwiseBinaryOpINS0_20scalar_difference_opIddEEKNS_14CwiseNullaryOpINS0_18scalar_identity_opIdEENS_6MatrixIdLin1ELin1ELi0ELin1ELin1EEEEEKNS_7ProductIS9_S9_Li0EEEEES9_NS_10DenseShapeESG_Li8EE6evalToIS9_EEvRT_RKSF_RKS9_
                0x0380de10      0x110 build/src/main.o
                0x0380de10                void Eigen::internal::generic_product_impl<Eigen::CwiseBinaryOp<Eigen::internal::scalar_difference_op<double, double>, Eigen::CwiseNullaryOp<Eigen::internal::scalar_identity_op<double>, Eigen::Matrix<double, -1, -1, 0, -1, -1> > const, Eigen::Product<Eigen::Matrix<double, -1, -1, 0, -1, -1>, Eigen::Matrix<double, -1, -1, 0, -1, -1>, 0> const>, Eigen::Matrix<double, -1, -1, 0, -1, -1>, Eigen::DenseShape, Eigen::DenseShape, 8>::evalTo<Eigen::Matrix<double, -1, -1, 0, -1, -1> >(Eigen::Matrix<double, -1, -1, 0, -1, -1>&, Eigen::CwiseBinaryOp<Eigen::internal::scalar_difference_op<double, double>, Eigen::CwiseNullaryOp<Eigen::internal::scalar_identity_op<double>, Eigen::Matrix<double, -1, -1, 0, -1, -1> > const, Eigen::Product<Eigen::Matrix<double, -1, -1, 0, -1, -1>, Eigen::Matrix<double, -1, -1, 0, -1, -1>, 0> const> const&, Eigen::Matrix<double, -1, -1, 0, -1, -1> const&)
 .text._ZN5Eigen8internal20generic_product_implINS_13CwiseBinaryOpINS0_20scalar_difference_opIddEEKNS_14CwiseNullaryOpINS0_18scalar_identity_opIdEENS_6MatrixIdLin1ELin1ELi0ELin1ELin1EEEEEKNS_7ProductIS9_S9_Li0EEEEES9_NS_10DenseShapeESG_Li8EE13scaleAndAddToIS9_EEvRT_RKSF_RKS9_RKd
                0x0380df20      0x2b0 build/src/main.o
                0x0380df20                void Eigen::internal::generic_product_impl<Eigen::CwiseBinaryOp<Eigen::internal::scalar_difference_op<double, double>, Eigen::CwiseNullaryOp<Eigen::internal::scalar_identity_op<double>, Eigen::Matrix<double, -1, -1, 0, -1, -1> > const, Eigen::Product<Eigen::Matrix<double, -1, -1, 0, -1, -1>, Eigen::Matrix<double, -1, -1, 0, -1, -1>, 0> const>, Eigen::Matrix<double, -1, -1, 0, -1, -1>, Eigen::DenseShape, Eigen::DenseShape, 8>::scaleAndAddTo<Eigen::Matrix<double, -1, -1, 0, -1, -1> >(Eigen::Matrix<double, -1, -1, 0, -1, -1>&, Eigen::CwiseBinaryOp<Eigen::internal::scalar_difference_op<double, double>, Eigen::CwiseNullaryOp<Eigen::internal::scalar_identity_op<double>, Eigen::Matrix<double, -1, -1, 0, -1, -1> > const, Eigen::Product<Eigen::Matrix<double, -1, -1, 0, -1, -1>, Eigen::Matrix<double, -1, -1, 0, -1, -1>, 0> const> const&, Eigen::Matrix<double, -1, -1, 0, -1, -1> const&, double const&)
 .text._ZN5Eigen8internal42call_restricted_packet_assignment_no_aliasINS_6MatrixIdLin1ELin1ELi0ELin1ELin1EEENS_7ProductINS_13CwiseBinaryOpINS0_20scalar_difference_opIddEEKNS_14CwiseNullaryOpINS0_18scalar_identity_opIdEES3_EEKNS4_IS3_S3_Li0EEEEES3_Li1EEENS0_9assign_opIddEEEEvRT_RKT0_RKT1_
                0x0380e1d0      0x1a4 build/src/main.o
                0x0380e1d0                void Eigen::internal::call_restricted_packet_assignment_no_alias<Eigen::Matrix<double, -1, -1, 0, -1, -1>, Eigen::Product<Eigen::CwiseBinaryOp<Eigen::internal::scalar_difference_op<double, double>, Eigen::CwiseNullaryOp<Eigen::internal::scalar_identity_op<double>, Eigen::Matrix<double, -1, -1, 0, -1, -1> > const, Eigen::Product<Eigen::Matrix<double, -1, -1, 0, -1, -1>, Eigen::Matrix<double, -1, -1, 0, -1, -1>, 0> const>, Eigen::Matrix<double, -1, -1, 0, -1, -1>, 1>, Eigen::internal::assign_op<double, double> >(Eigen::Matrix<double, -1, -1, 0, -1, -1>&, Eigen::Product<Eigen::CwiseBinaryOp<Eigen::internal::scalar_difference_op<double, double>, Eigen::CwiseNullaryOp<Eigen::internal::scalar_identity_op<double>, Eigen::Matrix<double, -1, -1, 0, -1, -1> > const, Eigen::Product<Eigen::Matrix<double, -1, -1, 0, -1, -1>, Eigen::Matrix<double, -1, -1, 0, -1, -1>, 0> const>, Eigen::Matrix<double, -1, -1, 0, -1, -1>, 1> const&, Eigen::internal::assign_op<double, double> const&)
 .text._ZN5Eigen8internal30assignment_from_xpr_op_productINS_6MatrixIdLin1ELin1ELi0ELin1ELin1EEENS_14CwiseNullaryOpINS0_18scalar_identity_opIdEES3_EENS_7ProductIS3_S3_Li0EEENS0_9assign_opIddEENS0_13sub_assign_opIddEEE3runINS_13CwiseBinaryOpINS0_20scalar_difference_opIddEEKS7_KS9_EESB_EEvRS3_RKT_RKT0_
                0x0380e374      0x168 build/src/main.o
                0x0380e374                void Eigen::internal::assignment_from_xpr_op_product<Eigen::Matrix<double, -1, -1, 0, -1, -1>, Eigen::CwiseNullaryOp<Eigen::internal::scalar_identity_op<double>, Eigen::Matrix<double, -1, -1, 0, -1, -1> >, Eigen::Product<Eigen::Matrix<double, -1, -1, 0, -1, -1>, Eigen::Matrix<double, -1, -1, 0, -1, -1>, 0>, Eigen::internal::assign_op<double, double>, Eigen::internal::sub_assign_op<double, double> >::run<Eigen::CwiseBinaryOp<Eigen::internal::scalar_difference_op<double, double>, Eigen::CwiseNullaryOp<Eigen::internal::scalar_identity_op<double>, Eigen::Matrix<double, -1, -1, 0, -1, -1> > const, Eigen::Product<Eigen::Matrix<double, -1, -1, 0, -1, -1>, Eigen::Matrix<double, -1, -1, 0, -1, -1>, 0> const>, Eigen::internal::assign_op<double, double> >(Eigen::Matrix<double, -1, -1, 0, -1, -1>&, Eigen::CwiseBinaryOp<Eigen::internal::scalar_difference_op<double, double>, Eigen::CwiseNullaryOp<Eigen::internal::scalar_identity_op<double>, Eigen::Matrix<double, -1, -1, 0, -1, -1> > const, Eigen::Product<Eigen::Matrix<double, -1, -1, 0, -1, -1>, Eigen::Matrix<double, -1, -1, 0, -1, -1>, 0> const> const&, Eigen::internal::assign_op<double, double> const&)
 .text._ZN5Eigen8internal20generic_product_implINS_6MatrixIdLin1ELin1ELi0ELin1ELin1EEES3_NS_10DenseShapeES4_Li8EE5subToIS3_EEvRT_RKS3_SA_
                0x0380e4dc      0x148 build/src/main.o
                0x0380e4dc                void Eigen::internal::generic_product_impl<Eigen::Matrix<double, -1, -1, 0, -1, -1>, Eigen::Matrix<double, -1, -1, 0, -1, -1>, Eigen::DenseShape, Eigen::DenseShape, 8>::subTo<Eigen::Matrix<double, -1, -1, 0, -1, -1> >(Eigen::Matrix<double, -1, -1, 0, -1, -1>&, Eigen::Matrix<double, -1, -1, 0, -1, -1> const&, Eigen::Matrix<double, -1, -1, 0, -1, -1> const&)
 .text._ZNK5Eigen8internal17product_evaluatorINS_7ProductINS_13CwiseBinaryOpINS0_20scalar_difference_opIddEEKNS_14CwiseNullaryOpINS0_18scalar_identity_opIdEENS_6MatrixIdLin1ELin1ELi0ELin1ELin1EEEEEKNS2_ISA_SA_Li0EEEEESA_Li1EEELi8ENS_10DenseShapeESH_ddE5coeffEii
                0x0380e624      0x174 build/src/main.o
                0x0380e624                Eigen::internal::product_evaluator<Eigen::Product<Eigen::CwiseBinaryOp<Eigen::internal::scalar_difference_op<double, double>, Eigen::CwiseNullaryOp<Eigen::internal::scalar_identity_op<double>, Eigen::Matrix<double, -1, -1, 0, -1, -1> > const, Eigen::Product<Eigen::Matrix<double, -1, -1, 0, -1, -1>, Eigen::Matrix<double, -1, -1, 0, -1, -1>, 0> const>, Eigen::Matrix<double, -1, -1, 0, -1, -1>, 1>, 8, Eigen::DenseShape, Eigen::DenseShape, double, double>::coeff(int, int) const
 .text._ZN5Eigen8internal20generic_product_implINS_13CwiseBinaryOpINS0_20scalar_difference_opIddEEKNS_14CwiseNullaryOpINS0_18scalar_identity_opIdEENS_6MatrixIdLin1ELin1ELi0ELin1ELin1EEEEEKNS_7ProductIS9_S9_Li0EEEEEKNS_5BlockIKS9_Lin1ELi1ELb1EEENS_10DenseShapeESK_Li7EE13scaleAndAddToINSG_IS9_Lin1ELi1ELb1EEEEEvRT_RKSF_RSJ_RKd
                0x0380e798      0x200 build/src/main.o
                0x0380e798                void Eigen::internal::generic_product_impl<Eigen::CwiseBinaryOp<Eigen::internal::scalar_difference_op<double, double>, Eigen::CwiseNullaryOp<Eigen::internal::scalar_identity_op<double>, Eigen::Matrix<double, -1, -1, 0, -1, -1> > const, Eigen::Product<Eigen::Matrix<double, -1, -1, 0, -1, -1>, Eigen::Matrix<double, -1, -1, 0, -1, -1>, 0> const>, Eigen::Block<Eigen::Matrix<double, -1, -1, 0, -1, -1> const, -1, 1, true> const, Eigen::DenseShape, Eigen::DenseShape, 7>::scaleAndAddTo<Eigen::Block<Eigen::Matrix<double, -1, -1, 0, -1, -1>, -1, 1, true> >(Eigen::Block<Eigen::Matrix<double, -1, -1, 0, -1, -1>, -1, 1, true>&, Eigen::CwiseBinaryOp<Eigen::internal::scalar_difference_op<double, double>, Eigen::CwiseNullaryOp<Eigen::internal::scalar_identity_op<double>, Eigen::Matrix<double, -1, -1, 0, -1, -1> > const, Eigen::Product<Eigen::Matrix<double, -1, -1, 0, -1, -1>, Eigen::Matrix<double, -1, -1, 0, -1, -1>, 0> const> const&, Eigen::Block<Eigen::Matrix<double, -1, -1, 0, -1, -1> const, -1, 1, true> const&, double const&)
 .text._ZN5Eigen8internal20generic_product_implIKNS_5BlockIKNS_13CwiseBinaryOpINS0_20scalar_difference_opIddEEKNS_14CwiseNullaryOpINS0_18scalar_identity_opIdEENS_6MatrixIdLin1ELin1ELi0ELin1ELin1EEEEEKNS_7ProductISA_SA_Li0EEEEELi1ELin1ELb0EEESA_NS_10DenseShapeESK_Li7EE13scaleAndAddToINS2_ISA_Li1ELin1ELb0EEEEEvRT_RSJ_RKSA_RKd
                0x0380e998      0x19c build/src/main.o
                0x0380e998                void Eigen::internal::generic_product_impl<Eigen::Block<Eigen::CwiseBinaryOp<Eigen::internal::scalar_difference_op<double, double>, Eigen::CwiseNullaryOp<Eigen::internal::scalar_identity_op<double>, Eigen::Matrix<double, -1, -1, 0, -1, -1> > const, Eigen::Product<Eigen::Matrix<double, -1, -1, 0, -1, -1>, Eigen::Matrix<double, -1, -1, 0, -1, -1>, 0> const> const, 1, -1, false> const, Eigen::Matrix<double, -1, -1, 0, -1, -1>, Eigen::DenseShape, Eigen::DenseShape, 7>::scaleAndAddTo<Eigen::Block<Eigen::Matrix<double, -1, -1, 0, -1, -1>, 1, -1, false> >(Eigen::Block<Eigen::Matrix<double, -1, -1, 0, -1, -1>, 1, -1, false>&, Eigen::Block<Eigen::CwiseBinaryOp<Eigen::internal::scalar_difference_op<double, double>, Eigen::CwiseNullaryOp<Eigen::internal::scalar_identity_op<double>, Eigen::Matrix<double, -1, -1, 0, -1, -1> > const, Eigen::Product<Eigen::Matrix<double, -1, -1, 0, -1, -1>, Eigen::Matrix<double, -1, -1, 0, -1, -1>, 0> const> const, 1, -1, false> const&, Eigen::Matrix<double, -1, -1, 0, -1, -1> const&, double const&)
 .text._ZNK5Eigen9DenseBaseINS_13CwiseBinaryOpINS_8internal22scalar_conj_product_opIddEEKNS_9TransposeIKNS_5BlockIKNS1_INS2_20scalar_difference_opIddEEKNS_14CwiseNullaryOpINS2_18scalar_identity_opIdEENS_6MatrixIdLin1ELin1ELi0ELin1ELin1EEEEEKNS_7ProductISD_SD_Li0EEEEELi1ELin1ELb0EEEEEKNS6_IKNS6_IKSD_Lin1ELi1ELb1EEELin1ELi1ELb1EEEEEE5reduxINS2_13scalar_sum_opIddEEEEdRKT_
                0x0380eb34      0x1fc build/src/main.o
                0x0380eb34                double Eigen::DenseBase<Eigen::CwiseBinaryOp<Eigen::internal::scalar_conj_product_op<double, double>, Eigen::Transpose<Eigen::Block<Eigen::CwiseBinaryOp<Eigen::internal::scalar_difference_op<double, double>, Eigen::CwiseNullaryOp<Eigen::internal::scalar_identity_op<double>, Eigen::Matrix<double, -1, -1, 0, -1, -1> > const, Eigen::Product<Eigen::Matrix<double, -1, -1, 0, -1, -1>, Eigen::Matrix<double, -1, -1, 0, -1, -1>, 0> const> const, 1, -1, false> const> const, Eigen::Block<Eigen::Block<Eigen::Matrix<double, -1, -1, 0, -1, -1> const, -1, 1, true> const, -1, 1, true> const> >::redux<Eigen::internal::scalar_sum_op<double, double> >(Eigen::internal::scalar_sum_op<double, double> const&) const